Archive member included to satisfy reference by file (symbol)

libopencm3/lib\libopencm3_stm32f1.a(adc.o)
                              obj/anain.o (adc_power_on)
libopencm3/lib\libopencm3_stm32f1.a(adc_common_v1.o)
                              obj/anain.o (adc_power_off)
libopencm3/lib\libopencm3_stm32f1.a(can.o)
                              obj/stm32_can.o (can_reset)
libopencm3/lib\libopencm3_stm32f1.a(crc_common_all.o)
                              obj/hwinit.o (crc_reset)
libopencm3/lib\libopencm3_stm32f1.a(desig_common_v1.o)
                              obj/hwinit.o (desig_get_flash_size)
libopencm3/lib\libopencm3_stm32f1.a(dma_common_l1f013.o)
                              obj/terminal.o (dma_channel_reset)
libopencm3/lib\libopencm3_stm32f1.a(flash.o)
                              obj/hwinit.o (flash_erase_page)
libopencm3/lib\libopencm3_stm32f1.a(flash_common_all.o)
                              obj/canmap.o (flash_set_ws)
libopencm3/lib\libopencm3_stm32f1.a(flash_common_f.o)
                              obj/hwinit.o (flash_unlock)
libopencm3/lib\libopencm3_stm32f1.a(flash_common_f01.o)
                              libopencm3/lib\libopencm3_stm32f1.a(flash.o) (flash_clear_pgerr_flag)
libopencm3/lib\libopencm3_stm32f1.a(gpio.o)
                              obj/hwinit.o (gpio_set_mode)
libopencm3/lib\libopencm3_stm32f1.a(gpio_common_all.o)
                              obj/main.o (gpio_set)
libopencm3/lib\libopencm3_stm32f1.a(iwdg_common_all.o)
                              obj/main.o (iwdg_reset)
libopencm3/lib\libopencm3_stm32f1.a(rcc.o)
                              obj/stm32scheduler.o (rcc_apb1_frequency)
libopencm3/lib\libopencm3_stm32f1.a(rcc_common_all.o)
                              obj/hwinit.o (rcc_periph_clock_enable)
libopencm3/lib\libopencm3_stm32f1.a(rtc.o)
                              obj/main.o (rtc_get_counter_val)
libopencm3/lib\libopencm3_stm32f1.a(spi_common_all.o)
                              obj/hwinit.o (spi_reset)
libopencm3/lib\libopencm3_stm32f1.a(spi_common_v1.o)
                              obj/hwinit.o (spi_init_master)
libopencm3/lib\libopencm3_stm32f1.a(timer_common_all.o)
                              obj/stm32scheduler.o (timer_enable_irq)
libopencm3/lib\libopencm3_stm32f1.a(usart_common_all.o)
                              obj/hwinit.o (usart_set_baudrate)
libopencm3/lib\libopencm3_stm32f1.a(usart_common_f124.o)
                              libopencm3/lib\libopencm3_stm32f1.a(usart_common_all.o) (usart_send)
libopencm3/lib\libopencm3_stm32f1.a(vector.o)
                              (reset_handler)
libopencm3/lib\libopencm3_stm32f1.a(scb.o)
                              obj/terminalcommands.o (scb_reset_system)
libopencm3/lib\libopencm3_stm32f1.a(nvic.o)
                              obj/hwinit.o (nvic_enable_irq)
libopencm3/lib\libopencm3_stm32f1.a(assert.o)
                              libopencm3/lib\libopencm3_stm32f1.a(rcc.o) (cm3_assert_failed)
libopencm3/lib\libopencm3_stm32f1.a(pwr_common_v1.o)
                              libopencm3/lib\libopencm3_stm32f1.a(rtc.o) (pwr_disable_backup_domain_write_protect)
C:/msys64/mingw64/bin/../lib/gcc/arm-none-eabi/13.3.0/thumb/v7/nofp\libgcc.a(_arm_muldf3.o)
                              obj/BatMan.o (__aeabi_dmul)
C:/msys64/mingw64/bin/../lib/gcc/arm-none-eabi/13.3.0/thumb/v7/nofp\libgcc.a(_arm_mulsf3.o)
                              obj/params.o (__aeabi_fmul)
C:/msys64/mingw64/bin/../lib/gcc/arm-none-eabi/13.3.0/thumb/v7/nofp\libgcc.a(_arm_addsubdf3.o)
                              obj/BatMan.o (__aeabi_dsub)
C:/msys64/mingw64/bin/../lib/gcc/arm-none-eabi/13.3.0/thumb/v7/nofp\libgcc.a(_arm_muldivdf3.o)
                              obj/BatMan.o (__aeabi_ddiv)
C:/msys64/mingw64/bin/../lib/gcc/arm-none-eabi/13.3.0/thumb/v7/nofp\libgcc.a(_arm_fixdfsi.o)
                              obj/BatMan.o (__aeabi_d2iz)
C:/msys64/mingw64/bin/../lib/gcc/arm-none-eabi/13.3.0/thumb/v7/nofp\libgcc.a(_arm_fixunsdfsi.o)
                              obj/BatMan.o (__aeabi_d2uiz)
C:/msys64/mingw64/bin/../lib/gcc/arm-none-eabi/13.3.0/thumb/v7/nofp\libgcc.a(_arm_truncdfsf2.o)
                              obj/BatMan.o (__aeabi_d2f)
C:/msys64/mingw64/bin/../lib/gcc/arm-none-eabi/13.3.0/thumb/v7/nofp\libgcc.a(_arm_addsubsf3.o)
                              obj/picontroller.o (__aeabi_fsub)
C:/msys64/mingw64/bin/../lib/gcc/arm-none-eabi/13.3.0/thumb/v7/nofp\libgcc.a(_arm_muldivsf3.o)
                              obj/main.o (__aeabi_fdiv)
C:/msys64/mingw64/bin/../lib/gcc/arm-none-eabi/13.3.0/thumb/v7/nofp\libgcc.a(_arm_cmpsf2.o)
                              obj/picontroller.o (__aeabi_fcmpeq)
C:/msys64/mingw64/bin/../lib/gcc/arm-none-eabi/13.3.0/thumb/v7/nofp\libgcc.a(_arm_fixsfsi.o)
                              obj/params.o (__aeabi_f2iz)
C:/msys64/mingw64/bin/../lib/gcc/arm-none-eabi/13.3.0/thumb/v7/nofp\libgcc.a(_arm_fixunssfsi.o)
                              obj/BMSUtil.o (__aeabi_f2uiz)
[...]
Memory Configuration

Name             Origin             Length             Attributes
rom              0x08001000         0x0001e000         xr
ram              0x20000000         0x00005000         xrw
*default*        0x00000000         0xffffffff

Linker script and memory map

LOAD obj/main.o
LOAD obj/hwinit.o
LOAD obj/stm32scheduler.o
LOAD obj/params.o
LOAD obj/terminal.o
LOAD obj/terminal_prj.o
LOAD obj/my_string.o
LOAD obj/digio.o
LOAD obj/sine_core.o
LOAD obj/my_fp.o
LOAD obj/printf.o
LOAD obj/anain.o
LOAD obj/bmw_sbox.o
LOAD obj/isa_shunt.o
LOAD obj/param_save.o
LOAD obj/errormessage.o
LOAD obj/stm32_can.o
LOAD obj/canhardware.o
LOAD obj/canmap.o
LOAD obj/picontroller.o
LOAD obj/terminalcommands.o
LOAD obj/BatMan.o
LOAD obj/ModelS.o
LOAD obj/cansdo.o
LOAD obj/BMSUtil.o
LOAD libopencm3/lib\libopencm3_stm32f1.a
START GROUP
LOAD C:/msys64/mingw64/bin/../lib/gcc/arm-none-eabi/13.3.0/thumb/v7/nofp\libgcc.a
LOAD C:/msys64/mingw64/bin/../lib/gcc/arm-none-eabi/13.3.0/../../../../arm-none-eabi/lib/thumb/v7/nofp\libc.a
END GROUP

.text           0x08001000     0x947c
 *(.vectors)
 .vectors       0x08001000      0x150 libopencm3/lib\libopencm3_stm32f1.a(vector.o)
                0x08001000                vector_table
 *(.text*)
 .text._ZN23FunctionPointerCallback8HandleRxEmPmh
                0x08001150       0x10 obj/main.o
                0x08001150                FunctionPointerCallback::HandleRx(unsigned long, unsigned long*, unsigned char)
 .text._ZN23FunctionPointerCallback11HandleClearEv
                0x08001160        0x8 obj/main.o
                0x08001160                FunctionPointerCallback::HandleClear()
 .text._ZL9Ms200Taskv
                0x08001168        0x2 obj/main.o
 *fill*         0x0800116a        0x2 
 .text._ZL13SetCanFiltersv
                0x0800116c       0x4c obj/main.o
 .text._ZL8Ms10Taskv
                0x080011b8        0xc obj/main.o
 .text._ZN5DigIo3GetEv
                0x080011c4       0x1c obj/main.o
                0x080011c4                DigIo::Get()
 .text.__cxa_pure_virtual
                0x080011e0        0x2 obj/main.o
                0x080011e0                __cxa_pure_virtual
 *fill*         0x080011e2        0x2 
 .text.Can_Tasks
                0x080011e4       0x4c obj/main.o
                0x080011e4                Can_Tasks
 .text._ZL9Ms100Taskv
                0x08001230      0x174 obj/main.o
 .text._Z9DecodeCANiPm
                0x080013a4       0x14 obj/main.o
                0x080013a4                DecodeCAN(int, unsigned long*)
 .text._ZL11CanCallbackmPmh
                0x080013b8       0x44 obj/main.o
 .text._ZN5Param6ChangeENS_9PARAM_NUME
                0x080013fc       0x38 obj/main.o
                0x080013fc                Param::Change(Param::PARAM_NUM)
 .text.tim2_isr
                0x08001434       0x10 obj/main.o
                0x08001434                tim2_isr
 .text.main     0x08001444      0x2b4 obj/main.o
                0x08001444                main
 .text.clock_setup
                0x080016f8       0x8c obj/hwinit.o
                0x080016f8                clock_setup
 .text.write_bootloader_pininit
                0x08001784       0x90 obj/hwinit.o
                0x08001784                write_bootloader_pininit
 .text.nvic_setup
                0x08001814       0x12 obj/hwinit.o
                0x08001814                nvic_setup
 .text.rtc_setup
                0x08001826       0x14 obj/hwinit.o
                0x08001826                rtc_setup
 *fill*         0x0800183a        0x2 
 .text.spi1_setup
                0x0800183c       0x94 obj/hwinit.o
                0x0800183c                spi1_setup
 .text.usart1_setup
                0x080018d0       0x58 obj/hwinit.o
                0x080018d0                usart1_setup
 .text.tim3_setup
                0x08001928       0xc8 obj/hwinit.o
                0x08001928                tim3_setup
 .text._ZN14Stm32SchedulerC2Em
                0x080019f0       0x48 obj/stm32scheduler.o
                0x080019f0                Stm32Scheduler::Stm32Scheduler(unsigned long)
                0x080019f0                Stm32Scheduler::Stm32Scheduler(unsigned long)
 .text._ZN14Stm32Scheduler7AddTaskEPFvvEt
                0x08001a38       0x6c obj/stm32scheduler.o
                0x08001a38                Stm32Scheduler::AddTask(void (*)(), unsigned short)
 .text._ZN14Stm32Scheduler3RunEv
                0x08001aa4       0x70 obj/stm32scheduler.o
                0x08001aa4                Stm32Scheduler::Run()
 .text._ZN14Stm32Scheduler10GetCpuLoadEv
                0x08001b14       0x30 obj/stm32scheduler.o
                0x08001b14                Stm32Scheduler::GetCpuLoad()
 .text._ZN5Param3SetENS_9PARAM_NUMEl
                0x08001b44       0x3c obj/params.o
                0x08001b44                Param::Set(Param::PARAM_NUM, long)
 .text._ZN5Param3GetENS_9PARAM_NUME
                0x08001b80        0xc obj/params.o
                0x08001b80                Param::Get(Param::PARAM_NUM)
 .text._ZN5Param6GetIntENS_9PARAM_NUME
                0x08001b8c       0x10 obj/params.o
                0x08001b8c                Param::GetInt(Param::PARAM_NUM)
 .text._ZN5Param8GetFloatENS_9PARAM_NUME
                0x08001b9c       0x1c obj/params.o
                0x08001b9c                Param::GetFloat(Param::PARAM_NUM)
 .text._ZN5Param6SetIntENS_9PARAM_NUMEi
                0x08001bb8       0x10 obj/params.o
                0x08001bb8                Param::SetInt(Param::PARAM_NUM, int)
 .text._ZN5Param8SetFixedENS_9PARAM_NUMEl
                0x08001bc8        0xc obj/params.o
                0x08001bc8                Param::SetFixed(Param::PARAM_NUM, long)
 .text._ZN5Param8SetFloatENS_9PARAM_NUMEf
                0x08001bd4       0x20 obj/params.o
                0x08001bd4                Param::SetFloat(Param::PARAM_NUM, float)
 .text._ZN5Param13NumFromStringEPKc
                0x08001bf4       0x28 obj/params.o
                0x08001bf4                Param::NumFromString(char const*)
 .text._ZN5Param9NumFromIdEm
                0x08001c1c       0x20 obj/params.o
                0x08001c1c                Param::NumFromId(unsigned long)
 .text._ZN5Param9GetAttribENS_9PARAM_NUME
                0x08001c3c       0x10 obj/params.o
                0x08001c3c                Param::GetAttrib(Param::PARAM_NUM)
 .text._ZN5Param12LoadDefaultsEv
                0x08001c4c       0x28 obj/params.o
                0x08001c4c                Param::LoadDefaults()
 .text._ZN5Param11SetFlagsRawENS_9PARAM_NUMEh
                0x08001c74        0xc obj/params.o
                0x08001c74                Param::SetFlagsRaw(Param::PARAM_NUM, unsigned char)
 .text._ZN5Param7SetFlagENS_9PARAM_NUMENS_10PARAM_FLAGE
                0x08001c80       0x10 obj/params.o
                0x08001c80                Param::SetFlag(Param::PARAM_NUM, Param::PARAM_FLAG)
 .text._ZN5Param9ClearFlagENS_9PARAM_NUMENS_10PARAM_FLAGE
                0x08001c90       0x10 obj/params.o
                0x08001c90                Param::ClearFlag(Param::PARAM_NUM, Param::PARAM_FLAG)
 .text._ZN5Param7GetFlagENS_9PARAM_NUME
                0x08001ca0        0xc obj/params.o
                0x08001ca0                Param::GetFlag(Param::PARAM_NUM)
 .text._ZN5Param7GetTypeENS_9PARAM_NUME
                0x08001cac       0x14 obj/params.o
                0x08001cac                Param::GetType(Param::PARAM_NUM)
 .text._ZN8Terminal10KeyPressedEv
                0x08001cc0        0xc obj/terminal.o
                0x08001cc0                Terminal::KeyPressed()
 .text._ZN8Terminal10FlushInputEv
                0x08001ccc        0xa obj/terminal.o
                0x08001ccc                Terminal::FlushInput()
 .text._ZN8Terminal8ResetDMAEv
                0x08001cd6       0x34 obj/terminal.o
                0x08001cd6                Terminal::ResetDMA()
 *fill*         0x08001d0a        0x2 
 .text._ZN8TerminalC2EmPK8TERM_CMDbbb
                0x08001d0c      0x164 obj/terminal.o
                0x08001d0c                Terminal::Terminal(unsigned long, TERM_CMD const*, bool, bool, bool)
                0x08001d0c                Terminal::Terminal(unsigned long, TERM_CMD const*, bool, bool, bool)
 .text._ZN8Terminal9CmdLookupEPc
                0x08001e70       0x2a obj/terminal.o
                0x08001e70                Terminal::CmdLookup(char*)
 .text._ZN8Terminal17SendCurrentBufferEm
                0x08001e9a       0x82 obj/terminal.o
                0x08001e9a                Terminal::SendCurrentBuffer(unsigned long)
 .text._ZN8Terminal7PutCharEc
                0x08001f1c       0x4c obj/terminal.o
                0x08001f1c                Terminal::PutChar(char)
 .text._ZN8Terminal10SendBinaryEPKhm
                0x08001f68       0x32 obj/terminal.o
                0x08001f68                Terminal::SendBinary(unsigned char const*, unsigned long)
 .text._ZN8Terminal4SendEPKc
                0x08001f9a       0x18 obj/terminal.o
                0x08001f9a                Terminal::Send(char const*)
 *fill*         0x08001fb2        0x2 
 .text._ZN8Terminal10EnableUartEPc
                0x08001fb4       0x70 obj/terminal.o
                0x08001fb4                Terminal::EnableUart(char*)
 .text._ZN8Terminal8FastUartEPc
                0x08002024       0x78 obj/terminal.o
                0x08002024                Terminal::FastUart(char*)
 .text._ZN8Terminal4EchoEPc
                0x0800209c       0x3c obj/terminal.o
                0x0800209c                Terminal::Echo(char*)
 .text._ZN8Terminal3RunEv
                0x080020d8      0x190 obj/terminal.o
                0x080020d8                Terminal::Run()
 .text.putchar  0x08002268       0x18 obj/terminal.o
                0x08002268                putchar
 .text._ZL4HelpP8TerminalPc
                0x08002280        0x2 obj/terminal_prj.o
 .text._ZL11PrintErrorsP8TerminalPc
                0x08002282        0x8 obj/terminal_prj.o
 *fill*         0x0800228a        0x2 
 .text._ZL11PrintSerialP8TerminalPc
                0x0800228c       0x28 obj/terminal_prj.o
 .text._ZL12LoadDefaultsP8TerminalPc
                0x080022b4       0x18 obj/terminal_prj.o
 .text._ZN16TerminalCommands15PrintParamsJsonEP8TerminalPc
                0x080022cc        0x8 obj/terminal_prj.o
                0x080022cc                TerminalCommands::PrintParamsJson(Terminal*, char*)
 .text.my_strcmp
                0x080022d4       0x1c obj/my_string.o
                0x080022d4                my_strcmp
 .text.my_strcpy
                0x080022f0       0x12 obj/my_string.o
                0x080022f0                my_strcpy
 .text.my_strlen
                0x08002302        0xe obj/my_string.o
                0x08002302                my_strlen
 .text.my_strchr
                0x08002310       0x10 obj/my_string.o
                0x08002310                my_strchr
 .text.my_ltoa  0x08002320       0x56 obj/my_string.o
                0x08002320                my_ltoa
 .text.my_atoi  0x08002376       0x30 obj/my_string.o
                0x08002376                my_atoi
 *fill*         0x080023a6        0x2 
 .text.my_trim  0x080023a8       0x54 obj/my_string.o
                0x080023a8                my_trim
 .text.memcpy32
                0x080023fc       0x16 obj/my_string.o
                0x080023fc                memcpy32
 .text.memset32
                0x08002412        0xc obj/my_string.o
                0x08002412                memset32
 .text._ZN5DigIo9ConfigureEmtN7PinMode7PinModeE
                0x0800241e       0xa6 obj/digio.o
                0x0800241e                DigIo::Configure(unsigned long, unsigned short, PinMode::PinMode)
 .text._Z41__static_initialization_and_destruction_0v
                0x080024c4       0x10 obj/sine_core.o
 .text._GLOBAL__sub_I__ZN8SineCore8minPulseE
                0x080024d4        0x8 obj/sine_core.o
 .text.fp_itoa  0x080024dc       0x5a obj/my_fp.o
                0x080024dc                fp_itoa
 .text.fp_atoi  0x08002536       0x62 obj/my_fp.o
                0x08002536                fp_atoi
 .text._ZL6printsP8IPutCharPKcii
                0x08002598       0x86 obj/printf.o
 .text._ZL6printiP8IPutChariiiiii
                0x0800261e       0xae obj/printf.o
 .text._ZN13ExternPutChar7PutCharEc
                0x080026cc        0xa obj/printf.o
                0x080026cc                ExternPutChar::PutChar(char)
 .text._ZL7printfpP8IPutChariii
                0x080026d6       0x20 obj/printf.o
 *fill*         0x080026f6        0x2 
 .text._ZL5printP8IPutCharPKcSt9__va_list
                0x080026f8      0x16c obj/printf.o
 .text._Z6printfPKcz
                0x08002864       0x28 obj/printf.o
                0x08002864                printf(char const*, ...)
 .text._Z7fprintfP8IPutCharPKcz
                0x0800288c       0x1c obj/printf.o
                0x0800288c                fprintf(IPutChar*, char const*, ...)
 .text._Z41__static_initialization_and_destruction_0v
                0x080028a8       0x1c obj/anain.o
 .text._ZN5AnaIn5StartEv
                0x080028c4       0xe8 obj/anain.o
                0x080028c4                AnaIn::Start()
 .text._ZN5AnaIn7median3Eiii
                0x080029ac       0x24 obj/anain.o
                0x080029ac                AnaIn::median3(int, int, int)
 .text._ZN5AnaIn3GetEv
                0x080029d0       0x44 obj/anain.o
                0x080029d0                AnaIn::Get()
 .text._ZN5AnaIn13AdcChFromPortEmi
                0x08002a14       0x44 obj/anain.o
                0x08002a14                AnaIn::AdcChFromPort(unsigned long, int)
 .text._ZN5AnaIn9ConfigureEmh
                0x08002a58       0x38 obj/anain.o
                0x08002a58                AnaIn::Configure(unsigned long, unsigned char)
 .text._GLOBAL__sub_I__ZN5AnaIn13channel_arrayE
                0x08002a90        0x8 obj/anain.o
 .text._ZN4SBOX19RegisterCanMessagesEP11CanHardware
                0x08002a98       0x28 obj/bmw_sbox.o
                0x08002a98                SBOX::RegisterCanMessages(CanHardware*)
 .text._ZN4SBOX9handle200EPm
                0x08002ac0       0x20 obj/bmw_sbox.o
                0x08002ac0                SBOX::handle200(unsigned long*)
 .text._ZN4SBOX9handle210EPm
                0x08002ae0       0x20 obj/bmw_sbox.o
                0x08002ae0                SBOX::handle210(unsigned long*)
 .text._ZN4SBOX9handle220EPm
                0x08002b00       0x20 obj/bmw_sbox.o
                0x08002b00                SBOX::handle220(unsigned long*)
 .text._ZN4SBOX9DecodeCANEiPm
                0x08002b20       0x2a obj/bmw_sbox.o
                0x08002b20                SBOX::DecodeCAN(int, unsigned long*)
 *fill*         0x08002b4a        0x2 
 .text._ZL5delayv
                0x08002b4c       0x14 obj/isa_shunt.o
 .text._ZN3ISA19RegisterCanMessagesEP11CanHardware
                0x08002b60       0x64 obj/isa_shunt.o
                0x08002b60                ISA::RegisterCanMessages(CanHardware*)
 .text._ZN3ISA4STOPEP11CanHardware
                0x08002bc4       0x3c obj/isa_shunt.o
                0x08002bc4                ISA::STOP(CanHardware*)
 .text._ZN3ISA9sendSTOREEP11CanHardware
                0x08002c00       0x3a obj/isa_shunt.o
                0x08002c00                ISA::sendSTORE(CanHardware*)
 .text._ZN3ISA5STARTEP11CanHardware
                0x08002c3a       0x3c obj/isa_shunt.o
                0x08002c3a                ISA::START(CanHardware*)
 *fill*         0x08002c76        0x2 
 .text._ZN3ISA10initializeEP11CanHardware
                0x08002c78       0x78 obj/isa_shunt.o
                0x08002c78                ISA::initialize(CanHardware*)
 .text._ZL15GetFlashAddressv
                0x08002cf0       0x12 obj/param_save.o
 .text.parm_save
                0x08002d02       0xb6 obj/param_save.o
                0x08002d02                parm_save
 .text.parm_load
                0x08002db8       0x5c obj/param_save.o
                0x08002db8                parm_load
 .text._ZN12ErrorMessage7SetTimeEm
                0x08002e14        0xc obj/errormessage.o
                0x08002e14                ErrorMessage::SetTime(unsigned long)
 .text._ZN12ErrorMessage11GetErrorNumEh
                0x08002e20       0x24 obj/errormessage.o
                0x08002e20                ErrorMessage::GetErrorNum(unsigned char)
 .text._ZN12ErrorMessage12GetErrorTimeEh
                0x08002e44       0x18 obj/errormessage.o
                0x08002e44                ErrorMessage::GetErrorTime(unsigned char)
 .text._ZN12ErrorMessage10PrintErrorEm17ERROR_MESSAGE_NUM
                0x08002e5c       0x2c obj/errormessage.o
                0x08002e5c                ErrorMessage::PrintError(unsigned long, ERROR_MESSAGE_NUM)
 .text._ZN12ErrorMessage14PrintAllErrorsEv
                0x08002e88       0x3c obj/errormessage.o
                0x08002e88                ErrorMessage::PrintAllErrors()
 .text._ZN8Stm32Can11SetBaudrateEN11CanHardware9baudratesE
                0x08002ec4       0x48 obj/stm32_can.o
                0x08002ec4                Stm32Can::SetBaudrate(CanHardware::baudrates)
 .text._ZN8Stm32Can4SendEmPmh
                0x08002f0c       0x7c obj/stm32_can.o
                0x08002f0c                Stm32Can::Send(unsigned long, unsigned long*, unsigned char)
 .text._ZN8Stm32Can12GetInterfaceEi
                0x08002f88       0x14 obj/stm32_can.o
                0x08002f88                Stm32Can::GetInterface(int)
 .text._ZN8Stm32Can13HandleMessageEi
                0x08002f9c       0x54 obj/stm32_can.o
                0x08002f9c                Stm32Can::HandleMessage(int)
 .text._ZN8Stm32Can8HandleTxEv
                0x08002ff0       0x64 obj/stm32_can.o
                0x08002ff0                Stm32Can::HandleTx()
 .text._ZN8Stm32Can13SetFilterBankERiS0_Pt
                0x08003054       0x56 obj/stm32_can.o
                0x08003054                Stm32Can::SetFilterBank(int&, int&, unsigned short*)
 .text._ZN8Stm32Can17SetFilterBankMaskERiS0_Pt
                0x080030aa       0x5a obj/stm32_can.o
                0x080030aa                Stm32Can::SetFilterBankMask(int&, int&, unsigned short*)
 .text._ZN8Stm32Can15SetFilterBank29ERiS0_Pm
                0x08003104       0x38 obj/stm32_can.o
                0x08003104                Stm32Can::SetFilterBank29(int&, int&, unsigned long*)
 .text._ZN8Stm32Can16ConfigureFiltersEv
                0x0800313c      0x134 obj/stm32_can.o
                0x0800313c                Stm32Can::ConfigureFilters()
 .text._ZN8Stm32CanC2EmN11CanHardware9baudratesEb
                0x08003270      0x174 obj/stm32_can.o
                0x08003270                Stm32Can::Stm32Can(unsigned long, CanHardware::baudrates, bool)
                0x08003270                Stm32Can::Stm32Can(unsigned long, CanHardware::baudrates, bool)
 .text.usb_lp_can_rx0_isr
                0x080033e4       0x10 obj/stm32_can.o
                0x080033e4                usb_lp_can_rx0_isr
 .text.can_rx1_isr
                0x080033f4       0x10 obj/stm32_can.o
                0x080033f4                can_rx1_isr
 .text.usb_hp_can_tx_isr
                0x08003404        0xe obj/stm32_can.o
                0x08003404                usb_hp_can_tx_isr
 .text.can2_rx0_isr
                0x08003412       0x10 obj/stm32_can.o
                0x08003412                can2_rx0_isr
 .text.can2_rx1_isr
                0x08003422       0x10 obj/stm32_can.o
                0x08003422                can2_rx1_isr
 .text.can2_tx_isr
                0x08003432        0xe obj/stm32_can.o
                0x08003432                can2_tx_isr
 .text._ZN12NullCallback8HandleRxEmPmh
                0x08003440        0x2 obj/canhardware.o
                0x08003440                NullCallback::HandleRx(unsigned long, unsigned long*, unsigned char)
 .text._ZN12NullCallback11HandleClearEv
                0x08003442        0x2 obj/canhardware.o
                0x08003442                NullCallback::HandleClear()
 .text._ZN11CanHardwareC2Ev
                0x08003444       0x2c obj/canhardware.o
                0x08003444                CanHardware::CanHardware()
                0x08003444                CanHardware::CanHardware()
 .text._ZN11CanHardware11AddCallbackEP11CanCallback
                0x08003470       0x1e obj/canhardware.o
                0x08003470                CanHardware::AddCallback(CanCallback*)
 .text._ZN11CanHardware19RegisterUserMessageEmm
                0x0800348e       0x46 obj/canhardware.o
                0x0800348e                CanHardware::RegisterUserMessage(unsigned long, unsigned long)
 .text._ZN11CanHardware17ClearUserMessagesEv
                0x080034d4       0x2c obj/canhardware.o
                0x080034d4                CanHardware::ClearUserMessages()
 .text._ZN11CanHardware8HandleRxEmPmh
                0x08003500       0x32 obj/canhardware.o
                0x08003500                CanHardware::HandleRx(unsigned long, unsigned long*, unsigned char)
 .text._ZN6CanMap11HandleClearEv
                0x08003532       0x32 obj/canmap.o
                0x08003532                CanMap::HandleClear()
 .text._ZN6CanMap7SendAllEv
                0x08003564      0x148 obj/canmap.o
                0x08003564                CanMap::SendAll()
 .text._ZN6CanMap6RemoveEbhh
                0x080036ac       0xa4 obj/canmap.o
                0x080036ac                CanMap::Remove(bool, unsigned char, unsigned char)
 .text._ZN6CanMap6RemoveEN5Param9PARAM_NUME
                0x08003750       0x80 obj/canmap.o
                0x08003750                CanMap::Remove(Param::PARAM_NUM)
 .text._ZN6CanMap7FindMapEN5Param9PARAM_NUMERmRhRaRfS4_Rb
                0x080037d0       0x9a obj/canmap.o
                0x080037d0                CanMap::FindMap(Param::PARAM_NUM, unsigned long&, unsigned char&, signed char&, float&, signed char&, bool&)
 .text._ZN6CanMap6GetMapEbhhRm
                0x0800386a       0x6c obj/canmap.o
                0x0800386a                CanMap::GetMap(bool, unsigned char, unsigned char, unsigned long&)
 .text._ZN6CanMap13IterateCanMapEPFvN5Param9PARAM_NUMEmhafabE
                0x080038d6       0x7a obj/canmap.o
                0x080038d6                CanMap::IterateCanMap(void (*)(Param::PARAM_NUM, unsigned long, unsigned char, signed char, float, signed char, bool))
 .text._ZN6CanMap8ClearMapEPNS_8CANIDMAPE
                0x08003950       0x30 obj/canmap.o
                0x08003950                CanMap::ClearMap(CanMap::CANIDMAP*)
 .text._ZN6CanMap5ClearEv
                0x08003980       0x1e obj/canmap.o
                0x08003980                CanMap::Clear()
 .text._ZN6CanMap11SaveToFlashEmPmi
                0x0800399e       0x30 obj/canmap.o
                0x0800399e                CanMap::SaveToFlash(unsigned long, unsigned long*, int)
 .text._ZN6CanMap8FindByIdEPNS_8CANIDMAPEm
                0x080039ce       0x26 obj/canmap.o
                0x080039ce                CanMap::FindById(CanMap::CANIDMAP*, unsigned long)
 .text._ZN6CanMap8HandleRxEmPmh
                0x080039f4      0x134 obj/canmap.o
                0x080039f4                CanMap::HandleRx(unsigned long, unsigned long*, unsigned char)
 .text._ZN6CanMap3AddEPNS_8CANIDMAPEN5Param9PARAM_NUMEmhafa
                0x08003b28      0x128 obj/canmap.o
                0x08003b28                CanMap::Add(CanMap::CANIDMAP*, Param::PARAM_NUM, unsigned long, unsigned char, signed char, float, signed char)
 .text._ZN6CanMap7AddSendEN5Param9PARAM_NUMEmhafa
                0x08003c50       0x32 obj/canmap.o
                0x08003c50                CanMap::AddSend(Param::PARAM_NUM, unsigned long, unsigned char, signed char, float, signed char)
 .text._ZN6CanMap7AddRecvEN5Param9PARAM_NUMEmhafa
                0x08003c82       0x50 obj/canmap.o
                0x08003c82                CanMap::AddRecv(Param::PARAM_NUM, unsigned long, unsigned char, signed char, float, signed char)
 .text._ZZN6CanMap19LegacyLoadFromFlashEvENKUlPZNS_19LegacyLoadFromFlashEvE15LEGACY_CANIDMAPPNS_8CANIDMAPEbE_clES1_S3_b
                0x08003cd2       0x9e obj/canmap.o
 .text._ZN6CanMap15GetFlashAddressEv
                0x08003d70       0x12 obj/canmap.o
                0x08003d70                CanMap::GetFlashAddress()
 .text._ZN6CanMap19LegacyLoadFromFlashEv
                0x08003d82       0x4a obj/canmap.o
                0x08003d82                CanMap::LegacyLoadFromFlash()
 .text._ZN6CanMap21ReplaceParamEnumByUidEPNS_8CANIDMAPE
                0x08003dcc       0x42 obj/canmap.o
                0x08003dcc                CanMap::ReplaceParamEnumByUid(CanMap::CANIDMAP*)
 .text._ZN6CanMap21ReplaceParamUidByEnumEPNS_8CANIDMAPE
                0x08003e0e       0x40 obj/canmap.o
                0x08003e0e                CanMap::ReplaceParamUidByEnum(CanMap::CANIDMAP*)
 *fill*         0x08003e4e        0x2 
 .text._ZN6CanMap4SaveEv
                0x08003e50       0xbc obj/canmap.o
                0x08003e50                CanMap::Save()
 .text._ZN6CanMap13LoadFromFlashEv
                0x08003f0c       0x66 obj/canmap.o
                0x08003f0c                CanMap::LoadFromFlash()
 *fill*         0x08003f72        0x2 
 .text._ZN6CanMapC2EP11CanHardwareb
                0x08003f74       0x48 obj/canmap.o
                0x08003f74                CanMap::CanMap(CanHardware*, bool)
                0x08003f74                CanMap::CanMap(CanHardware*, bool)
 .text._ZN16TerminalCommands11PrintCanMapEN5Param9PARAM_NUMEmhafab
                0x08003fbc       0x80 obj/terminalcommands.o
                0x08003fbc                TerminalCommands::PrintCanMap(Param::PARAM_NUM, unsigned long, unsigned char, signed char, float, signed char, bool)
 .text._ZN16TerminalCommands8ParamSetEP8TerminalPc
                0x0800403c       0x70 obj/terminalcommands.o
                0x0800403c                TerminalCommands::ParamSet(Terminal*, char*)
 .text._ZN16TerminalCommands8ParamGetEP8TerminalPc
                0x080040ac       0x58 obj/terminalcommands.o
                0x080040ac                TerminalCommands::ParamGet(Terminal*, char*)
 .text._ZN16TerminalCommands9ParamFlagEP8TerminalPc
                0x08004104       0xa4 obj/terminalcommands.o
                0x08004104                TerminalCommands::ParamFlag(Terminal*, char*)
 .text._ZN16TerminalCommands15PrintParamsJsonEP8IPutCharPc
                0x080041a8      0x158 obj/terminalcommands.o
                0x080041a8                TerminalCommands::PrintParamsJson(IPutChar*, char*)
 .text._ZN16TerminalCommands6MapCanEP8TerminalPc
                0x08004300      0x21c obj/terminalcommands.o
                0x08004300                TerminalCommands::MapCan(Terminal*, char*)
 .text._ZN16TerminalCommands14SaveParametersEP8TerminalPc
                0x0800451c       0x4c obj/terminalcommands.o
                0x0800451c                TerminalCommands::SaveParameters(Terminal*, char*)
 .text._ZN16TerminalCommands14LoadParametersEP8TerminalPc
                0x08004568       0x30 obj/terminalcommands.o
                0x08004568                TerminalCommands::LoadParameters(Terminal*, char*)
 .text._ZN16TerminalCommands5ResetEP8TerminalPc
                0x08004598        0x6 obj/terminalcommands.o
                0x08004598                TerminalCommands::Reset(Terminal*, char*)
 .text._ZN16TerminalCommands19ParamNamesToIndexesEPcPN5Param9PARAM_NUMEm
                0x0800459e       0x48 obj/terminalcommands.o
                0x0800459e                TerminalCommands::ParamNamesToIndexes(char*, Param::PARAM_NUM*, unsigned long)
 *fill*         0x080045e6        0x2 
 .text._ZN16TerminalCommands11ParamStreamEP8TerminalPc
                0x080045e8       0xb0 obj/terminalcommands.o
                0x080045e8                TerminalCommands::ParamStream(Terminal*, char*)
 .text._ZN6BATMan8BatStartEv
                0x08004698       0x14 obj/BatMan.o
                0x08004698                BATMan::BatStart()
 .text._ZN6BATMan11GetTempDataEv
                0x080046ac       0xc8 obj/BatMan.o
                0x080046ac                BATMan::GetTempData()
 .text._ZN6BATMan6WakeUPEv
                0x08004774       0x58 obj/BatMan.o
                0x08004774                BATMan::WakeUP()
 .text._ZN6BATMan17Generic_Send_OnceEPth
                0x080047cc       0x40 obj/BatMan.o
                0x080047cc                BATMan::Generic_Send_Once(unsigned short*, unsigned char)
 .text._ZN6BATMan8IdleWakeEv
                0x0800480c       0x28 obj/BatMan.o
                0x0800480c                BATMan::IdleWake()
 .text._ZN6BATMan15upDateCellVoltsEv
                0x08004834      0x1cc obj/BatMan.o
                0x08004834                BATMan::upDateCellVolts()
 .text._ZN6BATMan14upDateAuxVoltsEv
                0x08004a00      0x2c8 obj/BatMan.o
                0x08004a00                BATMan::upDateAuxVolts()
 .text._ZN6BATMan11upDateTempsEv
                0x08004cc8      0x1b8 obj/BatMan.o
                0x08004cc8                BATMan::upDateTemps()
 .text._ZN6BATMan7calcCRCEPhh
                0x08004e80       0x2c obj/BatMan.o
                0x08004e80                BATMan::calcCRC(unsigned char*, unsigned char)
 .text._ZN6BATMan7GetDataEh
                0x08004eac      0x3a8 obj/BatMan.o
                0x08004eac                BATMan::GetData(unsigned char)
 .text._ZN6BATMan11crc14_bytesEhPhPt
                0x08005254       0x40 obj/BatMan.o
                0x08005254                BATMan::crc14_bytes(unsigned char, unsigned char*, unsigned short*)
 .text._ZN6BATMan10crc14_bitsEhhPt
                0x08005294       0x40 obj/BatMan.o
                0x08005294                BATMan::crc14_bits(unsigned char, unsigned char, unsigned short*)
 .text._ZN6BATMan8WriteCfgEv
                0x080052d4      0x130 obj/BatMan.o
                0x080052d4                BATMan::WriteCfg()
 .text._ZN6BATMan12StateMachineEv
                0x08005404      0x270 obj/BatMan.o
                0x08005404                BATMan::StateMachine()
 .text._ZN6BATMan4loopEv
                0x08005674        0x8 obj/BatMan.o
                0x08005674                BATMan::loop()
 .text._ZN6CanSdo7PutCharEc
                0x0800567c       0x3c obj/cansdo.o
                0x0800567c                CanSdo::PutChar(char)
 .text._ZThn4_N6CanSdo7PutCharEc
                0x080056b8        0x8 obj/cansdo.o
                0x080056b8                non-virtual thunk to CanSdo::PutChar(char)
 .text._ZN6CanSdo11HandleClearEv
                0x080056c0       0x28 obj/cansdo.o
                0x080056c0                CanSdo::HandleClear()
 .text._ZN6CanSdoC2EP11CanHardwareP6CanMap
                0x080056e8       0x64 obj/cansdo.o
                0x080056e8                CanSdo::CanSdo(CanHardware*, CanMap*)
                0x080056e8                CanSdo::CanSdo(CanHardware*, CanMap*)
 .text._ZN6CanSdo9SetNodeIdEh
                0x0800574c        0xc obj/cansdo.o
                0x0800574c                CanSdo::SetNodeId(unsigned char)
 .text._ZN6CanSdo19InitiateSDOTransferEhhthm
                0x08005758       0x46 obj/cansdo.o
                0x08005758                CanSdo::InitiateSDOTransfer(unsigned char, unsigned char, unsigned short, unsigned char, unsigned long)
 .text._ZN6CanSdo24ProcessSpecialSDOObjectsEPNS_8SdoFrameE
                0x0800579e       0x60 obj/cansdo.o
                0x0800579e                CanSdo::ProcessSpecialSDOObjects(CanSdo::SdoFrame*)
 *fill*         0x080057fe        0x2 
 .text._ZN6CanSdo18ReadOrDeleteCanMapEPNS_8SdoFrameE
                0x08005800       0xe0 obj/cansdo.o
                0x08005800                CanSdo::ReadOrDeleteCanMap(CanSdo::SdoFrame*)
 .text._ZN6CanSdo9AddCanMapEPNS_8SdoFrameEb
                0x080058e0       0xf4 obj/cansdo.o
                0x080058e0                CanSdo::AddCanMap(CanSdo::SdoFrame*, bool)
 .text._ZN6CanSdo10ProcessSDOEPm
                0x080059d4      0x19e obj/cansdo.o
                0x080059d4                CanSdo::ProcessSDO(unsigned long*)
 *fill*         0x08005b72        0x2 
 .text._ZN6CanSdo8HandleRxEmPmh
                0x08005b74       0xa4 obj/cansdo.o
                0x08005b74                CanSdo::HandleRx(unsigned long, unsigned long*, unsigned char)
 .text._ZN7BMSUtil22EstimateSocFromVoltageEv
                0x08005c18       0x80 obj/BMSUtil.o
                0x08005c18                BMSUtil::EstimateSocFromVoltage()
 .text._ZN7BMSUtil9UpdateSOCEv
                0x08005c98       0xc0 obj/BMSUtil.o
                0x08005c98                BMSUtil::UpdateSOC()
 .text.adc_power_on
                0x08005d58       0x10 libopencm3/lib\libopencm3_stm32f1.a(adc.o)
                0x08005d58                adc_power_on
 .text.adc_enable_temperature_sensor
                0x08005d68       0x14 libopencm3/lib\libopencm3_stm32f1.a(adc.o)
                0x08005d68                adc_enable_temperature_sensor
 .text.adc_enable_external_trigger_regular
                0x08005d7c       0x14 libopencm3/lib\libopencm3_stm32f1.a(adc.o)
                0x08005d7c                adc_enable_external_trigger_regular
 .text.adc_reset_calibration
                0x08005d90       0x14 libopencm3/lib\libopencm3_stm32f1.a(adc.o)
                0x08005d90                adc_reset_calibration
 .text.adc_calibrate_async
                0x08005da4        0xa libopencm3/lib\libopencm3_stm32f1.a(adc.o)
                0x08005da4                adc_calibrate_async
 .text.adc_is_calibrating
                0x08005dae        0x8 libopencm3/lib\libopencm3_stm32f1.a(adc.o)
                0x08005dae                adc_is_calibrating
 .text.adc_calibrate
                0x08005db6       0x14 libopencm3/lib\libopencm3_stm32f1.a(adc.o)
                0x08005db6                adc_calibrate
 .text.adc_set_sample_time_on_all_channels
                0x08005dca       0x2a libopencm3/lib\libopencm3_stm32f1.a(adc.o)
                0x08005dca                adc_set_sample_time_on_all_channels
 .text.adc_power_off
                0x08005df4        0xa libopencm3/lib\libopencm3_stm32f1.a(adc_common_v1.o)
                0x08005df4                adc_power_off
 .text.adc_enable_scan_mode
                0x08005dfe        0xa libopencm3/lib\libopencm3_stm32f1.a(adc_common_v1.o)
                0x08005dfe                adc_enable_scan_mode
 .text.adc_set_right_aligned
                0x08005e08        0xa libopencm3/lib\libopencm3_stm32f1.a(adc_common_v1.o)
                0x08005e08                adc_set_right_aligned
 .text.adc_set_continuous_conversion_mode
                0x08005e12        0xa libopencm3/lib\libopencm3_stm32f1.a(adc_common_v1.o)
                0x08005e12                adc_set_continuous_conversion_mode
 .text.adc_set_regular_sequence
                0x08005e1c       0x5c libopencm3/lib\libopencm3_stm32f1.a(adc_common_v1.o)
                0x08005e1c                adc_set_regular_sequence
 .text.adc_start_conversion_regular
                0x08005e78       0x14 libopencm3/lib\libopencm3_stm32f1.a(adc_common_v1.o)
                0x08005e78                adc_start_conversion_regular
 .text.adc_enable_dma
                0x08005e8c        0xa libopencm3/lib\libopencm3_stm32f1.a(adc_common_v1.o)
                0x08005e8c                adc_enable_dma
 *fill*         0x08005e96        0x2 
 .text.can_reset
                0x08005e98       0x18 libopencm3/lib\libopencm3_stm32f1.a(can.o)
                0x08005e98                can_reset
 .text.can_init
                0x08005eb0      0x12a libopencm3/lib\libopencm3_stm32f1.a(can.o)
                0x08005eb0                can_init
 *fill*         0x08005fda        0x2 
 .text.can_filter_init
                0x08005fdc       0x98 libopencm3/lib\libopencm3_stm32f1.a(can.o)
                0x08005fdc                can_filter_init
 .text.can_filter_id_mask_16bit_init
                0x08006074       0x20 libopencm3/lib\libopencm3_stm32f1.a(can.o)
                0x08006074                can_filter_id_mask_16bit_init
 .text.can_filter_id_list_16bit_init
                0x08006094       0x20 libopencm3/lib\libopencm3_stm32f1.a(can.o)
                0x08006094                can_filter_id_list_16bit_init
 .text.can_filter_id_list_32bit_init
                0x080060b4       0x1a libopencm3/lib\libopencm3_stm32f1.a(can.o)
                0x080060b4                can_filter_id_list_32bit_init
 .text.can_enable_irq
                0x080060ce        0x8 libopencm3/lib\libopencm3_stm32f1.a(can.o)
                0x080060ce                can_enable_irq
 .text.can_disable_irq
                0x080060d6        0xa libopencm3/lib\libopencm3_stm32f1.a(can.o)
                0x080060d6                can_disable_irq
 .text.can_transmit
                0x080060e0       0xca libopencm3/lib\libopencm3_stm32f1.a(can.o)
                0x080060e0                can_transmit
 .text.can_fifo_release
                0x080061aa       0x16 libopencm3/lib\libopencm3_stm32f1.a(can.o)
                0x080061aa                can_fifo_release
 .text.can_fifo_pending
                0x080061c0        0xe libopencm3/lib\libopencm3_stm32f1.a(can.o)
                0x080061c0                can_fifo_pending
 .text.can_receive
                0x080061ce       0xb8 libopencm3/lib\libopencm3_stm32f1.a(can.o)
                0x080061ce                can_receive
 *fill*         0x08006286        0x2 
 .text.crc_reset
                0x08006288       0x10 libopencm3/lib\libopencm3_stm32f1.a(crc_common_all.o)
                0x08006288                crc_reset
 .text.crc_calculate
                0x08006298        0xc libopencm3/lib\libopencm3_stm32f1.a(crc_common_all.o)
                0x08006298                crc_calculate
 .text.crc_calculate_block
                0x080062a4       0x1c libopencm3/lib\libopencm3_stm32f1.a(crc_common_all.o)
                0x080062a4                crc_calculate_block
 .text.desig_get_flash_size
                0x080062c0        0xc libopencm3/lib\libopencm3_stm32f1.a(desig_common_v1.o)
                0x080062c0                desig_get_flash_size
 .text.dma_channel_reset
                0x080062cc       0x20 libopencm3/lib\libopencm3_stm32f1.a(dma_common_l1f013.o)
                0x080062cc                dma_channel_reset
 .text.dma_clear_interrupt_flags
                0x080062ec        0xa libopencm3/lib\libopencm3_stm32f1.a(dma_common_l1f013.o)
                0x080062ec                dma_clear_interrupt_flags
 .text.dma_get_interrupt_flag
                0x080062f6       0x12 libopencm3/lib\libopencm3_stm32f1.a(dma_common_l1f013.o)
                0x080062f6                dma_get_interrupt_flag
 .text.dma_set_memory_size
                0x08006308       0x18 libopencm3/lib\libopencm3_stm32f1.a(dma_common_l1f013.o)
                0x08006308                dma_set_memory_size
 .text.dma_set_peripheral_size
                0x08006320       0x18 libopencm3/lib\libopencm3_stm32f1.a(dma_common_l1f013.o)
                0x08006320                dma_set_peripheral_size
 .text.dma_enable_memory_increment_mode
                0x08006338       0x12 libopencm3/lib\libopencm3_stm32f1.a(dma_common_l1f013.o)
                0x08006338                dma_enable_memory_increment_mode
 .text.dma_enable_circular_mode
                0x0800634a       0x1a libopencm3/lib\libopencm3_stm32f1.a(dma_common_l1f013.o)
                0x0800634a                dma_enable_circular_mode
 .text.dma_set_read_from_memory
                0x08006364       0x12 libopencm3/lib\libopencm3_stm32f1.a(dma_common_l1f013.o)
                0x08006364                dma_set_read_from_memory
 .text.dma_enable_channel
                0x08006376       0x12 libopencm3/lib\libopencm3_stm32f1.a(dma_common_l1f013.o)
                0x08006376                dma_enable_channel
 .text.dma_disable_channel
                0x08006388       0x12 libopencm3/lib\libopencm3_stm32f1.a(dma_common_l1f013.o)
                0x08006388                dma_disable_channel
 .text.dma_set_peripheral_address
                0x0800639a       0x12 libopencm3/lib\libopencm3_stm32f1.a(dma_common_l1f013.o)
                0x0800639a                dma_set_peripheral_address
 .text.dma_set_memory_address
                0x080063ac       0x12 libopencm3/lib\libopencm3_stm32f1.a(dma_common_l1f013.o)
                0x080063ac                dma_set_memory_address
 .text.dma_get_number_of_data
                0x080063be        0xe libopencm3/lib\libopencm3_stm32f1.a(dma_common_l1f013.o)
                0x080063be                dma_get_number_of_data
 .text.dma_set_number_of_data
                0x080063cc        0xc libopencm3/lib\libopencm3_stm32f1.a(dma_common_l1f013.o)
                0x080063cc                dma_set_number_of_data
 .text.flash_get_status_flags
                0x080063d8       0x20 libopencm3/lib\libopencm3_stm32f1.a(flash.o)
                0x080063d8                flash_get_status_flags
 .text.flash_program_half_word
                0x080063f8       0x64 libopencm3/lib\libopencm3_stm32f1.a(flash.o)
                0x080063f8                flash_program_half_word
 .text.flash_erase_page
                0x0800645c       0x74 libopencm3/lib\libopencm3_stm32f1.a(flash.o)
                0x0800645c                flash_erase_page
 .text.flash_set_ws
                0x080064d0       0x14 libopencm3/lib\libopencm3_stm32f1.a(flash_common_all.o)
                0x080064d0                flash_set_ws
 .text.flash_unlock
                0x080064e4       0x18 libopencm3/lib\libopencm3_stm32f1.a(flash_common_f.o)
                0x080064e4                flash_unlock
 .text.flash_lock
                0x080064fc       0x10 libopencm3/lib\libopencm3_stm32f1.a(flash_common_f.o)
                0x080064fc                flash_lock
 .text.flash_wait_for_last_operation
                0x0800650c        0xc libopencm3/lib\libopencm3_stm32f1.a(flash_common_f01.o)
                0x0800650c                flash_wait_for_last_operation
 .text.flash_program_word
                0x08006518       0x18 libopencm3/lib\libopencm3_stm32f1.a(flash_common_f01.o)
                0x08006518                flash_program_word
 .text.gpio_set_mode
                0x08006530       0x5e libopencm3/lib\libopencm3_stm32f1.a(gpio.o)
                0x08006530                gpio_set_mode
 *fill*         0x0800658e        0x2 
 .text.gpio_primary_remap
                0x08006590       0x14 libopencm3/lib\libopencm3_stm32f1.a(gpio.o)
                0x08006590                gpio_primary_remap
 .text.gpio_set
                0x080065a4        0x4 libopencm3/lib\libopencm3_stm32f1.a(gpio_common_all.o)
                0x080065a4                gpio_set
 .text.gpio_clear
                0x080065a8        0x6 libopencm3/lib\libopencm3_stm32f1.a(gpio_common_all.o)
                0x080065a8                gpio_clear
 .text.gpio_get
                0x080065ae        0x6 libopencm3/lib\libopencm3_stm32f1.a(gpio_common_all.o)
                0x080065ae                gpio_get
 .text.gpio_toggle
                0x080065b4       0x12 libopencm3/lib\libopencm3_stm32f1.a(gpio_common_all.o)
                0x080065b4                gpio_toggle
 *fill*         0x080065c6        0x2 
 .text.iwdg_reset
                0x080065c8       0x10 libopencm3/lib\libopencm3_stm32f1.a(iwdg_common_all.o)
                0x080065c8                iwdg_reset
 .text.rcc_is_osc_ready
                0x080065d8       0x58 libopencm3/lib\libopencm3_stm32f1.a(rcc.o)
                0x080065d8                rcc_is_osc_ready
 .text.rcc_wait_for_osc_ready
                0x08006630       0x10 libopencm3/lib\libopencm3_stm32f1.a(rcc.o)
                0x08006630                rcc_wait_for_osc_ready
 .text.rcc_osc_on
                0x08006640       0x60 libopencm3/lib\libopencm3_stm32f1.a(rcc.o)
                0x08006640                rcc_osc_on
 .text.rcc_set_sysclk_source
                0x080066a0       0x14 libopencm3/lib\libopencm3_stm32f1.a(rcc.o)
                0x080066a0                rcc_set_sysclk_source
 .text.rcc_set_pll_multiplication_factor
                0x080066b4       0x14 libopencm3/lib\libopencm3_stm32f1.a(rcc.o)
                0x080066b4                rcc_set_pll_multiplication_factor
 .text.rcc_set_pll2_multiplication_factor
                0x080066c8       0x14 libopencm3/lib\libopencm3_stm32f1.a(rcc.o)
                0x080066c8                rcc_set_pll2_multiplication_factor
 .text.rcc_set_pll3_multiplication_factor
                0x080066dc       0x14 libopencm3/lib\libopencm3_stm32f1.a(rcc.o)
                0x080066dc                rcc_set_pll3_multiplication_factor
 .text.rcc_set_pll_source
                0x080066f0       0x14 libopencm3/lib\libopencm3_stm32f1.a(rcc.o)
                0x080066f0                rcc_set_pll_source
 .text.rcc_set_pllxtpre
                0x08006704       0x14 libopencm3/lib\libopencm3_stm32f1.a(rcc.o)
                0x08006704                rcc_set_pllxtpre
 .text.rcc_rtc_clock_enabled_flag
                0x08006718       0x10 libopencm3/lib\libopencm3_stm32f1.a(rcc.o)
                0x08006718                rcc_rtc_clock_enabled_flag
 .text.rcc_enable_rtc_clock
                0x08006728       0x10 libopencm3/lib\libopencm3_stm32f1.a(rcc.o)
                0x08006728                rcc_enable_rtc_clock
 .text.rcc_set_rtc_clock_source
                0x08006738       0x84 libopencm3/lib\libopencm3_stm32f1.a(rcc.o)
                0x08006738                rcc_set_rtc_clock_source
 .text.rcc_set_adcpre
                0x080067bc       0x14 libopencm3/lib\libopencm3_stm32f1.a(rcc.o)
                0x080067bc                rcc_set_adcpre
 .text.rcc_set_ppre2
                0x080067d0       0x14 libopencm3/lib\libopencm3_stm32f1.a(rcc.o)
                0x080067d0                rcc_set_ppre2
 .text.rcc_set_ppre1
                0x080067e4       0x14 libopencm3/lib\libopencm3_stm32f1.a(rcc.o)
                0x080067e4                rcc_set_ppre1
 .text.rcc_set_hpre
                0x080067f8       0x14 libopencm3/lib\libopencm3_stm32f1.a(rcc.o)
                0x080067f8                rcc_set_hpre
 .text.rcc_set_usbpre
                0x0800680c       0x18 libopencm3/lib\libopencm3_stm32f1.a(rcc.o)
                0x0800680c                rcc_set_usbpre
 .text.rcc_set_prediv1
                0x08006824       0x14 libopencm3/lib\libopencm3_stm32f1.a(rcc.o)
                0x08006824                rcc_set_prediv1
 .text.rcc_set_prediv2
                0x08006838       0x14 libopencm3/lib\libopencm3_stm32f1.a(rcc.o)
                0x08006838                rcc_set_prediv2
 .text.rcc_set_prediv1_source
                0x0800684c       0x18 libopencm3/lib\libopencm3_stm32f1.a(rcc.o)
                0x0800684c                rcc_set_prediv1_source
 .text.rcc_clock_setup_pll
                0x08006864       0xbc libopencm3/lib\libopencm3_stm32f1.a(rcc.o)
                0x08006864                rcc_clock_setup_pll
 .text.rcc_periph_clock_enable
                0x08006920       0x1a libopencm3/lib\libopencm3_stm32f1.a(rcc_common_all.o)
                0x08006920                rcc_periph_clock_enable
 .text.rcc_periph_reset_pulse
                0x0800693a       0x22 libopencm3/lib\libopencm3_stm32f1.a(rcc_common_all.o)
                0x0800693a                rcc_periph_reset_pulse
 .text.rtc_enter_config_mode
                0x0800695c       0x1c libopencm3/lib\libopencm3_stm32f1.a(rtc.o)
                0x0800695c                rtc_enter_config_mode
 .text.rtc_exit_config_mode
                0x08006978       0x1c libopencm3/lib\libopencm3_stm32f1.a(rtc.o)
                0x08006978                rtc_exit_config_mode
 .text.rtc_awake_from_off
                0x08006994       0x6c libopencm3/lib\libopencm3_stm32f1.a(rtc.o)
                0x08006994                rtc_awake_from_off
 .text.rtc_set_prescale_val
                0x08006a00       0x24 libopencm3/lib\libopencm3_stm32f1.a(rtc.o)
                0x08006a00                rtc_set_prescale_val
 .text.rtc_get_counter_val
                0x08006a24       0x14 libopencm3/lib\libopencm3_stm32f1.a(rtc.o)
                0x08006a24                rtc_get_counter_val
 .text.rtc_set_counter_val
                0x08006a38       0x20 libopencm3/lib\libopencm3_stm32f1.a(rtc.o)
                0x08006a38                rtc_set_counter_val
 .text.rtc_awake_from_standby
                0x08006a58       0x3c libopencm3/lib\libopencm3_stm32f1.a(rtc.o)
                0x08006a58                rtc_awake_from_standby
 .text.rtc_auto_awake
                0x08006a94       0x34 libopencm3/lib\libopencm3_stm32f1.a(rtc.o)
                0x08006a94                rtc_auto_awake
 .text.spi_reset
                0x08006ac8       0x30 libopencm3/lib\libopencm3_stm32f1.a(spi_common_all.o)
                0x08006ac8                spi_reset
 .text.spi_enable
                0x08006af8        0xa libopencm3/lib\libopencm3_stm32f1.a(spi_common_all.o)
                0x08006af8                spi_enable
 .text.spi_xfer
                0x08006b02        0xe libopencm3/lib\libopencm3_stm32f1.a(spi_common_all.o)
                0x08006b02                spi_xfer
 .text.spi_enable_software_slave_management
                0x08006b10       0x12 libopencm3/lib\libopencm3_stm32f1.a(spi_common_all.o)
                0x08006b10                spi_enable_software_slave_management
 .text.spi_set_nss_high
                0x08006b22        0xa libopencm3/lib\libopencm3_stm32f1.a(spi_common_all.o)
                0x08006b22                spi_set_nss_high
 .text.spi_set_standard_mode
                0x08006b2c       0x10 libopencm3/lib\libopencm3_stm32f1.a(spi_common_all.o)
                0x08006b2c                spi_set_standard_mode
 .text.spi_init_master
                0x08006b3c       0x28 libopencm3/lib\libopencm3_stm32f1.a(spi_common_v1.o)
                0x08006b3c                spi_init_master
 .text.timer_enable_irq
                0x08006b64        0x8 libopencm3/lib\libopencm3_stm32f1.a(timer_common_all.o)
                0x08006b64                timer_enable_irq
 .text.timer_get_flag
                0x08006b6c        0xc libopencm3/lib\libopencm3_stm32f1.a(timer_common_all.o)
                0x08006b6c                timer_get_flag
 .text.timer_clear_flag
                0x08006b78        0x6 libopencm3/lib\libopencm3_stm32f1.a(timer_common_all.o)
                0x08006b78                timer_clear_flag
 .text.timer_enable_preload
                0x08006b7e        0xa libopencm3/lib\libopencm3_stm32f1.a(timer_common_all.o)
                0x08006b7e                timer_enable_preload
 .text.timer_set_alignment
                0x08006b88       0x14 libopencm3/lib\libopencm3_stm32f1.a(timer_common_all.o)
                0x08006b88                timer_set_alignment
 .text.timer_direction_up
                0x08006b9c        0xa libopencm3/lib\libopencm3_stm32f1.a(timer_common_all.o)
                0x08006b9c                timer_direction_up
 .text.timer_enable_counter
                0x08006ba6        0xa libopencm3/lib\libopencm3_stm32f1.a(timer_common_all.o)
                0x08006ba6                timer_enable_counter
 .text.timer_disable_counter
                0x08006bb0        0xa libopencm3/lib\libopencm3_stm32f1.a(timer_common_all.o)
                0x08006bb0                timer_disable_counter
 .text.timer_set_prescaler
                0x08006bba        0x4 libopencm3/lib\libopencm3_stm32f1.a(timer_common_all.o)
                0x08006bba                timer_set_prescaler
 .text.timer_set_period
                0x08006bbe        0x4 libopencm3/lib\libopencm3_stm32f1.a(timer_common_all.o)
                0x08006bbe                timer_set_period
 .text.timer_set_oc_mode
                0x08006bc2      0x18c libopencm3/lib\libopencm3_stm32f1.a(timer_common_all.o)
                0x08006bc2                timer_set_oc_mode
 .text.timer_enable_oc_preload
                0x08006d4e       0x34 libopencm3/lib\libopencm3_stm32f1.a(timer_common_all.o)
                0x08006d4e                timer_enable_oc_preload
 .text.timer_set_oc_polarity_high
                0x08006d82       0x4a libopencm3/lib\libopencm3_stm32f1.a(timer_common_all.o)
                0x08006d82                timer_set_oc_polarity_high
 .text.timer_enable_oc_output
                0x08006dcc       0x4a libopencm3/lib\libopencm3_stm32f1.a(timer_common_all.o)
                0x08006dcc                timer_enable_oc_output
 .text.timer_set_oc_value
                0x08006e16       0x20 libopencm3/lib\libopencm3_stm32f1.a(timer_common_all.o)
                0x08006e16                timer_set_oc_value
 .text.timer_generate_event
                0x08006e36        0x8 libopencm3/lib\libopencm3_stm32f1.a(timer_common_all.o)
                0x08006e36                timer_generate_event
 .text.timer_get_counter
                0x08006e3e        0x4 libopencm3/lib\libopencm3_stm32f1.a(timer_common_all.o)
                0x08006e3e                timer_get_counter
 .text.timer_set_counter
                0x08006e42        0x4 libopencm3/lib\libopencm3_stm32f1.a(timer_common_all.o)
                0x08006e42                timer_set_counter
 *fill*         0x08006e46        0x2 
 .text.usart_set_baudrate
                0x08006e48       0x28 libopencm3/lib\libopencm3_stm32f1.a(usart_common_all.o)
                0x08006e48                usart_set_baudrate
 .text.usart_set_databits
                0x08006e70       0x12 libopencm3/lib\libopencm3_stm32f1.a(usart_common_all.o)
                0x08006e70                usart_set_databits
 .text.usart_set_stopbits
                0x08006e82        0xc libopencm3/lib\libopencm3_stm32f1.a(usart_common_all.o)
                0x08006e82                usart_set_stopbits
 .text.usart_set_parity
                0x08006e8e        0xc libopencm3/lib\libopencm3_stm32f1.a(usart_common_all.o)
                0x08006e8e                usart_set_parity
 .text.usart_set_mode
                0x08006e9a        0xc libopencm3/lib\libopencm3_stm32f1.a(usart_common_all.o)
                0x08006e9a                usart_set_mode
 .text.usart_set_flow_control
                0x08006ea6        0xc libopencm3/lib\libopencm3_stm32f1.a(usart_common_all.o)
                0x08006ea6                usart_set_flow_control
 .text.usart_enable
                0x08006eb2        0xa libopencm3/lib\libopencm3_stm32f1.a(usart_common_all.o)
                0x08006eb2                usart_enable
 .text.usart_send_blocking
                0x08006ebc       0x16 libopencm3/lib\libopencm3_stm32f1.a(usart_common_all.o)
                0x08006ebc                usart_send_blocking
 .text.usart_enable_rx_dma
                0x08006ed2        0xa libopencm3/lib\libopencm3_stm32f1.a(usart_common_all.o)
                0x08006ed2                usart_enable_rx_dma
 .text.usart_enable_tx_dma
                0x08006edc        0xa libopencm3/lib\libopencm3_stm32f1.a(usart_common_all.o)
                0x08006edc                usart_enable_tx_dma
 .text.usart_send
                0x08006ee6        0x8 libopencm3/lib\libopencm3_stm32f1.a(usart_common_f124.o)
                0x08006ee6                usart_send
 .text.usart_recv
                0x08006eee        0x8 libopencm3/lib\libopencm3_stm32f1.a(usart_common_f124.o)
                0x08006eee                usart_recv
 .text.usart_wait_send_ready
                0x08006ef6        0x8 libopencm3/lib\libopencm3_stm32f1.a(usart_common_f124.o)
                0x08006ef6                usart_wait_send_ready
 .text.usart_get_flag
                0x08006efe        0xc libopencm3/lib\libopencm3_stm32f1.a(usart_common_f124.o)
                0x08006efe                usart_get_flag
 .text.blocking_handler
                0x08006f0a        0x2 libopencm3/lib\libopencm3_stm32f1.a(vector.o)
                0x08006f0a                usart3_isr
                0x08006f0a                rtc_isr
                0x08006f0a                tim7_isr
                0x08006f0a                adc1_2_isr
                0x08006f0a                tim1_trg_com_isr
                0x08006f0a                tim6_isr
                0x08006f0a                usb_wakeup_isr
                0x08006f0a                blocking_handler
                0x08006f0a                tim5_isr
                0x08006f0a                otg_fs_isr
                0x08006f0a                spi1_isr
                0x08006f0a                exti2_isr
                0x08006f0a                dma1_channel6_isr
                0x08006f0a                dma1_channel5_isr
                0x08006f0a                dma2_channel5_isr
                0x08006f0a                usart1_isr
                0x08006f0a                usage_fault_handler
                0x08006f0a                tim8_trg_com_isr
                0x08006f0a                tim1_brk_isr
                0x08006f0a                tim1_cc_isr
                0x08006f0a                sdio_isr
                0x08006f0a                eth_isr
                0x08006f0a                dma1_channel4_isr
                0x08006f0a                tim8_brk_isr
                0x08006f0a                dma2_channel4_5_isr
                0x08006f0a                pvd_isr
                0x08006f0a                rcc_isr
                0x08006f0a                flash_isr
                0x08006f0a                uart4_isr
                0x08006f0a                rtc_alarm_isr
                0x08006f0a                exti15_10_isr
                0x08006f0a                hard_fault_handler
                0x08006f0a                exti1_isr
                0x08006f0a                i2c1_ev_isr
                0x08006f0a                dma2_channel1_isr
                0x08006f0a                spi2_isr
                0x08006f0a                tim8_up_isr
                0x08006f0a                dma2_channel2_isr
                0x08006f0a                exti3_isr
                0x08006f0a                adc3_isr
                0x08006f0a                tim3_isr
                0x08006f0a                usart2_isr
                0x08006f0a                i2c2_er_isr
                0x08006f0a                i2c2_ev_isr
                0x08006f0a                uart5_isr
                0x08006f0a                fsmc_isr
                0x08006f0a                dma1_channel1_isr
                0x08006f0a                exti4_isr
                0x08006f0a                mem_manage_handler
                0x08006f0a                exti9_5_isr
                0x08006f0a                dma2_channel3_isr
                0x08006f0a                dma1_channel7_isr
                0x08006f0a                tim1_up_isr
                0x08006f0a                can2_sce_isr
                0x08006f0a                tim4_isr
                0x08006f0a                dma1_channel2_isr
                0x08006f0a                i2c1_er_isr
                0x08006f0a                can_sce_isr
                0x08006f0a                tim8_cc_isr
                0x08006f0a                tamper_isr
                0x08006f0a                eth_wkup_isr
                0x08006f0a                bus_fault_handler
                0x08006f0a                wwdg_isr
                0x08006f0a                dma1_channel3_isr
                0x08006f0a                spi3_isr
                0x08006f0a                exti0_isr
 .text.null_handler
                0x08006f0c        0x2 libopencm3/lib\libopencm3_stm32f1.a(vector.o)
                0x08006f0c                sv_call_handler
                0x08006f0c                pend_sv_handler
                0x08006f0c                debug_monitor_handler
                0x08006f0c                sys_tick_handler
                0x08006f0c                nmi_handler
                0x08006f0c                null_handler
 *fill*         0x08006f0e        0x2 
 .text.reset_handler
                0x08006f10       0x94 libopencm3/lib\libopencm3_stm32f1.a(vector.o)
                0x08006f10                reset_handler
 .text.scb_reset_system
                0x08006fa4       0x10 libopencm3/lib\libopencm3_stm32f1.a(scb.o)
                0x08006fa4                scb_reset_system
 .text.nvic_enable_irq
                0x08006fb4       0x18 libopencm3/lib\libopencm3_stm32f1.a(nvic.o)
                0x08006fb4                nvic_enable_irq
 .text.nvic_set_priority
                0x08006fcc       0x20 libopencm3/lib\libopencm3_stm32f1.a(nvic.o)
                0x08006fcc                nvic_set_priority
 .text.pwr_disable_backup_domain_write_protect
                0x08006fec       0x10 libopencm3/lib\libopencm3_stm32f1.a(pwr_common_v1.o)
                0x08006fec                pwr_disable_backup_domain_write_protect
 .text          0x08006ffc      0x378 C:/msys64/mingw64/bin/../lib/gcc/arm-none-eabi/13.3.0/thumb/v7/nofp\libgcc.a(_arm_addsubdf3.o)
                0x08006ffc                __aeabi_drsub
                0x08007004                __aeabi_dsub
                0x08007004                __subdf3
                0x08007008                __aeabi_dadd
                0x08007008                __adddf3
                0x08007280                __floatunsidf
                0x08007280                __aeabi_ui2d
                0x080072a0                __floatsidf
                0x080072a0                __aeabi_i2d
                0x080072c4                __aeabi_f2d
                0x080072c4                __extendsfdf2
                0x08007308                __floatundidf
                0x08007308                __aeabi_ul2d
                0x08007318                __floatdidf
                0x08007318                __aeabi_l2d
 .text          0x08007374      0x424 C:/msys64/mingw64/bin/../lib/gcc/arm-none-eabi/13.3.0/thumb/v7/nofp\libgcc.a(_arm_muldivdf3.o)
                0x08007374                __aeabi_dmul
                0x08007374                __muldf3
                0x080075c8                __divdf3
                0x080075c8                __aeabi_ddiv
 .text          0x08007798       0x50 C:/msys64/mingw64/bin/../lib/gcc/arm-none-eabi/13.3.0/thumb/v7/nofp\libgcc.a(_arm_fixdfsi.o)
                0x08007798                __aeabi_d2iz
                0x08007798                __fixdfsi
 .text          0x080077e8       0x40 C:/msys64/mingw64/bin/../lib/gcc/arm-none-eabi/13.3.0/thumb/v7/nofp\libgcc.a(_arm_fixunsdfsi.o)
                0x080077e8                __aeabi_d2uiz
                0x080077e8                __fixunsdfsi
 .text          0x08007828       0xa0 C:/msys64/mingw64/bin/../lib/gcc/arm-none-eabi/13.3.0/thumb/v7/nofp\libgcc.a(_arm_truncdfsf2.o)
                0x08007828                __truncdfsf2
                0x08007828                __aeabi_d2f
 .text          0x080078c8      0x21c C:/msys64/mingw64/bin/../lib/gcc/arm-none-eabi/13.3.0/thumb/v7/nofp\libgcc.a(_arm_addsubsf3.o)
                0x080078c8                __aeabi_frsub
                0x080078d0                __subsf3
                0x080078d0                __aeabi_fsub
                0x080078d4                __aeabi_fadd
                0x080078d4                __addsf3
                0x08007a34                __aeabi_ui2f
                0x08007a34                __floatunsisf
                0x08007a3c                __aeabi_i2f
                0x08007a3c                __floatsisf
                0x08007a58                __aeabi_ul2f
                0x08007a58                __floatundisf
                0x08007a68                __aeabi_l2f
                0x08007a68                __floatdisf
 .text          0x08007ae4      0x2a0 C:/msys64/mingw64/bin/../lib/gcc/arm-none-eabi/13.3.0/thumb/v7/nofp\libgcc.a(_arm_muldivsf3.o)
                0x08007ae4                __mulsf3
                0x08007ae4                __aeabi_fmul
                0x08007c4c                __aeabi_fdiv
                0x08007c4c                __divsf3
 .text          0x08007d84       0xec C:/msys64/mingw64/bin/../lib/gcc/arm-none-eabi/13.3.0/thumb/v7/nofp\libgcc.a(_arm_cmpsf2.o)
                0x08007d84                __gesf2
                0x08007d84                __gtsf2
                0x08007d8c                __lesf2
                0x08007d8c                __ltsf2
                0x08007d94                __nesf2
                0x08007d94                __eqsf2
                0x08007d94                __cmpsf2
                0x08007df4                __aeabi_cfrcmple
                0x08007dfc                __aeabi_cfcmpeq
                0x08007dfc                __aeabi_cfcmple
                0x08007e0c                __aeabi_fcmpeq
                0x08007e20                __aeabi_fcmplt
                0x08007e34                __aeabi_fcmple
                0x08007e48                __aeabi_fcmpge
                0x08007e5c                __aeabi_fcmpgt
 .text          0x08007e70       0x4c C:/msys64/mingw64/bin/../lib/gcc/arm-none-eabi/13.3.0/thumb/v7/nofp\libgcc.a(_arm_fixsfsi.o)
                0x08007e70                __aeabi_f2iz
                0x08007e70                __fixsfsi
 .text          0x08007ebc       0x40 C:/msys64/mingw64/bin/../lib/gcc/arm-none-eabi/13.3.0/thumb/v7/nofp\libgcc.a(_arm_fixunssfsi.o)
                0x08007ebc                __fixunssfsi
                0x08007ebc                __aeabi_f2uiz
 .text          0x08007efc       0xa8 C:/msys64/mingw64/bin/../lib/gcc/arm-none-eabi/13.3.0/../../../../arm-none-eabi/lib/thumb/v7/nofp\libc.a(libc_a-memset.o)
                0x08007efc                memset
                0x08007fa4                        . = ALIGN (0x4)
 *(.rodata*)
 .rodata._ZTV11CanCallback
                0x08007fa4       0x10 obj/main.o
                0x08007fa4                vtable for CanCallback
 .rodata._ZTV23FunctionPointerCallback
                0x08007fb4       0x10 obj/main.o
                0x08007fb4                vtable for FunctionPointerCallback
 .rodata._ZN14Stm32Scheduler5ocMapE
                0x08007fc4        0x4 obj/stm32scheduler.o
                0x08007fc4                Stm32Scheduler::ocMap
 .rodata.str1.4
                0x08007fc8      0xb59 obj/params.o
                                0x5e8 (size before relaxing)
 *fill*         0x08008b21        0x3 
 .rodata._ZN5ParamL7attribsE
                0x08008b24     0x14e4 obj/params.o
 .rodata._ZN8Terminal10EnableUartEPc.str1.4
                0x0800a008        0x0 obj/terminal.o
                                  0x5 (size before relaxing)
 .rodata._ZN8Terminal8FastUartEPc.str1.4
                0x0800a008        0x0 obj/terminal.o
                                 0x1b (size before relaxing)
 .rodata._ZN8Terminal4EchoEPc.str1.4
                0x0800a008        0x0 obj/terminal.o
                                 0x17 (size before relaxing)
 .rodata._ZN8Terminal3RunEv.str1.4
                0x0800a008        0x0 obj/terminal.o
                                 0x57 (size before relaxing)
 .rodata._ZTV8IPutChar
                0x0800a008        0xc obj/terminal.o
                0x0800a008                vtable for IPutChar
 .rodata._ZTV8Terminal
                0x0800a014        0xc obj/terminal.o
                0x0800a014                vtable for Terminal
 .rodata._ZN8Terminal6hwInfoE
                0x0800a020       0x70 obj/terminal.o
                0x0800a020                Terminal::hwInfo
 .rodata._ZL11PrintSerialP8TerminalPc.str1.4
                0x0800a090        0x0 obj/terminal_prj.o
                                 0x11 (size before relaxing)
 .rodata._ZL12LoadDefaultsP8TerminalPc.str1.4
                0x0800a090        0x0 obj/terminal_prj.o
                                 0x12 (size before relaxing)
 .rodata.str1.4
                0x0800a090        0x0 obj/terminal_prj.o
                                 0x5f (size before relaxing)
 .rodata.termCmds
                0x0800a090       0x70 obj/terminal_prj.o
                0x0800a090                termCmds
 .rodata._ZL5printP8IPutCharPKcSt9__va_list.str1.4
                0x0800a100        0x0 obj/printf.o
                                  0x7 (size before relaxing)
 .rodata._ZTV13ExternPutChar
                0x0800a100        0xc obj/printf.o
                0x0800a100                vtable for ExternPutChar
 .rodata        0x0800a10c        0x8 obj/anain.o
 .rodata._ZN12ErrorMessage10PrintErrorEm17ERROR_MESSAGE_NUM.str1.4
                0x0800a114        0x0 obj/errormessage.o
                                 0x10 (size before relaxing)
 .rodata._ZN12ErrorMessage14PrintAllErrorsEv.str1.4
                0x0800a114        0x0 obj/errormessage.o
                                  0xc (size before relaxing)
 .rodata.str1.4
                0x0800a114        0x0 obj/errormessage.o
                                 0x57 (size before relaxing)
 .rodata._ZL5types
                0x0800a114        0xc obj/errormessage.o
 .rodata._ZL16errorDescriptors
                0x0800a120       0x18 obj/errormessage.o
 .rodata._ZTV8Stm32Can
                0x0800a138       0x14 obj/stm32_can.o
                0x0800a138                vtable for Stm32Can
 .rodata._ZL8canSpeed
                0x0800a14c       0x3c obj/stm32_can.o
 .rodata        0x0800a188        0x8 obj/stm32_can.o
 .rodata._ZTV11CanHardware
                0x0800a190       0x14 obj/canhardware.o
                0x0800a190                vtable for CanHardware
 .rodata._ZTV12NullCallback
                0x0800a1a4       0x10 obj/canhardware.o
                0x0800a1a4                vtable for NullCallback
 .rodata._ZTV6CanMap
                0x0800a1b4       0x10 obj/canmap.o
                0x0800a1b4                vtable for CanMap
 .rodata._ZN16TerminalCommands11PrintCanMapEN5Param9PARAM_NUMEmhafab.str1.4
                0x0800a1c4        0x0 obj/terminalcommands.o
                                 0x24 (size before relaxing)
 .rodata._ZN16TerminalCommands8ParamSetEP8TerminalPc.str1.4
                0x0800a1c4        0x0 obj/terminalcommands.o
                                 0x57 (size before relaxing)
 .rodata._ZN16TerminalCommands8ParamGetEP8TerminalPc.str1.4
                0x0800a1c4        0x0 obj/terminalcommands.o
                                 0x22 (size before relaxing)
 .rodata._ZN16TerminalCommands9ParamFlagEP8TerminalPc.str1.4
                0x0800a1c4        0x0 obj/terminalcommands.o
                                 0x39 (size before relaxing)
 .rodata._ZN16TerminalCommands15PrintParamsJsonEP8IPutCharPc.str1.4
                0x0800a1c4        0x0 obj/terminalcommands.o
                                0x13a (size before relaxing)
 .rodata._ZN16TerminalCommands6MapCanEP8TerminalPc.str1.4
                0x0800a1c4        0x0 obj/terminalcommands.o
                                0x116 (size before relaxing)
 .rodata._ZN16TerminalCommands14SaveParametersEP8TerminalPc.str1.4
                0x0800a1c4        0x0 obj/terminalcommands.o
                                 0x6f (size before relaxing)
 .rodata._ZN16TerminalCommands14LoadParametersEP8TerminalPc.str1.4
                0x0800a1c4        0x0 obj/terminalcommands.o
                                 0x2a (size before relaxing)
 .rodata._ZN16TerminalCommands11ParamStreamEP8TerminalPc.str1.4
                0x0800a1c4        0x0 obj/terminalcommands.o
                                 0x2f (size before relaxing)
 .rodata._ZL8utilTopN
                0x0800a1c4        0x9 obj/BatMan.o
 *fill*         0x0800a1cd        0x3 
 .rodata._ZL10crc14table
                0x0800a1d0      0x200 obj/BatMan.o
 .rodata._ZTV6CanSdo
                0x0800a3d0       0x20 obj/cansdo.o
                0x0800a3d0                vtable for CanSdo
 .rodata.rcc_hse_configs
                0x0800a3f0       0x8c libopencm3/lib\libopencm3_stm32f1.a(rcc.o)
                0x0800a3f0                rcc_hse_configs
                0x0800a47c                        . = ALIGN (0x4)

.glue_7         0x0800a47c        0x0
 .glue_7        0x0800a47c        0x0 linker stubs

.glue_7t        0x0800a47c        0x0
 .glue_7t       0x0800a47c        0x0 linker stubs

.vfp11_veneer   0x0800a47c        0x0
 .vfp11_veneer  0x0800a47c        0x0 linker stubs

.v4_bx          0x0800a47c        0x0
 .v4_bx         0x0800a47c        0x0 linker stubs

.iplt           0x0800a47c        0x0
 .iplt          0x0800a47c        0x0 obj/main.o

.rel.dyn        0x0800a47c        0x0
 .rel.iplt      0x0800a47c        0x0 obj/main.o

.preinit_array  0x0800a47c        0x0
                0x0800a47c                        . = ALIGN (0x4)
                0x0800a47c                        __preinit_array_start = .
 *(.preinit_array)
                0x0800a47c                        __preinit_array_end = .

.init_array     0x0800a47c        0x8
                0x0800a47c                        . = ALIGN (0x4)
                0x0800a47c                        __init_array_start = .
 *(SORT_BY_NAME(.init_array.*))
 *(.init_array)
 .init_array    0x0800a47c        0x4 obj/sine_core.o
 .init_array    0x0800a480        0x4 obj/anain.o
                0x0800a484                        __init_array_end = .

.fini_array     0x0800a484        0x0
                0x0800a484                        . = ALIGN (0x4)
                0x0800a484                        __fini_array_start = .
 *(.fini_array)
 *(SORT_BY_NAME(.fini_array.*))
                0x0800a484                        __fini_array_end = .

.ARM.extab
 *(.ARM.extab*)

.ARM.exidx      0x0800a484        0x0
                0x0800a484                        __exidx_start = .
 *(.ARM.exidx*)
                0x0800a484                        __exidx_end = .
                0x0800a484                        . = ALIGN (0x4)
                0x0800a484                        _etext = .

.noinit
 *(.noinit*)
                0x0800a484                        . = ALIGN (0x4)

.data           0x20000000      0x57c load address 0x0800a484
                0x20000000                        _data = .
 *(.data*)
 .data.uauxGain
                0x20000000        0x4 obj/main.o
                0x20000000                uauxGain
 .data._ZN5ParamL6valuesE
                0x20000004      0x2fc obj/params.o
 .data.firstframe
                0x20000300        0x1 obj/isa_shunt.o
                0x20000300                firstframe
 *fill*         0x20000301        0x3 
 .data.errorBuffer
                0x20000304       0x20 obj/errormessage.o
                0x20000304                errorBuffer
 .data._ZL12nullCallback
                0x20000324        0x4 obj/canhardware.o
 .data._ZN16TerminalCommands11saveEnabledE
                0x20000328        0x1 obj/terminalcommands.o
                0x20000328                TerminalCommands::saveEnabled
 *fill*         0x20000329        0x1 
 .data.SendDelay
                0x2000032a        0x2 obj/BatMan.o
                0x2000032a                SendDelay
 .data.TempMin  0x2000032c        0x4 obj/BatMan.o
                0x2000032c                TempMin
 .data.CellVMin
                0x20000330        0x4 obj/BatMan.o
                0x20000330                CellVMin
 .data.BmbTimeout
                0x20000334        0x1 obj/BatMan.o
                0x20000334                BmbTimeout
 *fill*         0x20000335        0x3 
 .data.crcTable2f
                0x20000338      0x200 obj/BatMan.o
                0x20000338                crcTable2f
 .data.reqTemp  0x20000538        0x2 obj/BatMan.o
                0x20000538                reqTemp
 *fill*         0x2000053a        0x2 
 .data.Snap     0x2000053c        0x4 obj/BatMan.o
                0x2000053c                Snap
 .data.Unmute   0x20000540        0x4 obj/BatMan.o
                0x20000540                Unmute
 .data.Mute     0x20000544        0x4 obj/BatMan.o
                0x20000544                Mute
 .data.WakeUp   0x20000548        0x4 obj/BatMan.o
                0x20000548                WakeUp
 .data.BalHys   0x2000054c        0x4 obj/BatMan.o
                0x2000054c                BalHys
 .data.NoCurLim
                0x20000550        0x4 obj/BMSUtil.o
                0x20000550                NoCurLim
 .data.NoCurRun
                0x20000554        0x4 obj/BMSUtil.o
                0x20000554                NoCurRun
 .data.voltageToSoc
                0x20000558       0x16 obj/BMSUtil.o
                0x20000558                voltageToSoc
 *fill*         0x2000056e        0x2 
 .data.rcc_ahb_frequency
                0x20000570        0x4 libopencm3/lib\libopencm3_stm32f1.a(rcc.o)
                0x20000570                rcc_ahb_frequency
 .data.rcc_apb2_frequency
                0x20000574        0x4 libopencm3/lib\libopencm3_stm32f1.a(rcc.o)
                0x20000574                rcc_apb2_frequency
 .data.rcc_apb1_frequency
                0x20000578        0x4 libopencm3/lib\libopencm3_stm32f1.a(rcc.o)
                0x20000578                rcc_apb1_frequency
 *(.ramtext*)
                0x2000057c                        . = ALIGN (0x4)
                0x2000057c                        _edata = .
                0x0800a484                        _data_loadaddr = LOADADDR (.data)

.igot.plt       0x2000057c        0x0 load address 0x0800aa00
 .igot.plt      0x2000057c        0x0 obj/main.o

.bss            0x2000057c      0x3b0 load address 0x0800aa00
 *(.bss*)
 .bss.Gcount    0x2000057c        0x1 obj/main.o
                0x2000057c                Gcount
 *fill*         0x2000057d        0x3 
 .bss._ZL6canSdo
                0x20000580        0x4 obj/main.o
 .bss._ZL6canMap
                0x20000584        0x4 obj/main.o
 .bss._ZL3can   0x20000588        0x4 obj/main.o
 .bss._ZL9scheduler
                0x2000058c        0x4 obj/main.o
 .bss._ZN5ParamL5flagsE
                0x20000590       0xbf obj/params.o
 *fill*         0x2000064f        0x1 
 .bss._ZN8Terminal15defaultTerminalE
                0x20000650        0x4 obj/terminal.o
                0x20000650                Terminal::defaultTerminal
 .bss._ZN5DigIo4DIN2E
                0x20000654        0x8 obj/digio.o
                0x20000654                DigIo::DIN2
 .bss._ZN5DigIo4DIN1E
                0x2000065c        0x8 obj/digio.o
                0x2000065c                DigIo::DIN1
 .bss._ZN5DigIo3CHGE
                0x20000664        0x8 obj/digio.o
                0x20000664                DigIo::CHG
 .bss._ZN5DigIo3IGNE
                0x2000066c        0x8 obj/digio.o
                0x2000066c                DigIo::IGN
 .bss._ZN5DigIo7TIM3CH4E
                0x20000674        0x8 obj/digio.o
                0x20000674                DigIo::TIM3CH4
 .bss._ZN5DigIo7TIM3CH3E
                0x2000067c        0x8 obj/digio.o
                0x2000067c                DigIo::TIM3CH3
 .bss._ZN5DigIo4LOW2E
                0x20000684        0x8 obj/digio.o
                0x20000684                DigIo::LOW2
 .bss._ZN5DigIo4LOW1E
                0x2000068c        0x8 obj/digio.o
                0x2000068c                DigIo::LOW1
 .bss._ZN5DigIo3FANE
                0x20000694        0x8 obj/digio.o
                0x20000694                DigIo::FAN
 .bss._ZN5DigIo4PUMPE
                0x2000069c        0x8 obj/digio.o
                0x2000069c                DigIo::PUMP
 .bss._ZN5DigIo3POSE
                0x200006a4        0x8 obj/digio.o
                0x200006a4                DigIo::POS
 .bss._ZN5DigIo3NEGE
                0x200006ac        0x8 obj/digio.o
                0x200006ac                DigIo::NEG
 .bss._ZN5DigIo7BMAN_CSE
                0x200006b4        0x8 obj/digio.o
                0x200006b4                DigIo::BMAN_CS
 .bss._ZN5DigIo7BMAN_ENE
                0x200006bc        0x8 obj/digio.o
                0x200006bc                DigIo::BMAN_EN
 .bss._ZN5DigIo7LED_ACTE
                0x200006c4        0x8 obj/digio.o
                0x200006c4                DigIo::LED_ACT
 .bss._ZN8SineCore11ZERO_OFFSETE
                0x200006cc        0x2 obj/sine_core.o
                0x200006cc                SineCore::ZERO_OFFSET
 *fill*         0x200006ce        0x2 
 .bss._ZN5AnaIn3AinE
                0x200006d0        0x4 obj/anain.o
                0x200006d0                AnaIn::Ain
 .bss._ZN5AnaIn6VsenseE
                0x200006d4        0x4 obj/anain.o
                0x200006d4                AnaIn::Vsense
 .bss._ZN5AnaIn6valuesE
                0x200006d8       0x30 obj/anain.o
                0x200006d8                AnaIn::values
 .bss._ZN5AnaIn13channel_arrayE
                0x20000708        0x2 obj/anain.o
                0x20000708                AnaIn::channel_array
 *fill*         0x2000070a        0x2 
 .bss._ZN4SBOX8Voltage2E
                0x2000070c        0x4 obj/bmw_sbox.o
                0x2000070c                SBOX::Voltage2
 .bss._ZN4SBOX7VoltageE
                0x20000710        0x4 obj/bmw_sbox.o
                0x20000710                SBOX::Voltage
 .bss._ZN4SBOX7AmperesE
                0x20000714        0x4 obj/bmw_sbox.o
                0x20000714                SBOX::Amperes
 .bss._ZN3ISA11TemperatureE
                0x20000718        0x4 obj/isa_shunt.o
                0x20000718                ISA::Temperature
 .bss._ZN12ErrorMessage8timeTickE
                0x2000071c        0x4 obj/errormessage.o
                0x2000071c                ErrorMessage::timeTick
 .bss._ZN8Stm32Can10interfacesE
                0x20000720        0x8 obj/stm32_can.o
                0x20000720                Stm32Can::interfaces
 .bss._ZN6CanMap8isSavingE
                0x20000728        0x1 obj/canmap.o
                0x20000728                CanMap::isSaving
 *fill*         0x20000729        0x3 
 .bss._ZN16TerminalCommands6canMapE
                0x2000072c        0x4 obj/terminalcommands.o
                0x2000072c                TerminalCommands::canMap
 .bss._ZL7curTerm
                0x20000730        0x4 obj/terminalcommands.o
 .bss.Cell2start
                0x20000734        0x4 obj/BatMan.o
                0x20000734                Cell2start
 .bss.Cell1start
                0x20000738        0x4 obj/BatMan.o
                0x20000738                Cell1start
 .bss.BalEven   0x2000073c        0x1 obj/BatMan.o
                0x2000073c                BalEven
 *fill*         0x2000073d        0x3 
 .bss.TempMax   0x20000740        0x4 obj/BatMan.o
                0x20000740                TempMax
 .bss.CellVMax  0x20000744        0x4 obj/BatMan.o
                0x20000744                CellVMax
 .bss.ChipNum   0x20000748        0x1 obj/BatMan.o
                0x20000748                ChipNum
 *fill*         0x20000749        0x1 
 .bss.IdleCnt   0x2000074a        0x2 obj/BatMan.o
                0x2000074a                IdleCnt
 .bss.LoopRanCnt
                0x2000074c        0x2 obj/BatMan.o
                0x2000074c                LoopRanCnt
 .bss.LoopState
                0x2000074e        0x2 obj/BatMan.o
                0x2000074e                LoopState
 .bss.BalanceFlag
                0x20000750        0x1 obj/BatMan.o
                0x20000750                BalanceFlag
 *fill*         0x20000751        0x3 
 .bss.Cfg       0x20000754       0x20 obj/BatMan.o
                0x20000754                Cfg
 .bss.ChipV     0x20000774       0x10 obj/BatMan.o
                0x20000774                ChipV
 .bss.Volts5v   0x20000784       0x10 obj/BatMan.o
                0x20000784                Volts5v
 .bss.Temp2     0x20000794       0x10 obj/BatMan.o
                0x20000794                Temp2
 .bss.Temp1     0x200007a4       0x10 obj/BatMan.o
                0x200007a4                Temp1
 .bss.Temps     0x200007b4       0x10 obj/BatMan.o
                0x200007b4                Temps
 .bss.CellBalCmd
                0x200007c4       0x10 obj/BatMan.o
                0x200007c4                CellBalCmd
 .bss.Voltage   0x200007d4       0xf0 obj/BatMan.o
                0x200007d4                Voltage
 .bss.count3    0x200008c4        0x1 obj/BatMan.o
                0x200008c4                count3
 .bss.count2    0x200008c5        0x1 obj/BatMan.o
                0x200008c5                count2
 .bss.count1    0x200008c6        0x1 obj/BatMan.o
                0x200008c6                count1
 *fill*         0x200008c7        0x1 
 .bss.Fluffer   0x200008c8       0x48 obj/BatMan.o
                0x200008c8                Fluffer
 .bss.tempval2  0x20000910        0x4 obj/BatMan.o
                0x20000910                tempval2
 .bss.tempval1  0x20000914        0x4 obj/BatMan.o
                0x20000914                tempval1
 .bss.receive2  0x20000918        0x2 obj/BatMan.o
                0x20000918                receive2
 .bss.receive1  0x2000091a        0x2 obj/BatMan.o
                0x2000091a                receive1
 .bss.padding   0x2000091c        0x2 obj/BatMan.o
                0x2000091c                padding
 *fill*         0x2000091e        0x2 
 .bss.asDiff    0x20000920        0x4 obj/BMSUtil.o
                0x20000920                asDiff
 .bss.NoCurCounter
                0x20000924        0x4 obj/BMSUtil.o
                0x20000924                NoCurCounter
 .bss.TempSOC   0x20000928        0x2 obj/BMSUtil.o
                0x20000928                TempSOC
 *(COMMON)
                0x2000092c                        . = ALIGN (0x4)
 *fill*         0x2000092a        0x2 
                0x2000092c                        _ebss = .

/DISCARD/
 *(.eh_frame)
                0x2000092c                        . = ALIGN (0x4)
                0x2000092c                        end = .
                0x20005000                        PROVIDE (_stack = (ORIGIN (ram) + LENGTH (ram)))
OUTPUT(RaVus-BMS elf32-littlearm)
LOAD linker stubs

.debug_info     0x00000000    0x1dc64
 .debug_info    0x00000000     0x2820 obj/main.o
 .debug_info    0x00002820     0x14ac obj/hwinit.o
 .debug_info    0x00003ccc      0x641 obj/stm32scheduler.o
 .debug_info    0x0000430d      0xcd4 obj/params.o
 .debug_info    0x00004fe1     0x1764 obj/terminal.o
 .debug_info    0x00006745      0xa66 obj/terminal_prj.o
 .debug_info    0x000071ab      0x463 obj/digio.o
 .debug_info    0x0000760e      0x752 obj/sine_core.o
 .debug_info    0x00007d60      0xb4a obj/printf.o
 .debug_info    0x000088aa      0x948 obj/anain.o
 .debug_info    0x000091f2      0x5c3 obj/bmw_sbox.o
 .debug_info    0x000097b5      0xab6 obj/isa_shunt.o
 .debug_info    0x0000a26b      0xb20 obj/param_save.o
 .debug_info    0x0000ad8b      0x51d obj/errormessage.o
 .debug_info    0x0000b2a8     0x14ff obj/stm32_can.o
 .debug_info    0x0000c7a7      0x7dd obj/canhardware.o
 .debug_info    0x0000cf84     0x28df obj/canmap.o
 .debug_info    0x0000f863     0x1e9f obj/terminalcommands.o
 .debug_info    0x00011702     0x236c obj/BatMan.o
 .debug_info    0x00013a6e     0x1ad8 obj/cansdo.o
 .debug_info    0x00015546      0x866 obj/BMSUtil.o
 .debug_info    0x00015dac      0x397 libopencm3/lib\libopencm3_stm32f1.a(adc.o)
 .debug_info    0x00016143      0x888 libopencm3/lib\libopencm3_stm32f1.a(adc_common_v1.o)
 .debug_info    0x000169cb      0xbaf libopencm3/lib\libopencm3_stm32f1.a(can.o)
 .debug_info    0x0001757a      0x119 libopencm3/lib\libopencm3_stm32f1.a(crc_common_all.o)
 .debug_info    0x00017693       0xe8 libopencm3/lib\libopencm3_stm32f1.a(desig_common_v1.o)
 .debug_info    0x0001777b      0x781 libopencm3/lib\libopencm3_stm32f1.a(dma_common_l1f013.o)
 .debug_info    0x00017efc      0x35e libopencm3/lib\libopencm3_stm32f1.a(flash.o)
 .debug_info    0x0001825a       0xf1 libopencm3/lib\libopencm3_stm32f1.a(flash_common_all.o)
 .debug_info    0x0001834b       0xb9 libopencm3/lib\libopencm3_stm32f1.a(flash_common_f.o)
 .debug_info    0x00018404      0x20d libopencm3/lib\libopencm3_stm32f1.a(flash_common_f01.o)
 .debug_info    0x00018611      0x1f8 libopencm3/lib\libopencm3_stm32f1.a(gpio.o)
 .debug_info    0x00018809      0x256 libopencm3/lib\libopencm3_stm32f1.a(gpio_common_all.o)
 .debug_info    0x00018a5f      0x177 libopencm3/lib\libopencm3_stm32f1.a(iwdg_common_all.o)
 .debug_info    0x00018bd6     0x14d0 libopencm3/lib\libopencm3_stm32f1.a(rcc.o)
 .debug_info    0x0001a0a6      0x60d libopencm3/lib\libopencm3_stm32f1.a(rcc_common_all.o)
 .debug_info    0x0001a6b3      0x6e9 libopencm3/lib\libopencm3_stm32f1.a(rtc.o)
 .debug_info    0x0001ad9c      0x96c libopencm3/lib\libopencm3_stm32f1.a(spi_common_all.o)
 .debug_info    0x0001b708      0x155 libopencm3/lib\libopencm3_stm32f1.a(spi_common_v1.o)
 .debug_info    0x0001b85d      0xff0 libopencm3/lib\libopencm3_stm32f1.a(timer_common_all.o)
 .debug_info    0x0001c84d      0x582 libopencm3/lib\libopencm3_stm32f1.a(usart_common_all.o)
 .debug_info    0x0001cdcf      0x192 libopencm3/lib\libopencm3_stm32f1.a(usart_common_f124.o)
 .debug_info    0x0001cf61      0x2c4 libopencm3/lib\libopencm3_stm32f1.a(vector.o)
 .debug_info    0x0001d225       0xdb libopencm3/lib\libopencm3_stm32f1.a(scb.o)
 .debug_info    0x0001d300      0x239 libopencm3/lib\libopencm3_stm32f1.a(nvic.o)
 .debug_info    0x0001d539      0x1a1 libopencm3/lib\libopencm3_stm32f1.a(pwr_common_v1.o)
 .debug_info    0x0001d6da       0xd3 C:/msys64/mingw64/bin/../lib/gcc/arm-none-eabi/13.3.0/thumb/v7/nofp\libgcc.a(_arm_addsubdf3.o)
 .debug_info    0x0001d7ad       0x57 C:/msys64/mingw64/bin/../lib/gcc/arm-none-eabi/13.3.0/thumb/v7/nofp\libgcc.a(_arm_muldivdf3.o)
 .debug_info    0x0001d804       0x3c C:/msys64/mingw64/bin/../lib/gcc/arm-none-eabi/13.3.0/thumb/v7/nofp\libgcc.a(_arm_fixdfsi.o)
 .debug_info    0x0001d840       0x3c C:/msys64/mingw64/bin/../lib/gcc/arm-none-eabi/13.3.0/thumb/v7/nofp\libgcc.a(_arm_fixunsdfsi.o)
 .debug_info    0x0001d87c       0x3f C:/msys64/mingw64/bin/../lib/gcc/arm-none-eabi/13.3.0/thumb/v7/nofp\libgcc.a(_arm_truncdfsf2.o)
 .debug_info    0x0001d8bb       0xca C:/msys64/mingw64/bin/../lib/gcc/arm-none-eabi/13.3.0/thumb/v7/nofp\libgcc.a(_arm_addsubsf3.o)
 .debug_info    0x0001d985       0x57 C:/msys64/mingw64/bin/../lib/gcc/arm-none-eabi/13.3.0/thumb/v7/nofp\libgcc.a(_arm_muldivsf3.o)
 .debug_info    0x0001d9dc       0xdb C:/msys64/mingw64/bin/../lib/gcc/arm-none-eabi/13.3.0/thumb/v7/nofp\libgcc.a(_arm_cmpsf2.o)
 .debug_info    0x0001dab7       0x3c C:/msys64/mingw64/bin/../lib/gcc/arm-none-eabi/13.3.0/thumb/v7/nofp\libgcc.a(_arm_fixsfsi.o)
 .debug_info    0x0001daf3       0x3c C:/msys64/mingw64/bin/../lib/gcc/arm-none-eabi/13.3.0/thumb/v7/nofp\libgcc.a(_arm_fixunssfsi.o)
 .debug_info    0x0001db2f      0x135 C:/msys64/mingw64/bin/../lib/gcc/arm-none-eabi/13.3.0/../../../../arm-none-eabi/lib/thumb/v7/nofp\libc.a(libc_a-memset.o)

.debug_abbrev   0x00000000     0x6a95
 .debug_abbrev  0x00000000      0x78c obj/main.o
 .debug_abbrev  0x0000078c      0x26d obj/hwinit.o
 .debug_abbrev  0x000009f9      0x27a obj/stm32scheduler.o
 .debug_abbrev  0x00000c73      0x266 obj/params.o
 .debug_abbrev  0x00000ed9      0x4da obj/terminal.o
 .debug_abbrev  0x000013b3      0x261 obj/terminal_prj.o
 .debug_abbrev  0x00001614      0x1fe obj/digio.o
 .debug_abbrev  0x00001812      0x274 obj/sine_core.o
 .debug_abbrev  0x00001a86      0x384 obj/printf.o
 .debug_abbrev  0x00001e0a      0x345 obj/anain.o
 .debug_abbrev  0x0000214f      0x261 obj/bmw_sbox.o
 .debug_abbrev  0x000023b0      0x2af obj/isa_shunt.o
 .debug_abbrev  0x0000265f      0x25e obj/param_save.o
 .debug_abbrev  0x000028bd      0x291 obj/errormessage.o
 .debug_abbrev  0x00002b4e      0x49a obj/stm32_can.o
 .debug_abbrev  0x00002fe8      0x342 obj/canhardware.o
 .debug_abbrev  0x0000332a      0x69d obj/canmap.o
 .debug_abbrev  0x000039c7      0x403 obj/terminalcommands.o
 .debug_abbrev  0x00003dca      0x3d7 obj/BatMan.o
 .debug_abbrev  0x000041a1      0x5dd obj/cansdo.o
 .debug_abbrev  0x0000477e      0x1b6 obj/BMSUtil.o
 .debug_abbrev  0x00004934      0x195 libopencm3/lib\libopencm3_stm32f1.a(adc.o)
 .debug_abbrev  0x00004ac9      0x1ab libopencm3/lib\libopencm3_stm32f1.a(adc_common_v1.o)
 .debug_abbrev  0x00004c74      0x2bd libopencm3/lib\libopencm3_stm32f1.a(can.o)
 .debug_abbrev  0x00004f31       0xb6 libopencm3/lib\libopencm3_stm32f1.a(crc_common_all.o)
 .debug_abbrev  0x00004fe7       0x8e libopencm3/lib\libopencm3_stm32f1.a(desig_common_v1.o)
 .debug_abbrev  0x00005075      0x168 libopencm3/lib\libopencm3_stm32f1.a(dma_common_l1f013.o)
 .debug_abbrev  0x000051dd      0x1a2 libopencm3/lib\libopencm3_stm32f1.a(flash.o)
 .debug_abbrev  0x0000537f       0x96 libopencm3/lib\libopencm3_stm32f1.a(flash_common_all.o)
 .debug_abbrev  0x00005415       0x56 libopencm3/lib\libopencm3_stm32f1.a(flash_common_f.o)
 .debug_abbrev  0x0000546b       0xf5 libopencm3/lib\libopencm3_stm32f1.a(flash_common_f01.o)
 .debug_abbrev  0x00005560       0xd2 libopencm3/lib\libopencm3_stm32f1.a(gpio.o)
 .debug_abbrev  0x00005632      0x115 libopencm3/lib\libopencm3_stm32f1.a(gpio_common_all.o)
 .debug_abbrev  0x00005747      0x10e libopencm3/lib\libopencm3_stm32f1.a(iwdg_common_all.o)
 .debug_abbrev  0x00005855      0x2be libopencm3/lib\libopencm3_stm32f1.a(rcc.o)
 .debug_abbrev  0x00005b13      0x185 libopencm3/lib\libopencm3_stm32f1.a(rcc_common_all.o)
 .debug_abbrev  0x00005c98      0x20e libopencm3/lib\libopencm3_stm32f1.a(rtc.o)
 .debug_abbrev  0x00005ea6      0x1e7 libopencm3/lib\libopencm3_stm32f1.a(spi_common_all.o)
 .debug_abbrev  0x0000608d       0xd3 libopencm3/lib\libopencm3_stm32f1.a(spi_common_v1.o)
 .debug_abbrev  0x00006160      0x1ae libopencm3/lib\libopencm3_stm32f1.a(timer_common_all.o)
 .debug_abbrev  0x0000630e      0x164 libopencm3/lib\libopencm3_stm32f1.a(usart_common_all.o)
 .debug_abbrev  0x00006472       0xb6 libopencm3/lib\libopencm3_stm32f1.a(usart_common_f124.o)
 .debug_abbrev  0x00006528      0x149 libopencm3/lib\libopencm3_stm32f1.a(vector.o)
 .debug_abbrev  0x00006671       0x88 libopencm3/lib\libopencm3_stm32f1.a(scb.o)
 .debug_abbrev  0x000066f9       0xb6 libopencm3/lib\libopencm3_stm32f1.a(nvic.o)
 .debug_abbrev  0x000067af       0x9f libopencm3/lib\libopencm3_stm32f1.a(pwr_common_v1.o)
 .debug_abbrev  0x0000684e       0x28 C:/msys64/mingw64/bin/../lib/gcc/arm-none-eabi/13.3.0/thumb/v7/nofp\libgcc.a(_arm_addsubdf3.o)
 .debug_abbrev  0x00006876       0x28 C:/msys64/mingw64/bin/../lib/gcc/arm-none-eabi/13.3.0/thumb/v7/nofp\libgcc.a(_arm_muldivdf3.o)
 .debug_abbrev  0x0000689e       0x28 C:/msys64/mingw64/bin/../lib/gcc/arm-none-eabi/13.3.0/thumb/v7/nofp\libgcc.a(_arm_fixdfsi.o)
 .debug_abbrev  0x000068c6       0x28 C:/msys64/mingw64/bin/../lib/gcc/arm-none-eabi/13.3.0/thumb/v7/nofp\libgcc.a(_arm_fixunsdfsi.o)
 .debug_abbrev  0x000068ee       0x28 C:/msys64/mingw64/bin/../lib/gcc/arm-none-eabi/13.3.0/thumb/v7/nofp\libgcc.a(_arm_truncdfsf2.o)