Archive member included to satisfy reference by file (symbol)

libopencm3/lib\libopencm3_stm32f1.a(adc.o)
                              obj/anain.o (adc_power_on)
libopencm3/lib\libopencm3_stm32f1.a(adc_common_v1.o)
                              obj/anain.o (adc_power_off)
libopencm3/lib\libopencm3_stm32f1.a(can.o)
                              obj/stm32_can.o (can_reset)
libopencm3/lib\libopencm3_stm32f1.a(crc_common_all.o)
                              obj/hwinit.o (crc_reset)
libopencm3/lib\libopencm3_stm32f1.a(desig_common_v1.o)
                              obj/hwinit.o (desig_get_flash_size)
libopencm3/lib\libopencm3_stm32f1.a(dma_common_l1f013.o)
                              obj/terminal.o (dma_channel_reset)
libopencm3/lib\libopencm3_stm32f1.a(flash.o)
                              obj/hwinit.o (flash_erase_page)
libopencm3/lib\libopencm3_stm32f1.a(flash_common_all.o)
                              obj/canmap.o (flash_set_ws)
libopencm3/lib\libopencm3_stm32f1.a(flash_common_f.o)
                              obj/hwinit.o (flash_unlock)
libopencm3/lib\libopencm3_stm32f1.a(flash_common_f01.o)
                              libopencm3/lib\libopencm3_stm32f1.a(flash.o) (flash_clear_pgerr_flag)
libopencm3/lib\libopencm3_stm32f1.a(gpio.o)
                              obj/hwinit.o (gpio_set_mode)
libopencm3/lib\libopencm3_stm32f1.a(gpio_common_all.o)
                              obj/main.o (gpio_set)
libopencm3/lib\libopencm3_stm32f1.a(iwdg_common_all.o)
                              obj/main.o (iwdg_reset)
libopencm3/lib\libopencm3_stm32f1.a(rcc.o)
                              obj/stm32scheduler.o (rcc_apb1_frequency)
libopencm3/lib\libopencm3_stm32f1.a(rcc_common_all.o)
                              obj/hwinit.o (rcc_periph_clock_enable)
libopencm3/lib\libopencm3_stm32f1.a(rtc.o)
                              obj/main.o (rtc_get_counter_val)
libopencm3/lib\libopencm3_stm32f1.a(spi_common_all.o)
                              obj/hwinit.o (spi_reset)
libopencm3/lib\libopencm3_stm32f1.a(spi_common_v1.o)
                              obj/hwinit.o (spi_init_master)
libopencm3/lib\libopencm3_stm32f1.a(timer_common_all.o)
                              obj/stm32scheduler.o (timer_enable_irq)
libopencm3/lib\libopencm3_stm32f1.a(usart_common_all.o)
                              obj/hwinit.o (usart_set_baudrate)
libopencm3/lib\libopencm3_stm32f1.a(usart_common_f124.o)
                              libopencm3/lib\libopencm3_stm32f1.a(usart_common_all.o) (usart_send)
libopencm3/lib\libopencm3_stm32f1.a(vector.o)
                              (reset_handler)
libopencm3/lib\libopencm3_stm32f1.a(scb.o)
                              obj/terminalcommands.o (scb_reset_system)
libopencm3/lib\libopencm3_stm32f1.a(nvic.o)
                              obj/hwinit.o (nvic_enable_irq)
libopencm3/lib\libopencm3_stm32f1.a(assert.o)
                              libopencm3/lib\libopencm3_stm32f1.a(rcc.o) (cm3_assert_failed)
libopencm3/lib\libopencm3_stm32f1.a(pwr_common_v1.o)
                              libopencm3/lib\libopencm3_stm32f1.a(rtc.o) (pwr_disable_backup_domain_write_protect)
C:/msys64/mingw64/bin/../lib/gcc/arm-none-eabi/13.3.0/thumb/v7/nofp\libgcc.a(_arm_muldf3.o)
                              obj/BatMan.o (__aeabi_dmul)
C:/msys64/mingw64/bin/../lib/gcc/arm-none-eabi/13.3.0/thumb/v7/nofp\libgcc.a(_arm_mulsf3.o)
                              obj/params.o (__aeabi_fmul)
C:/msys64/mingw64/bin/../lib/gcc/arm-none-eabi/13.3.0/thumb/v7/nofp\libgcc.a(_arm_addsubdf3.o)
                              obj/BatMan.o (__aeabi_dsub)
C:/msys64/mingw64/bin/../lib/gcc/arm-none-eabi/13.3.0/thumb/v7/nofp\libgcc.a(_arm_muldivdf3.o)
                              obj/BatMan.o (__aeabi_ddiv)
C:/msys64/mingw64/bin/../lib/gcc/arm-none-eabi/13.3.0/thumb/v7/nofp\libgcc.a(_arm_fixunsdfsi.o)
                              obj/BatMan.o (__aeabi_d2uiz)
C:/msys64/mingw64/bin/../lib/gcc/arm-none-eabi/13.3.0/thumb/v7/nofp\libgcc.a(_arm_truncdfsf2.o)
                              obj/BatMan.o (__aeabi_d2f)
C:/msys64/mingw64/bin/../lib/gcc/arm-none-eabi/13.3.0/thumb/v7/nofp\libgcc.a(_arm_addsubsf3.o)
                              obj/picontroller.o (__aeabi_fsub)
C:/msys64/mingw64/bin/../lib/gcc/arm-none-eabi/13.3.0/thumb/v7/nofp\libgcc.a(_arm_muldivsf3.o)
                              obj/main.o (__aeabi_fdiv)
C:/msys64/mingw64/bin/../lib/gcc/arm-none-eabi/13.3.0/thumb/v7/nofp\libgcc.a(_arm_cmpsf2.o)
                              obj/picontroller.o (__aeabi_fcmpeq)
C:/msys64/mingw64/bin/../lib/gcc/arm-none-eabi/13.3.0/thumb/v7/nofp\libgcc.a(_arm_fixsfsi.o)
                              obj/params.o (__aeabi_f2iz)
C:/msys64/mingw64/bin/../lib/gcc/arm-none-eabi/13.3.0/thumb/v7/nofp\libgcc.a(_arm_fixunssfsi.o)
                              obj/BMSUtil.o (__aeabi_f2uiz)
C:/msys64/mingw64/bin/../lib/gcc/arm-none-eabi/13.3.0/../../../../arm-none-eabi/lib/thumb/v7/nofp\libc.a(libc_a-memset.o)
                              obj/BatMan.o (memset)

[...]
Memory Configuration

Name             Origin             Length             Attributes
rom              0x08001000         0x0001e000         xr
ram              0x20000000         0x00005000         xrw
*default*        0x00000000         0xffffffff

Linker script and memory map

LOAD obj/main.o
LOAD obj/hwinit.o
LOAD obj/stm32scheduler.o
LOAD obj/params.o
LOAD obj/terminal.o
LOAD obj/terminal_prj.o
LOAD obj/my_string.o
LOAD obj/digio.o
LOAD obj/sine_core.o
LOAD obj/my_fp.o
LOAD obj/printf.o
LOAD obj/anain.o
LOAD obj/bmw_sbox.o
LOAD obj/isa_shunt.o
LOAD obj/param_save.o
LOAD obj/errormessage.o
LOAD obj/stm32_can.o
LOAD obj/canhardware.o
LOAD obj/canmap.o
LOAD obj/picontroller.o
LOAD obj/terminalcommands.o
LOAD obj/BatMan.o
LOAD obj/ModelS.o
LOAD obj/cansdo.o
LOAD obj/BMSUtil.o
LOAD libopencm3/lib\libopencm3_stm32f1.a
START GROUP
LOAD C:/msys64/mingw64/bin/../lib/gcc/arm-none-eabi/13.3.0/thumb/v7/nofp\libgcc.a
LOAD C:/msys64/mingw64/bin/../lib/gcc/arm-none-eabi/13.3.0/../../../../arm-none-eabi/lib/thumb/v7/nofp\libc.a
END GROUP

.text           0x08001000     0xa21c
 *(.vectors)
 .vectors       0x08001000      0x150 libopencm3/lib\libopencm3_stm32f1.a(vector.o)
                0x08001000                vector_table
 *(.text*)
 .text._ZN23FunctionPointerCallback8HandleRxEmPmh
                0x08001150       0x10 obj/main.o
                0x08001150                FunctionPointerCallback::HandleRx(unsigned long, unsigned long*, unsigned char)
 .text._ZN23FunctionPointerCallback11HandleClearEv
                0x08001160        0x8 obj/main.o
                0x08001160                FunctionPointerCallback::HandleClear()
 .text._ZL13SetCanFiltersv
                0x08001168       0x4c obj/main.o
 .text._ZL9Ms200Taskv
                0x080011b4        0xc obj/main.o
 .text._ZL8Ms10Taskv
                0x080011c0       0xd0 obj/main.o
 .text._ZN5DigIo3GetEv
                0x08001290       0x1c obj/main.o
                0x08001290                DigIo::Get()
 .text.__cxa_pure_virtual
                0x080012ac        0x2 obj/main.o
                0x080012ac                __cxa_pure_virtual
 *fill*         0x080012ae        0x2 
 .text.Can_Tasks
                0x080012b0       0x4c obj/main.o
                0x080012b0                Can_Tasks
 .text._ZL9Ms100Taskv
                0x080012fc      0x134 obj/main.o
 .text._Z9DecodeCANiPm
                0x08001430       0x14 obj/main.o
                0x08001430                DecodeCAN(int, unsigned long*)
 .text._ZL11CanCallbackmPmh
                0x08001444       0x44 obj/main.o
 .text._ZN5Param6ChangeENS_9PARAM_NUME
                0x08001488       0x3c obj/main.o
                0x08001488                Param::Change(Param::PARAM_NUM)
 .text.tim2_isr
                0x080014c4       0x10 obj/main.o
                0x080014c4                tim2_isr
 .text.main     0x080014d4      0x2b4 obj/main.o
                0x080014d4                main
 .text.LoadValues
                0x08001788       0xf8 obj/hwinit.o
                0x08001788                LoadValues
 .text.clock_setup
                0x08001880       0x8c obj/hwinit.o
                0x08001880                clock_setup
 .text.write_bootloader_pininit
                0x0800190c       0x90 obj/hwinit.o
                0x0800190c                write_bootloader_pininit
 .text.nvic_setup
                0x0800199c       0x12 obj/hwinit.o
                0x0800199c                nvic_setup
 .text.rtc_setup
                0x080019ae       0x14 obj/hwinit.o
                0x080019ae                rtc_setup
 *fill*         0x080019c2        0x2 
 .text.spi1_setup
                0x080019c4       0x70 obj/hwinit.o
                0x080019c4                spi1_setup
 .text.usart1_setup
                0x08001a34       0x58 obj/hwinit.o
                0x08001a34                usart1_setup
 .text.tim3_setup
                0x08001a8c      0x118 obj/hwinit.o
                0x08001a8c                tim3_setup
 .text.CH1Low1Hz
                0x08001ba4       0x50 obj/hwinit.o
                0x08001ba4                CH1Low1Hz
 .text.CH1Low2Hz
                0x08001bf4       0x58 obj/hwinit.o
                0x08001bf4                CH1Low2Hz
 .text.CH1Low10Hz
                0x08001c4c       0x60 obj/hwinit.o
                0x08001c4c                CH1Low10Hz
 .text.CH2Low1Hz
                0x08001cac       0x50 obj/hwinit.o
                0x08001cac                CH2Low1Hz
 .text.CH2Low2Hz
                0x08001cfc       0x58 obj/hwinit.o
                0x08001cfc                CH2Low2Hz
 .text.CH2Low10Hz
                0x08001d54       0x60 obj/hwinit.o
                0x08001d54                CH2Low10Hz
 .text._ZN14Stm32SchedulerC2Em
                0x08001db4       0x48 obj/stm32scheduler.o
                0x08001db4                Stm32Scheduler::Stm32Scheduler(unsigned long)
                0x08001db4                Stm32Scheduler::Stm32Scheduler(unsigned long)
 .text._ZN14Stm32Scheduler7AddTaskEPFvvEt
                0x08001dfc       0x6c obj/stm32scheduler.o
                0x08001dfc                Stm32Scheduler::AddTask(void (*)(), unsigned short)
 .text._ZN14Stm32Scheduler3RunEv
                0x08001e68       0x70 obj/stm32scheduler.o
                0x08001e68                Stm32Scheduler::Run()
 .text._ZN14Stm32Scheduler10GetCpuLoadEv
                0x08001ed8       0x30 obj/stm32scheduler.o
                0x08001ed8                Stm32Scheduler::GetCpuLoad()
 .text._ZN5Param3SetENS_9PARAM_NUMEl
                0x08001f08       0x3c obj/params.o
                0x08001f08                Param::Set(Param::PARAM_NUM, long)
 .text._ZN5Param3GetENS_9PARAM_NUME
                0x08001f44        0xc obj/params.o
                0x08001f44                Param::Get(Param::PARAM_NUM)
 .text._ZN5Param6GetIntENS_9PARAM_NUME
                0x08001f50       0x10 obj/params.o
                0x08001f50                Param::GetInt(Param::PARAM_NUM)
 .text._ZN5Param8GetFloatENS_9PARAM_NUME
                0x08001f60       0x1c obj/params.o
                0x08001f60                Param::GetFloat(Param::PARAM_NUM)
 .text._ZN5Param6SetIntENS_9PARAM_NUMEi
                0x08001f7c       0x10 obj/params.o
                0x08001f7c                Param::SetInt(Param::PARAM_NUM, int)
 .text._ZN5Param8SetFixedENS_9PARAM_NUMEl
                0x08001f8c        0xc obj/params.o
                0x08001f8c                Param::SetFixed(Param::PARAM_NUM, long)
 .text._ZN5Param8SetFloatENS_9PARAM_NUMEf
                0x08001f98       0x20 obj/params.o
                0x08001f98                Param::SetFloat(Param::PARAM_NUM, float)
 .text._ZN5Param13NumFromStringEPKc
                0x08001fb8       0x2c obj/params.o
                0x08001fb8                Param::NumFromString(char const*)
 .text._ZN5Param9NumFromIdEm
                0x08001fe4       0x24 obj/params.o
                0x08001fe4                Param::NumFromId(unsigned long)
 .text._ZN5Param9GetAttribENS_9PARAM_NUME
                0x08002008       0x10 obj/params.o
                0x08002008                Param::GetAttrib(Param::PARAM_NUM)
 .text._ZN5Param12LoadDefaultsEv
                0x08002018       0x28 obj/params.o
                0x08002018                Param::LoadDefaults()
 .text._ZN5Param11SetFlagsRawENS_9PARAM_NUMEh
                0x08002040        0xc obj/params.o
                0x08002040                Param::SetFlagsRaw(Param::PARAM_NUM, unsigned char)
 .text._ZN5Param7SetFlagENS_9PARAM_NUMENS_10PARAM_FLAGE
                0x0800204c       0x10 obj/params.o
                0x0800204c                Param::SetFlag(Param::PARAM_NUM, Param::PARAM_FLAG)
 .text._ZN5Param9ClearFlagENS_9PARAM_NUMENS_10PARAM_FLAGE
                0x0800205c       0x10 obj/params.o
                0x0800205c                Param::ClearFlag(Param::PARAM_NUM, Param::PARAM_FLAG)
 .text._ZN5Param7GetFlagENS_9PARAM_NUME
                0x0800206c        0xc obj/params.o
                0x0800206c                Param::GetFlag(Param::PARAM_NUM)
 .text._ZN5Param7GetTypeENS_9PARAM_NUME
                0x08002078       0x14 obj/params.o
                0x08002078                Param::GetType(Param::PARAM_NUM)
 .text._ZN8Terminal10KeyPressedEv
                0x0800208c        0xc obj/terminal.o
                0x0800208c                Terminal::KeyPressed()
 .text._ZN8Terminal10FlushInputEv
                0x08002098        0xa obj/terminal.o
                0x08002098                Terminal::FlushInput()
 .text._ZN8Terminal8ResetDMAEv
                0x080020a2       0x34 obj/terminal.o
                0x080020a2                Terminal::ResetDMA()
 *fill*         0x080020d6        0x2 
 .text._ZN8TerminalC2EmPK8TERM_CMDbbb
                0x080020d8      0x164 obj/terminal.o
                0x080020d8                Terminal::Terminal(unsigned long, TERM_CMD const*, bool, bool, bool)
                0x080020d8                Terminal::Terminal(unsigned long, TERM_CMD const*, bool, bool, bool)
 .text._ZN8Terminal9CmdLookupEPc
                0x0800223c       0x2a obj/terminal.o
                0x0800223c                Terminal::CmdLookup(char*)
 .text._ZN8Terminal17SendCurrentBufferEm
                0x08002266       0x82 obj/terminal.o
                0x08002266                Terminal::SendCurrentBuffer(unsigned long)
 .text._ZN8Terminal7PutCharEc
                0x080022e8       0x4c obj/terminal.o
                0x080022e8                Terminal::PutChar(char)
 .text._ZN8Terminal10SendBinaryEPKhm
                0x08002334       0x32 obj/terminal.o
                0x08002334                Terminal::SendBinary(unsigned char const*, unsigned long)
 .text._ZN8Terminal4SendEPKc
                0x08002366       0x18 obj/terminal.o
                0x08002366                Terminal::Send(char const*)
 *fill*         0x0800237e        0x2 
 .text._ZN8Terminal10EnableUartEPc
                0x08002380       0x70 obj/terminal.o
                0x08002380                Terminal::EnableUart(char*)
 .text._ZN8Terminal8FastUartEPc
                0x080023f0       0x78 obj/terminal.o
                0x080023f0                Terminal::FastUart(char*)
 .text._ZN8Terminal4EchoEPc
                0x08002468       0x3c obj/terminal.o
                0x08002468                Terminal::Echo(char*)
 .text._ZN8Terminal3RunEv
                0x080024a4      0x190 obj/terminal.o
                0x080024a4                Terminal::Run()
 .text.putchar  0x08002634       0x18 obj/terminal.o
                0x08002634                putchar
 .text._ZL4HelpP8TerminalPc
                0x0800264c        0x2 obj/terminal_prj.o
 .text._ZL11PrintErrorsP8TerminalPc
                0x0800264e        0x8 obj/terminal_prj.o
 *fill*         0x08002656        0x2 
 .text._ZL11PrintSerialP8TerminalPc
                0x08002658       0x28 obj/terminal_prj.o
 .text._ZL12LoadDefaultsP8TerminalPc
                0x08002680       0x18 obj/terminal_prj.o
 .text._ZN16TerminalCommands15PrintParamsJsonEP8TerminalPc
                0x08002698        0x8 obj/terminal_prj.o
                0x08002698                TerminalCommands::PrintParamsJson(Terminal*, char*)
 .text.my_strcmp
                0x080026a0       0x1c obj/my_string.o
                0x080026a0                my_strcmp
 .text.my_strcpy
                0x080026bc       0x12 obj/my_string.o
                0x080026bc                my_strcpy
 .text.my_strlen
                0x080026ce        0xe obj/my_string.o
                0x080026ce                my_strlen
 .text.my_strchr
                0x080026dc       0x10 obj/my_string.o
                0x080026dc                my_strchr
 .text.my_ltoa  0x080026ec       0x56 obj/my_string.o
                0x080026ec                my_ltoa
 .text.my_atoi  0x08002742       0x30 obj/my_string.o
                0x08002742                my_atoi
 *fill*         0x08002772        0x2 
 .text.my_trim  0x08002774       0x54 obj/my_string.o
                0x08002774                my_trim
 .text.memcpy32
                0x080027c8       0x16 obj/my_string.o
                0x080027c8                memcpy32
 .text.memset32
                0x080027de        0xc obj/my_string.o
                0x080027de                memset32
 .text._ZN5DigIo9ConfigureEmtN7PinMode7PinModeE
                0x080027ea       0xa6 obj/digio.o
                0x080027ea                DigIo::Configure(unsigned long, unsigned short, PinMode::PinMode)
 .text._Z41__static_initialization_and_destruction_0v
                0x08002890       0x10 obj/sine_core.o
 .text._GLOBAL__sub_I__ZN8SineCore8minPulseE
                0x080028a0        0x8 obj/sine_core.o
 .text.fp_itoa  0x080028a8       0x5a obj/my_fp.o
                0x080028a8                fp_itoa
 .text.fp_atoi  0x08002902       0x62 obj/my_fp.o
                0x08002902                fp_atoi
 .text._ZL6printsP8IPutCharPKcii
                0x08002964       0x86 obj/printf.o
 .text._ZL6printiP8IPutChariiiiii
                0x080029ea       0xae obj/printf.o
 .text._ZN13ExternPutChar7PutCharEc
                0x08002a98        0xa obj/printf.o
                0x08002a98                ExternPutChar::PutChar(char)
 .text._ZL7printfpP8IPutChariii
                0x08002aa2       0x20 obj/printf.o
 *fill*         0x08002ac2        0x2 
 .text._ZL5printP8IPutCharPKcSt9__va_list
                0x08002ac4      0x16c obj/printf.o
 .text._Z6printfPKcz
                0x08002c30       0x28 obj/printf.o
                0x08002c30                printf(char const*, ...)
 .text._Z7fprintfP8IPutCharPKcz
                0x08002c58       0x1c obj/printf.o
                0x08002c58                fprintf(IPutChar*, char const*, ...)
 .text._Z41__static_initialization_and_destruction_0v
                0x08002c74       0x1c obj/anain.o
 .text._ZN5AnaIn5StartEv
                0x08002c90       0xe8 obj/anain.o
                0x08002c90                AnaIn::Start()
 .text._ZN5AnaIn7median3Eiii
                0x08002d78       0x24 obj/anain.o
                0x08002d78                AnaIn::median3(int, int, int)
 .text._ZN5AnaIn3GetEv
                0x08002d9c       0x44 obj/anain.o
                0x08002d9c                AnaIn::Get()
 .text._ZN5AnaIn13AdcChFromPortEmi
                0x08002de0       0x44 obj/anain.o
                0x08002de0                AnaIn::AdcChFromPort(unsigned long, int)
 .text._ZN5AnaIn9ConfigureEmh
                0x08002e24       0x38 obj/anain.o
                0x08002e24                AnaIn::Configure(unsigned long, unsigned char)
 .text._GLOBAL__sub_I__ZN5AnaIn13channel_arrayE
                0x08002e5c        0x8 obj/anain.o
 .text._ZN4SBOX19RegisterCanMessagesEP11CanHardware
                0x08002e64       0x28 obj/bmw_sbox.o
                0x08002e64                SBOX::RegisterCanMessages(CanHardware*)
 .text._ZN4SBOX9handle200EPm
                0x08002e8c       0x20 obj/bmw_sbox.o
                0x08002e8c                SBOX::handle200(unsigned long*)
 .text._ZN4SBOX9handle210EPm
                0x08002eac       0x20 obj/bmw_sbox.o
                0x08002eac                SBOX::handle210(unsigned long*)
 .text._ZN4SBOX9handle220EPm
                0x08002ecc       0x20 obj/bmw_sbox.o
                0x08002ecc                SBOX::handle220(unsigned long*)
 .text._ZN4SBOX9DecodeCANEiPm
                0x08002eec       0x2a obj/bmw_sbox.o
                0x08002eec                SBOX::DecodeCAN(int, unsigned long*)
 *fill*         0x08002f16        0x2 
 .text._ZL5delayv
                0x08002f18       0x14 obj/isa_shunt.o
 .text._ZN3ISA19RegisterCanMessagesEP11CanHardware
                0x08002f2c       0x64 obj/isa_shunt.o
                0x08002f2c                ISA::RegisterCanMessages(CanHardware*)
 .text._ZN3ISA4STOPEP11CanHardware
                0x08002f90       0x3c obj/isa_shunt.o
                0x08002f90                ISA::STOP(CanHardware*)
 .text._ZN3ISA9sendSTOREEP11CanHardware
                0x08002fcc       0x3a obj/isa_shunt.o
                0x08002fcc                ISA::sendSTORE(CanHardware*)
 .text._ZN3ISA5STARTEP11CanHardware
                0x08003006       0x3c obj/isa_shunt.o
                0x08003006                ISA::START(CanHardware*)
 *fill*         0x08003042        0x2 
 .text._ZN3ISA10initializeEP11CanHardware
                0x08003044       0x78 obj/isa_shunt.o
                0x08003044                ISA::initialize(CanHardware*)
 .text._ZL15GetFlashAddressv
                0x080030bc       0x12 obj/param_save.o
 .text.parm_save
                0x080030ce       0xb6 obj/param_save.o
                0x080030ce                parm_save
 .text.parm_load
                0x08003184       0x60 obj/param_save.o
                0x08003184                parm_load
 .text._ZN12ErrorMessage7SetTimeEm
                0x080031e4        0xc obj/errormessage.o
                0x080031e4                ErrorMessage::SetTime(unsigned long)
 .text._ZN12ErrorMessage11GetErrorNumEh
                0x080031f0       0x24 obj/errormessage.o
                0x080031f0                ErrorMessage::GetErrorNum(unsigned char)
 .text._ZN12ErrorMessage12GetErrorTimeEh
                0x08003214       0x18 obj/errormessage.o
                0x08003214                ErrorMessage::GetErrorTime(unsigned char)
 .text._ZN12ErrorMessage10PrintErrorEm17ERROR_MESSAGE_NUM
                0x0800322c       0x2c obj/errormessage.o
                0x0800322c                ErrorMessage::PrintError(unsigned long, ERROR_MESSAGE_NUM)
 .text._ZN12ErrorMessage14PrintAllErrorsEv
                0x08003258       0x3c obj/errormessage.o
                0x08003258                ErrorMessage::PrintAllErrors()
 .text._ZN8Stm32Can11SetBaudrateEN11CanHardware9baudratesE
                0x08003294       0x48 obj/stm32_can.o
                0x08003294                Stm32Can::SetBaudrate(CanHardware::baudrates)
 .text._ZN8Stm32Can4SendEmPmh
                0x080032dc       0x7c obj/stm32_can.o
                0x080032dc                Stm32Can::Send(unsigned long, unsigned long*, unsigned char)
 .text._ZN8Stm32Can12GetInterfaceEi
                0x08003358       0x14 obj/stm32_can.o
                0x08003358                Stm32Can::GetInterface(int)
 .text._ZN8Stm32Can13HandleMessageEi
                0x0800336c       0x54 obj/stm32_can.o
                0x0800336c                Stm32Can::HandleMessage(int)
 .text._ZN8Stm32Can8HandleTxEv
                0x080033c0       0x64 obj/stm32_can.o
                0x080033c0                Stm32Can::HandleTx()
 .text._ZN8Stm32Can13SetFilterBankERiS0_Pt
                0x08003424       0x56 obj/stm32_can.o
                0x08003424                Stm32Can::SetFilterBank(int&, int&, unsigned short*)
 .text._ZN8Stm32Can17SetFilterBankMaskERiS0_Pt
                0x0800347a       0x5a obj/stm32_can.o
                0x0800347a                Stm32Can::SetFilterBankMask(int&, int&, unsigned short*)
 .text._ZN8Stm32Can15SetFilterBank29ERiS0_Pm
                0x080034d4       0x38 obj/stm32_can.o
                0x080034d4                Stm32Can::SetFilterBank29(int&, int&, unsigned long*)
 .text._ZN8Stm32Can16ConfigureFiltersEv
                0x0800350c      0x134 obj/stm32_can.o
                0x0800350c                Stm32Can::ConfigureFilters()
 .text._ZN8Stm32CanC2EmN11CanHardware9baudratesEb
                0x08003640      0x174 obj/stm32_can.o
                0x08003640                Stm32Can::Stm32Can(unsigned long, CanHardware::baudrates, bool)
                0x08003640                Stm32Can::Stm32Can(unsigned long, CanHardware::baudrates, bool)
 .text.usb_lp_can_rx0_isr
                0x080037b4       0x10 obj/stm32_can.o
                0x080037b4                usb_lp_can_rx0_isr
 .text.can_rx1_isr
                0x080037c4       0x10 obj/stm32_can.o
                0x080037c4                can_rx1_isr
 .text.usb_hp_can_tx_isr
                0x080037d4        0xe obj/stm32_can.o
                0x080037d4                usb_hp_can_tx_isr
 .text.can2_rx0_isr
                0x080037e2       0x10 obj/stm32_can.o
                0x080037e2                can2_rx0_isr
 .text.can2_rx1_isr
                0x080037f2       0x10 obj/stm32_can.o
                0x080037f2                can2_rx1_isr
 .text.can2_tx_isr
                0x08003802        0xe obj/stm32_can.o
                0x08003802                can2_tx_isr
 .text._ZN12NullCallback8HandleRxEmPmh
                0x08003810        0x2 obj/canhardware.o
                0x08003810                NullCallback::HandleRx(unsigned long, unsigned long*, unsigned char)
 .text._ZN12NullCallback11HandleClearEv
                0x08003812        0x2 obj/canhardware.o
                0x08003812                NullCallback::HandleClear()
 .text._ZN11CanHardwareC2Ev
                0x08003814       0x2c obj/canhardware.o
                0x08003814                CanHardware::CanHardware()
                0x08003814                CanHardware::CanHardware()
 .text._ZN11CanHardware11AddCallbackEP11CanCallback
                0x08003840       0x1e obj/canhardware.o
                0x08003840                CanHardware::AddCallback(CanCallback*)
 .text._ZN11CanHardware19RegisterUserMessageEmm
                0x0800385e       0x46 obj/canhardware.o
                0x0800385e                CanHardware::RegisterUserMessage(unsigned long, unsigned long)
 .text._ZN11CanHardware17ClearUserMessagesEv
                0x080038a4       0x2c obj/canhardware.o
                0x080038a4                CanHardware::ClearUserMessages()
 .text._ZN11CanHardware8HandleRxEmPmh
                0x080038d0       0x32 obj/canhardware.o
                0x080038d0                CanHardware::HandleRx(unsigned long, unsigned long*, unsigned char)
 .text._ZN6CanMap11HandleClearEv
                0x08003902       0x32 obj/canmap.o
                0x08003902                CanMap::HandleClear()
 .text._ZN6CanMap7SendAllEv
                0x08003934      0x148 obj/canmap.o
                0x08003934                CanMap::SendAll()
 .text._ZN6CanMap6RemoveEbhh
                0x08003a7c       0xa4 obj/canmap.o
                0x08003a7c                CanMap::Remove(bool, unsigned char, unsigned char)
 .text._ZN6CanMap6RemoveEN5Param9PARAM_NUME
                0x08003b20       0x80 obj/canmap.o
                0x08003b20                CanMap::Remove(Param::PARAM_NUM)
 .text._ZN6CanMap7FindMapEN5Param9PARAM_NUMERmRhRaRfS4_Rb
                0x08003ba0       0x9a obj/canmap.o
                0x08003ba0                CanMap::FindMap(Param::PARAM_NUM, unsigned long&, unsigned char&, signed char&, float&, signed char&, bool&)
 .text._ZN6CanMap6GetMapEbhhRm
                0x08003c3a       0x6c obj/canmap.o
                0x08003c3a                CanMap::GetMap(bool, unsigned char, unsigned char, unsigned long&)
 .text._ZN6CanMap13IterateCanMapEPFvN5Param9PARAM_NUMEmhafabE
                0x08003ca6       0x7a obj/canmap.o
                0x08003ca6                CanMap::IterateCanMap(void (*)(Param::PARAM_NUM, unsigned long, unsigned char, signed char, float, signed char, bool))
 .text._ZN6CanMap8ClearMapEPNS_8CANIDMAPE
                0x08003d20       0x30 obj/canmap.o
                0x08003d20                CanMap::ClearMap(CanMap::CANIDMAP*)
 .text._ZN6CanMap5ClearEv
                0x08003d50       0x1e obj/canmap.o
                0x08003d50                CanMap::Clear()
 .text._ZN6CanMap11SaveToFlashEmPmi
                0x08003d6e       0x30 obj/canmap.o
                0x08003d6e                CanMap::SaveToFlash(unsigned long, unsigned long*, int)
 .text._ZN6CanMap8FindByIdEPNS_8CANIDMAPEm
                0x08003d9e       0x26 obj/canmap.o
                0x08003d9e                CanMap::FindById(CanMap::CANIDMAP*, unsigned long)
 .text._ZN6CanMap8HandleRxEmPmh
                0x08003dc4      0x130 obj/canmap.o
                0x08003dc4                CanMap::HandleRx(unsigned long, unsigned long*, unsigned char)
 .text._ZN6CanMap3AddEPNS_8CANIDMAPEN5Param9PARAM_NUMEmhafa
                0x08003ef4      0x128 obj/canmap.o
                0x08003ef4                CanMap::Add(CanMap::CANIDMAP*, Param::PARAM_NUM, unsigned long, unsigned char, signed char, float, signed char)
 .text._ZN6CanMap7AddSendEN5Param9PARAM_NUMEmhafa
                0x0800401c       0x32 obj/canmap.o
                0x0800401c                CanMap::AddSend(Param::PARAM_NUM, unsigned long, unsigned char, signed char, float, signed char)
 .text._ZN6CanMap7AddRecvEN5Param9PARAM_NUMEmhafa
                0x0800404e       0x50 obj/canmap.o
                0x0800404e                CanMap::AddRecv(Param::PARAM_NUM, unsigned long, unsigned char, signed char, float, signed char)
 .text._ZZN6CanMap19LegacyLoadFromFlashEvENKUlPZNS_19LegacyLoadFromFlashEvE15LEGACY_CANIDMAPPNS_8CANIDMAPEbE_clES1_S3_b
                0x0800409e       0x9e obj/canmap.o
 .text._ZN6CanMap15GetFlashAddressEv
                0x0800413c       0x12 obj/canmap.o
                0x0800413c                CanMap::GetFlashAddress()
 .text._ZN6CanMap19LegacyLoadFromFlashEv
                0x0800414e       0x4a obj/canmap.o
                0x0800414e                CanMap::LegacyLoadFromFlash()
 .text._ZN6CanMap21ReplaceParamEnumByUidEPNS_8CANIDMAPE
                0x08004198       0x42 obj/canmap.o
                0x08004198                CanMap::ReplaceParamEnumByUid(CanMap::CANIDMAP*)
 .text._ZN6CanMap21ReplaceParamUidByEnumEPNS_8CANIDMAPE
                0x080041da       0x40 obj/canmap.o
                0x080041da                CanMap::ReplaceParamUidByEnum(CanMap::CANIDMAP*)
 *fill*         0x0800421a        0x2 
 .text._ZN6CanMap4SaveEv
                0x0800421c       0xbc obj/canmap.o
                0x0800421c                CanMap::Save()
 .text._ZN6CanMap13LoadFromFlashEv
                0x080042d8       0x66 obj/canmap.o
                0x080042d8                CanMap::LoadFromFlash()
 *fill*         0x0800433e        0x2 
 .text._ZN6CanMapC2EP11CanHardwareb
                0x08004340       0x48 obj/canmap.o
                0x08004340                CanMap::CanMap(CanHardware*, bool)
                0x08004340                CanMap::CanMap(CanHardware*, bool)
 .text._ZN16TerminalCommands11PrintCanMapEN5Param9PARAM_NUMEmhafab
                0x08004388       0x80 obj/terminalcommands.o
                0x08004388                TerminalCommands::PrintCanMap(Param::PARAM_NUM, unsigned long, unsigned char, signed char, float, signed char, bool)
 .text._ZN16TerminalCommands8ParamSetEP8TerminalPc
                0x08004408       0x74 obj/terminalcommands.o
                0x08004408                TerminalCommands::ParamSet(Terminal*, char*)
 .text._ZN16TerminalCommands8ParamGetEP8TerminalPc
                0x0800447c       0x5c obj/terminalcommands.o
                0x0800447c                TerminalCommands::ParamGet(Terminal*, char*)
 .text._ZN16TerminalCommands9ParamFlagEP8TerminalPc
                0x080044d8       0xa8 obj/terminalcommands.o
                0x080044d8                TerminalCommands::ParamFlag(Terminal*, char*)
 .text._ZN16TerminalCommands15PrintParamsJsonEP8IPutCharPc
                0x08004580      0x158 obj/terminalcommands.o
                0x08004580                TerminalCommands::PrintParamsJson(IPutChar*, char*)
 .text._ZN16TerminalCommands6MapCanEP8TerminalPc
                0x080046d8      0x224 obj/terminalcommands.o
                0x080046d8                TerminalCommands::MapCan(Terminal*, char*)
 .text._ZN16TerminalCommands14SaveParametersEP8TerminalPc
                0x080048fc       0x4c obj/terminalcommands.o
                0x080048fc                TerminalCommands::SaveParameters(Terminal*, char*)
 .text._ZN16TerminalCommands14LoadParametersEP8TerminalPc
                0x08004948       0x34 obj/terminalcommands.o
                0x08004948                TerminalCommands::LoadParameters(Terminal*, char*)
 .text._ZN16TerminalCommands5ResetEP8TerminalPc
                0x0800497c        0x6 obj/terminalcommands.o
                0x0800497c                TerminalCommands::Reset(Terminal*, char*)
 .text._ZN16TerminalCommands19ParamNamesToIndexesEPcPN5Param9PARAM_NUMEm
                0x08004982       0x4c obj/terminalcommands.o
                0x08004982                TerminalCommands::ParamNamesToIndexes(char*, Param::PARAM_NUM*, unsigned long)
 *fill*         0x080049ce        0x2 
 .text._ZN16TerminalCommands11ParamStreamEP8TerminalPc
                0x080049d0       0xb0 obj/terminalcommands.o
                0x080049d0                TerminalCommands::ParamStream(Terminal*, char*)
 .text._ZN6BATMan8BatStartEv
                0x08004a80       0x14 obj/BatMan.o
                0x08004a80                BATMan::BatStart()
 .text._ZN6BATMan11GetTempDataEv
                0x08004a94       0xc8 obj/BatMan.o
                0x08004a94                BATMan::GetTempData()
 .text._ZN6BATMan6WakeUPEv
                0x08004b5c       0x58 obj/BatMan.o
                0x08004b5c                BATMan::WakeUP()
 .text._ZN6BATMan17Generic_Send_OnceEPth
                0x08004bb4       0x40 obj/BatMan.o
                0x08004bb4                BATMan::Generic_Send_Once(unsigned short*, unsigned char)
 .text._ZN6BATMan8IdleWakeEv
                0x08004bf4       0x28 obj/BatMan.o
                0x08004bf4                BATMan::IdleWake()
 .text._ZN6BATMan15upDateCellVoltsEv
                0x08004c1c      0x1c8 obj/BatMan.o
                0x08004c1c                BATMan::upDateCellVolts()
 *fill*         0x08004de4        0x4 
 .text._ZN6BATMan14upDateAuxVoltsEv
                0x08004de8      0x288 obj/BatMan.o
                0x08004de8                BATMan::upDateAuxVolts()
 .text._ZN6BATMan11upDateTempsEv
                0x08005070      0x1b8 obj/BatMan.o
                0x08005070                BATMan::upDateTemps()
 .text._ZN6BATMan7calcCRCEPhh
                0x08005228       0x2c obj/BatMan.o
                0x08005228                BATMan::calcCRC(unsigned char*, unsigned char)
 .text._ZN6BATMan7GetDataEh
                0x08005254      0x3a8 obj/BatMan.o
                0x08005254                BATMan::GetData(unsigned char)
 .text._ZN6BATMan11crc14_bytesEhPhPt
                0x080055fc       0x40 obj/BatMan.o
                0x080055fc                BATMan::crc14_bytes(unsigned char, unsigned char*, unsigned short*)
 .text._ZN6BATMan10crc14_bitsEhhPt
                0x0800563c       0x40 obj/BatMan.o
                0x0800563c                BATMan::crc14_bits(unsigned char, unsigned char, unsigned short*)
 .text._ZN6BATMan8WriteCfgEv
                0x0800567c      0x130 obj/BatMan.o
                0x0800567c                BATMan::WriteCfg()
 .text._ZN6BATMan12StateMachineEv
                0x080057ac      0x270 obj/BatMan.o
                0x080057ac                BATMan::StateMachine()
 .text._ZN6BATMan4loopEv
                0x08005a1c        0x8 obj/BatMan.o
                0x08005a1c                BATMan::loop()
 .text._ZN6CanSdo7PutCharEc
                0x08005a24       0x3c obj/cansdo.o
                0x08005a24                CanSdo::PutChar(char)
 .text._ZThn4_N6CanSdo7PutCharEc
                0x08005a60        0x8 obj/cansdo.o
                0x08005a60                non-virtual thunk to CanSdo::PutChar(char)
 .text._ZN6CanSdo11HandleClearEv
                0x08005a68       0x28 obj/cansdo.o
                0x08005a68                CanSdo::HandleClear()
 .text._ZN6CanSdoC2EP11CanHardwareP6CanMap
                0x08005a90       0x68 obj/cansdo.o
                0x08005a90                CanSdo::CanSdo(CanHardware*, CanMap*)
                0x08005a90                CanSdo::CanSdo(CanHardware*, CanMap*)
 .text._ZN6CanSdo9SetNodeIdEh
                0x08005af8        0xc obj/cansdo.o
                0x08005af8                CanSdo::SetNodeId(unsigned char)
 .text._ZN6CanSdo19InitiateSDOTransferEhhthm
                0x08005b04       0x46 obj/cansdo.o
                0x08005b04                CanSdo::InitiateSDOTransfer(unsigned char, unsigned char, unsigned short, unsigned char, unsigned long)
 .text._ZN6CanSdo24ProcessSpecialSDOObjectsEPNS_8SdoFrameE
                0x08005b4a       0x60 obj/cansdo.o
                0x08005b4a                CanSdo::ProcessSpecialSDOObjects(CanSdo::SdoFrame*)
 *fill*         0x08005baa        0x2 
 .text._ZN6CanSdo18ReadOrDeleteCanMapEPNS_8SdoFrameE
                0x08005bac       0xe0 obj/cansdo.o
                0x08005bac                CanSdo::ReadOrDeleteCanMap(CanSdo::SdoFrame*)
 .text._ZN6CanSdo9AddCanMapEPNS_8SdoFrameEb
                0x08005c8c       0xf4 obj/cansdo.o
                0x08005c8c                CanSdo::AddCanMap(CanSdo::SdoFrame*, bool)
 .text._ZN6CanSdo10ProcessSDOEPm
                0x08005d80      0x19e obj/cansdo.o
                0x08005d80                CanSdo::ProcessSDO(unsigned long*)
 *fill*         0x08005f1e        0x2 
 .text._ZN6CanSdo8HandleRxEmPmh
                0x08005f20       0xa4 obj/cansdo.o
                0x08005f20                CanSdo::HandleRx(unsigned long, unsigned long*, unsigned char)
 .text._ZN7BMSUtil22EstimateSocFromVoltageEv
                0x08005fc4       0x80 obj/BMSUtil.o
                0x08005fc4                BMSUtil::EstimateSocFromVoltage()
 .text._ZN7BMSUtil9UpdateSOCEv
                0x08006044       0xc0 obj/BMSUtil.o
                0x08006044                BMSUtil::UpdateSOC()
 .text.adc_power_on
                0x08006104       0x10 libopencm3/lib\libopencm3_stm32f1.a(adc.o)
                0x08006104                adc_power_on
 .text.adc_enable_temperature_sensor
                0x08006114       0x14 libopencm3/lib\libopencm3_stm32f1.a(adc.o)
                0x08006114                adc_enable_temperature_sensor
 .text.adc_enable_external_trigger_regular
                0x08006128       0x14 libopencm3/lib\libopencm3_stm32f1.a(adc.o)
                0x08006128                adc_enable_external_trigger_regular
 .text.adc_reset_calibration
                0x0800613c       0x14 libopencm3/lib\libopencm3_stm32f1.a(adc.o)
                0x0800613c                adc_reset_calibration
 .text.adc_calibrate_async
                0x08006150        0xa libopencm3/lib\libopencm3_stm32f1.a(adc.o)
                0x08006150                adc_calibrate_async
 .text.adc_is_calibrating
                0x0800615a        0x8 libopencm3/lib\libopencm3_stm32f1.a(adc.o)
                0x0800615a                adc_is_calibrating
 .text.adc_calibrate
                0x08006162       0x14 libopencm3/lib\libopencm3_stm32f1.a(adc.o)
                0x08006162                adc_calibrate
 .text.adc_set_sample_time_on_all_channels
                0x08006176       0x2a libopencm3/lib\libopencm3_stm32f1.a(adc.o)
                0x08006176                adc_set_sample_time_on_all_channels
 .text.adc_power_off
                0x080061a0        0xa libopencm3/lib\libopencm3_stm32f1.a(adc_common_v1.o)
                0x080061a0                adc_power_off
 .text.adc_enable_scan_mode
                0x080061aa        0xa libopencm3/lib\libopencm3_stm32f1.a(adc_common_v1.o)
                0x080061aa                adc_enable_scan_mode
 .text.adc_set_right_aligned
                0x080061b4        0xa libopencm3/lib\libopencm3_stm32f1.a(adc_common_v1.o)
                0x080061b4                adc_set_right_aligned
 .text.adc_set_continuous_conversion_mode
                0x080061be        0xa libopencm3/lib\libopencm3_stm32f1.a(adc_common_v1.o)
                0x080061be                adc_set_continuous_conversion_mode
 .text.adc_set_regular_sequence
                0x080061c8       0x5c libopencm3/lib\libopencm3_stm32f1.a(adc_common_v1.o)
                0x080061c8                adc_set_regular_sequence
 .text.adc_start_conversion_regular
                0x08006224       0x14 libopencm3/lib\libopencm3_stm32f1.a(adc_common_v1.o)
                0x08006224                adc_start_conversion_regular
 .text.adc_enable_dma
                0x08006238        0xa libopencm3/lib\libopencm3_stm32f1.a(adc_common_v1.o)
                0x08006238                adc_enable_dma
 *fill*         0x08006242        0x2 
 .text.can_reset
                0x08006244       0x18 libopencm3/lib\libopencm3_stm32f1.a(can.o)
                0x08006244                can_reset
 .text.can_init
                0x0800625c      0x12a libopencm3/lib\libopencm3_stm32f1.a(can.o)
                0x0800625c                can_init
 *fill*         0x08006386        0x2 
 .text.can_filter_init
                0x08006388       0x98 libopencm3/lib\libopencm3_stm32f1.a(can.o)
                0x08006388                can_filter_init
 .text.can_filter_id_mask_16bit_init
                0x08006420       0x20 libopencm3/lib\libopencm3_stm32f1.a(can.o)
                0x08006420                can_filter_id_mask_16bit_init
 .text.can_filter_id_list_16bit_init
                0x08006440       0x20 libopencm3/lib\libopencm3_stm32f1.a(can.o)
                0x08006440                can_filter_id_list_16bit_init
 .text.can_filter_id_list_32bit_init
                0x08006460       0x1a libopencm3/lib\libopencm3_stm32f1.a(can.o)
                0x08006460                can_filter_id_list_32bit_init
 .text.can_enable_irq
                0x0800647a        0x8 libopencm3/lib\libopencm3_stm32f1.a(can.o)
                0x0800647a                can_enable_irq
 .text.can_disable_irq
                0x08006482        0xa libopencm3/lib\libopencm3_stm32f1.a(can.o)
                0x08006482                can_disable_irq
 .text.can_transmit
                0x0800648c       0xca libopencm3/lib\libopencm3_stm32f1.a(can.o)
                0x0800648c                can_transmit
 .text.can_fifo_release
                0x08006556       0x16 libopencm3/lib\libopencm3_stm32f1.a(can.o)
                0x08006556                can_fifo_release
 .text.can_fifo_pending
                0x0800656c        0xe libopencm3/lib\libopencm3_stm32f1.a(can.o)
                0x0800656c                can_fifo_pending
 .text.can_receive
                0x0800657a       0xb8 libopencm3/lib\libopencm3_stm32f1.a(can.o)
                0x0800657a                can_receive
 *fill*         0x08006632        0x2 
 .text.crc_reset
                0x08006634       0x10 libopencm3/lib\libopencm3_stm32f1.a(crc_common_all.o)
                0x08006634                crc_reset
 .text.crc_calculate
                0x08006644        0xc libopencm3/lib\libopencm3_stm32f1.a(crc_common_all.o)
                0x08006644                crc_calculate
 .text.crc_calculate_block
                0x08006650       0x1c libopencm3/lib\libopencm3_stm32f1.a(crc_common_all.o)
                0x08006650                crc_calculate_block
 .text.desig_get_flash_size
                0x0800666c        0xc libopencm3/lib\libopencm3_stm32f1.a(desig_common_v1.o)
                0x0800666c                desig_get_flash_size
 .text.dma_channel_reset
                0x08006678       0x20 libopencm3/lib\libopencm3_stm32f1.a(dma_common_l1f013.o)
                0x08006678                dma_channel_reset
 .text.dma_clear_interrupt_flags
                0x08006698        0xa libopencm3/lib\libopencm3_stm32f1.a(dma_common_l1f013.o)
                0x08006698                dma_clear_interrupt_flags
 .text.dma_get_interrupt_flag
                0x080066a2       0x12 libopencm3/lib\libopencm3_stm32f1.a(dma_common_l1f013.o)
                0x080066a2                dma_get_interrupt_flag
 .text.dma_set_memory_size
                0x080066b4       0x18 libopencm3/lib\libopencm3_stm32f1.a(dma_common_l1f013.o)
                0x080066b4                dma_set_memory_size
 .text.dma_set_peripheral_size
                0x080066cc       0x18 libopencm3/lib\libopencm3_stm32f1.a(dma_common_l1f013.o)
                0x080066cc                dma_set_peripheral_size
 .text.dma_enable_memory_increment_mode
                0x080066e4       0x12 libopencm3/lib\libopencm3_stm32f1.a(dma_common_l1f013.o)
                0x080066e4                dma_enable_memory_increment_mode
 .text.dma_enable_circular_mode
                0x080066f6       0x1a libopencm3/lib\libopencm3_stm32f1.a(dma_common_l1f013.o)
                0x080066f6                dma_enable_circular_mode
 .text.dma_set_read_from_memory
                0x08006710       0x12 libopencm3/lib\libopencm3_stm32f1.a(dma_common_l1f013.o)
                0x08006710                dma_set_read_from_memory
 .text.dma_enable_channel
                0x08006722       0x12 libopencm3/lib\libopencm3_stm32f1.a(dma_common_l1f013.o)
                0x08006722                dma_enable_channel
 .text.dma_disable_channel
                0x08006734       0x12 libopencm3/lib\libopencm3_stm32f1.a(dma_common_l1f013.o)
                0x08006734                dma_disable_channel
 .text.dma_set_peripheral_address
                0x08006746       0x12 libopencm3/lib\libopencm3_stm32f1.a(dma_common_l1f013.o)
                0x08006746                dma_set_peripheral_address
 .text.dma_set_memory_address
                0x08006758       0x12 libopencm3/lib\libopencm3_stm32f1.a(dma_common_l1f013.o)
                0x08006758                dma_set_memory_address
 .text.dma_get_number_of_data
                0x0800676a        0xe libopencm3/lib\libopencm3_stm32f1.a(dma_common_l1f013.o)
                0x0800676a                dma_get_number_of_data
 .text.dma_set_number_of_data
                0x08006778        0xc libopencm3/lib\libopencm3_stm32f1.a(dma_common_l1f013.o)
                0x08006778                dma_set_number_of_data
 .text.flash_get_status_flags
                0x08006784       0x20 libopencm3/lib\libopencm3_stm32f1.a(flash.o)
                0x08006784                flash_get_status_flags
 .text.flash_program_half_word
                0x080067a4       0x64 libopencm3/lib\libopencm3_stm32f1.a(flash.o)
                0x080067a4                flash_program_half_word
 .text.flash_erase_page
                0x08006808       0x74 libopencm3/lib\libopencm3_stm32f1.a(flash.o)
                0x08006808                flash_erase_page
 .text.flash_set_ws
                0x0800687c       0x14 libopencm3/lib\libopencm3_stm32f1.a(flash_common_all.o)
                0x0800687c                flash_set_ws
 .text.flash_unlock
                0x08006890       0x18 libopencm3/lib\libopencm3_stm32f1.a(flash_common_f.o)
                0x08006890                flash_unlock
 .text.flash_lock
                0x080068a8       0x10 libopencm3/lib\libopencm3_stm32f1.a(flash_common_f.o)
                0x080068a8                flash_lock
 .text.flash_wait_for_last_operation
                0x080068b8        0xc libopencm3/lib\libopencm3_stm32f1.a(flash_common_f01.o)
                0x080068b8                flash_wait_for_last_operation
 .text.flash_program_word
                0x080068c4       0x18 libopencm3/lib\libopencm3_stm32f1.a(flash_common_f01.o)
                0x080068c4                flash_program_word
 .text.gpio_set_mode
                0x080068dc       0x5e libopencm3/lib\libopencm3_stm32f1.a(gpio.o)
                0x080068dc                gpio_set_mode
 *fill*         0x0800693a        0x2 
 .text.gpio_primary_remap
                0x0800693c       0x14 libopencm3/lib\libopencm3_stm32f1.a(gpio.o)
                0x0800693c                gpio_primary_remap
 .text.gpio_set
                0x08006950        0x4 libopencm3/lib\libopencm3_stm32f1.a(gpio_common_all.o)
                0x08006950                gpio_set
 .text.gpio_clear
                0x08006954        0x6 libopencm3/lib\libopencm3_stm32f1.a(gpio_common_all.o)
                0x08006954                gpio_clear
 .text.gpio_get
                0x0800695a        0x6 libopencm3/lib\libopencm3_stm32f1.a(gpio_common_all.o)
                0x0800695a                gpio_get
 .text.gpio_toggle
                0x08006960       0x12 libopencm3/lib\libopencm3_stm32f1.a(gpio_common_all.o)
                0x08006960                gpio_toggle
 *fill*         0x08006972        0x2 
 .text.iwdg_reset
                0x08006974       0x10 libopencm3/lib\libopencm3_stm32f1.a(iwdg_common_all.o)
                0x08006974                iwdg_reset
 .text.rcc_is_osc_ready
                0x08006984       0x58 libopencm3/lib\libopencm3_stm32f1.a(rcc.o)
                0x08006984                rcc_is_osc_ready
 .text.rcc_wait_for_osc_ready
                0x080069dc       0x10 libopencm3/lib\libopencm3_stm32f1.a(rcc.o)
                0x080069dc                rcc_wait_for_osc_ready
 .text.rcc_osc_on
                0x080069ec       0x60 libopencm3/lib\libopencm3_stm32f1.a(rcc.o)
                0x080069ec                rcc_osc_on
 .text.rcc_set_sysclk_source
                0x08006a4c       0x14 libopencm3/lib\libopencm3_stm32f1.a(rcc.o)
                0x08006a4c                rcc_set_sysclk_source
 .text.rcc_set_pll_multiplication_factor
                0x08006a60       0x14 libopencm3/lib\libopencm3_stm32f1.a(rcc.o)
                0x08006a60                rcc_set_pll_multiplication_factor
 .text.rcc_set_pll2_multiplication_factor
                0x08006a74       0x14 libopencm3/lib\libopencm3_stm32f1.a(rcc.o)
                0x08006a74                rcc_set_pll2_multiplication_factor
 .text.rcc_set_pll3_multiplication_factor
                0x08006a88       0x14 libopencm3/lib\libopencm3_stm32f1.a(rcc.o)
                0x08006a88                rcc_set_pll3_multiplication_factor
 .text.rcc_set_pll_source
                0x08006a9c       0x14 libopencm3/lib\libopencm3_stm32f1.a(rcc.o)
                0x08006a9c                rcc_set_pll_source
 .text.rcc_set_pllxtpre
                0x08006ab0       0x14 libopencm3/lib\libopencm3_stm32f1.a(rcc.o)
                0x08006ab0                rcc_set_pllxtpre
 .text.rcc_rtc_clock_enabled_flag
                0x08006ac4       0x10 libopencm3/lib\libopencm3_stm32f1.a(rcc.o)
                0x08006ac4                rcc_rtc_clock_enabled_flag
 .text.rcc_enable_rtc_clock
                0x08006ad4       0x10 libopencm3/lib\libopencm3_stm32f1.a(rcc.o)
                0x08006ad4                rcc_enable_rtc_clock
 .text.rcc_set_rtc_clock_source
                0x08006ae4       0x84 libopencm3/lib\libopencm3_stm32f1.a(rcc.o)
                0x08006ae4                rcc_set_rtc_clock_source
 .text.rcc_set_adcpre
                0x08006b68       0x14 libopencm3/lib\libopencm3_stm32f1.a(rcc.o)
                0x08006b68                rcc_set_adcpre
 .text.rcc_set_ppre2
                0x08006b7c       0x14 libopencm3/lib\libopencm3_stm32f1.a(rcc.o)
                0x08006b7c                rcc_set_ppre2
 .text.rcc_set_ppre1
                0x08006b90       0x14 libopencm3/lib\libopencm3_stm32f1.a(rcc.o)
                0x08006b90                rcc_set_ppre1
 .text.rcc_set_hpre
                0x08006ba4       0x14 libopencm3/lib\libopencm3_stm32f1.a(rcc.o)
                0x08006ba4                rcc_set_hpre
 .text.rcc_set_usbpre
                0x08006bb8       0x18 libopencm3/lib\libopencm3_stm32f1.a(rcc.o)
                0x08006bb8                rcc_set_usbpre
 .text.rcc_set_prediv1
                0x08006bd0       0x14 libopencm3/lib\libopencm3_stm32f1.a(rcc.o)
                0x08006bd0                rcc_set_prediv1
 .text.rcc_set_prediv2
                0x08006be4       0x14 libopencm3/lib\libopencm3_stm32f1.a(rcc.o)
                0x08006be4                rcc_set_prediv2
 .text.rcc_set_prediv1_source
                0x08006bf8       0x18 libopencm3/lib\libopencm3_stm32f1.a(rcc.o)
                0x08006bf8                rcc_set_prediv1_source
 .text.rcc_clock_setup_pll
                0x08006c10       0xbc libopencm3/lib\libopencm3_stm32f1.a(rcc.o)
                0x08006c10                rcc_clock_setup_pll
 .text.rcc_periph_clock_enable
                0x08006ccc       0x1a libopencm3/lib\libopencm3_stm32f1.a(rcc_common_all.o)
                0x08006ccc                rcc_periph_clock_enable
 .text.rcc_periph_reset_pulse
                0x08006ce6       0x22 libopencm3/lib\libopencm3_stm32f1.a(rcc_common_all.o)
                0x08006ce6                rcc_periph_reset_pulse
 .text.rtc_enter_config_mode
                0x08006d08       0x1c libopencm3/lib\libopencm3_stm32f1.a(rtc.o)
                0x08006d08                rtc_enter_config_mode
 .text.rtc_exit_config_mode
                0x08006d24       0x1c libopencm3/lib\libopencm3_stm32f1.a(rtc.o)
                0x08006d24                rtc_exit_config_mode
 .text.rtc_awake_from_off
                0x08006d40       0x6c libopencm3/lib\libopencm3_stm32f1.a(rtc.o)
                0x08006d40                rtc_awake_from_off
 .text.rtc_set_prescale_val
                0x08006dac       0x24 libopencm3/lib\libopencm3_stm32f1.a(rtc.o)
                0x08006dac                rtc_set_prescale_val
 .text.rtc_get_counter_val
                0x08006dd0       0x14 libopencm3/lib\libopencm3_stm32f1.a(rtc.o)
                0x08006dd0                rtc_get_counter_val
 .text.rtc_set_counter_val
                0x08006de4       0x20 libopencm3/lib\libopencm3_stm32f1.a(rtc.o)
                0x08006de4                rtc_set_counter_val
 .text.rtc_awake_from_standby
                0x08006e04       0x3c libopencm3/lib\libopencm3_stm32f1.a(rtc.o)
                0x08006e04                rtc_awake_from_standby
 .text.rtc_auto_awake
                0x08006e40       0x34 libopencm3/lib\libopencm3_stm32f1.a(rtc.o)
                0x08006e40                rtc_auto_awake
 .text.spi_reset
                0x08006e74       0x30 libopencm3/lib\libopencm3_stm32f1.a(spi_common_all.o)
                0x08006e74                spi_reset
 .text.spi_enable
                0x08006ea4        0xa libopencm3/lib\libopencm3_stm32f1.a(spi_common_all.o)
                0x08006ea4                spi_enable
 .text.spi_xfer
                0x08006eae        0xe libopencm3/lib\libopencm3_stm32f1.a(spi_common_all.o)
                0x08006eae                spi_xfer
 .text.spi_enable_software_slave_management
                0x08006ebc       0x12 libopencm3/lib\libopencm3_stm32f1.a(spi_common_all.o)
                0x08006ebc                spi_enable_software_slave_management
 .text.spi_set_nss_high
                0x08006ece        0xa libopencm3/lib\libopencm3_stm32f1.a(spi_common_all.o)
                0x08006ece                spi_set_nss_high
 .text.spi_set_standard_mode
                0x08006ed8       0x10 libopencm3/lib\libopencm3_stm32f1.a(spi_common_all.o)
                0x08006ed8                spi_set_standard_mode
 .text.spi_init_master
                0x08006ee8       0x28 libopencm3/lib\libopencm3_stm32f1.a(spi_common_v1.o)
                0x08006ee8                spi_init_master
 .text.timer_enable_irq
                0x08006f10        0x8 libopencm3/lib\libopencm3_stm32f1.a(timer_common_all.o)
                0x08006f10                timer_enable_irq
 .text.timer_get_flag
                0x08006f18        0xc libopencm3/lib\libopencm3_stm32f1.a(timer_common_all.o)
                0x08006f18                timer_get_flag
 .text.timer_clear_flag
                0x08006f24        0x6 libopencm3/lib\libopencm3_stm32f1.a(timer_common_all.o)
                0x08006f24                timer_clear_flag
 .text.timer_enable_preload
                0x08006f2a        0xa libopencm3/lib\libopencm3_stm32f1.a(timer_common_all.o)
                0x08006f2a                timer_enable_preload
 .text.timer_set_alignment
                0x08006f34       0x14 libopencm3/lib\libopencm3_stm32f1.a(timer_common_all.o)
                0x08006f34                timer_set_alignment
 .text.timer_direction_up
                0x08006f48        0xa libopencm3/lib\libopencm3_stm32f1.a(timer_common_all.o)
                0x08006f48                timer_direction_up
 .text.timer_enable_counter
                0x08006f52        0xa libopencm3/lib\libopencm3_stm32f1.a(timer_common_all.o)
                0x08006f52                timer_enable_counter
 .text.timer_disable_counter
                0x08006f5c        0xa libopencm3/lib\libopencm3_stm32f1.a(timer_common_all.o)
                0x08006f5c                timer_disable_counter
 .text.timer_set_prescaler
                0x08006f66        0x4 libopencm3/lib\libopencm3_stm32f1.a(timer_common_all.o)
                0x08006f66                timer_set_prescaler
 .text.timer_set_period
                0x08006f6a        0x4 libopencm3/lib\libopencm3_stm32f1.a(timer_common_all.o)
                0x08006f6a                timer_set_period
 .text.timer_set_oc_mode
                0x08006f6e      0x18c libopencm3/lib\libopencm3_stm32f1.a(timer_common_all.o)
                0x08006f6e                timer_set_oc_mode
 .text.timer_enable_oc_preload
                0x080070fa       0x34 libopencm3/lib\libopencm3_stm32f1.a(timer_common_all.o)
                0x080070fa                timer_enable_oc_preload
 .text.timer_set_oc_polarity_high
                0x0800712e       0x4a libopencm3/lib\libopencm3_stm32f1.a(timer_common_all.o)
                0x0800712e                timer_set_oc_polarity_high
 .text.timer_enable_oc_output
                0x08007178       0x4a libopencm3/lib\libopencm3_stm32f1.a(timer_common_all.o)
                0x08007178                timer_enable_oc_output
 .text.timer_set_oc_value
                0x080071c2       0x20 libopencm3/lib\libopencm3_stm32f1.a(timer_common_all.o)
                0x080071c2                timer_set_oc_value
 .text.timer_generate_event
                0x080071e2        0x8 libopencm3/lib\libopencm3_stm32f1.a(timer_common_all.o)
                0x080071e2                timer_generate_event
 .text.timer_get_counter
                0x080071ea        0x4 libopencm3/lib\libopencm3_stm32f1.a(timer_common_all.o)
                0x080071ea                timer_get_counter
 .text.timer_set_counter
                0x080071ee        0x4 libopencm3/lib\libopencm3_stm32f1.a(timer_common_all.o)
                0x080071ee                timer_set_counter
 *fill*         0x080071f2        0x2 
 .text.usart_set_baudrate
                0x080071f4       0x28 libopencm3/lib\libopencm3_stm32f1.a(usart_common_all.o)
                0x080071f4                usart_set_baudrate
 .text.usart_set_databits
                0x0800721c       0x12 libopencm3/lib\libopencm3_stm32f1.a(usart_common_all.o)
                0x0800721c                usart_set_databits
 .text.usart_set_stopbits
                0x0800722e        0xc libopencm3/lib\libopencm3_stm32f1.a(usart_common_all.o)
                0x0800722e                usart_set_stopbits
 .text.usart_set_parity
                0x0800723a        0xc libopencm3/lib\libopencm3_stm32f1.a(usart_common_all.o)
                0x0800723a                usart_set_parity
 .text.usart_set_mode
                0x08007246        0xc libopencm3/lib\libopencm3_stm32f1.a(usart_common_all.o)
                0x08007246                usart_set_mode
 .text.usart_set_flow_control
                0x08007252        0xc libopencm3/lib\libopencm3_stm32f1.a(usart_common_all.o)
                0x08007252                usart_set_flow_control
 .text.usart_enable
                0x0800725e        0xa libopencm3/lib\libopencm3_stm32f1.a(usart_common_all.o)
                0x0800725e                usart_enable
 .text.usart_send_blocking
                0x08007268       0x16 libopencm3/lib\libopencm3_stm32f1.a(usart_common_all.o)
                0x08007268                usart_send_blocking
 .text.usart_enable_rx_dma
                0x0800727e        0xa libopencm3/lib\libopencm3_stm32f1.a(usart_common_all.o)
                0x0800727e                usart_enable_rx_dma
 .text.usart_enable_tx_dma
                0x08007288        0xa libopencm3/lib\libopencm3_stm32f1.a(usart_common_all.o)
                0x08007288                usart_enable_tx_dma
 .text.usart_send
                0x08007292        0x8 libopencm3/lib\libopencm3_stm32f1.a(usart_common_f124.o)
                0x08007292                usart_send
 .text.usart_recv
                0x0800729a        0x8 libopencm3/lib\libopencm3_stm32f1.a(usart_common_f124.o)
                0x0800729a                usart_recv
 .text.usart_wait_send_ready
                0x080072a2        0x8 libopencm3/lib\libopencm3_stm32f1.a(usart_common_f124.o)
                0x080072a2                usart_wait_send_ready
 .text.usart_get_flag
                0x080072aa        0xc libopencm3/lib\libopencm3_stm32f1.a(usart_common_f124.o)
                0x080072aa                usart_get_flag
 .text.blocking_handler
                0x080072b6        0x2 libopencm3/lib\libopencm3_stm32f1.a(vector.o)
                0x080072b6                usart3_isr
                0x080072b6                rtc_isr
                0x080072b6                tim7_isr
                0x080072b6                adc1_2_isr
                0x080072b6                tim1_trg_com_isr
                0x080072b6                tim6_isr
                0x080072b6                usb_wakeup_isr
                0x080072b6                blocking_handler
                0x080072b6                tim5_isr
                0x080072b6                otg_fs_isr
                0x080072b6                spi1_isr
                0x080072b6                exti2_isr
                0x080072b6                dma1_channel6_isr
                0x080072b6                dma1_channel5_isr
                0x080072b6                dma2_channel5_isr
                0x080072b6                usart1_isr
                0x080072b6                usage_fault_handler
                0x080072b6                tim8_trg_com_isr
                0x080072b6                tim1_brk_isr
                0x080072b6                tim1_cc_isr
                0x080072b6                sdio_isr
                0x080072b6                eth_isr
                0x080072b6                dma1_channel4_isr
                0x080072b6                tim8_brk_isr
                0x080072b6                dma2_channel4_5_isr
                0x080072b6                pvd_isr
                0x080072b6                rcc_isr
                0x080072b6                flash_isr
                0x080072b6                uart4_isr
                0x080072b6                rtc_alarm_isr
                0x080072b6                exti15_10_isr
                0x080072b6                hard_fault_handler
                0x080072b6                exti1_isr
                0x080072b6                i2c1_ev_isr
                0x080072b6                dma2_channel1_isr
                0x080072b6                spi2_isr
                0x080072b6                tim8_up_isr
                0x080072b6                dma2_channel2_isr
                0x080072b6                exti3_isr
                0x080072b6                adc3_isr
                0x080072b6                tim3_isr
                0x080072b6                usart2_isr
                0x080072b6                i2c2_er_isr
                0x080072b6                i2c2_ev_isr
                0x080072b6                uart5_isr
                0x080072b6                fsmc_isr
                0x080072b6                dma1_channel1_isr
                0x080072b6                exti4_isr
                0x080072b6                mem_manage_handler
                0x080072b6                exti9_5_isr
                0x080072b6                dma2_channel3_isr
                0x080072b6                dma1_channel7_isr
                0x080072b6                tim1_up_isr
                0x080072b6                can2_sce_isr
                0x080072b6                tim4_isr
                0x080072b6                dma1_channel2_isr
                0x080072b6                i2c1_er_isr
                0x080072b6                can_sce_isr
                0x080072b6                tim8_cc_isr
                0x080072b6                tamper_isr
                0x080072b6                eth_wkup_isr
                0x080072b6                bus_fault_handler
                0x080072b6                wwdg_isr
                0x080072b6                dma1_channel3_isr
                0x080072b6                spi3_isr
                0x080072b6                exti0_isr
 .text.null_handler
                0x080072b8        0x2 libopencm3/lib\libopencm3_stm32f1.a(vector.o)
                0x080072b8                sv_call_handler
                0x080072b8                pend_sv_handler
                0x080072b8                debug_monitor_handler
                0x080072b8                sys_tick_handler
                0x080072b8                nmi_handler
                0x080072b8                null_handler
 *fill*         0x080072ba        0x2 
 .text.reset_handler
                0x080072bc       0x94 libopencm3/lib\libopencm3_stm32f1.a(vector.o)
                0x080072bc                reset_handler
 .text.scb_reset_system
                0x08007350       0x10 libopencm3/lib\libopencm3_stm32f1.a(scb.o)
                0x08007350                scb_reset_system
 .text.nvic_enable_irq
                0x08007360       0x18 libopencm3/lib\libopencm3_stm32f1.a(nvic.o)
                0x08007360                nvic_enable_irq
 .text.nvic_set_priority
                0x08007378       0x20 libopencm3/lib\libopencm3_stm32f1.a(nvic.o)
                0x08007378                nvic_set_priority
 .text.pwr_disable_backup_domain_write_protect
                0x08007398       0x10 libopencm3/lib\libopencm3_stm32f1.a(pwr_common_v1.o)
                0x08007398                pwr_disable_backup_domain_write_protect
 .text          0x080073a8      0x378 C:/msys64/mingw64/bin/../lib/gcc/arm-none-eabi/13.3.0/thumb/v7/nofp\libgcc.a(_arm_addsubdf3.o)
                0x080073a8                __aeabi_drsub
                0x080073b0                __aeabi_dsub
                0x080073b0                __subdf3
                0x080073b4                __aeabi_dadd
                0x080073b4                __adddf3
                0x0800762c                __floatunsidf
                0x0800762c                __aeabi_ui2d
                0x0800764c                __floatsidf
                0x0800764c                __aeabi_i2d
                0x08007670                __aeabi_f2d
                0x08007670                __extendsfdf2
                0x080076b4                __floatundidf
                0x080076b4                __aeabi_ul2d
                0x080076c4                __floatdidf
                0x080076c4                __aeabi_l2d
 .text          0x08007720      0x424 C:/msys64/mingw64/bin/../lib/gcc/arm-none-eabi/13.3.0/thumb/v7/nofp\libgcc.a(_arm_muldivdf3.o)
                0x08007720                __aeabi_dmul
                0x08007720                __muldf3
                0x08007974                __divdf3
                0x08007974                __aeabi_ddiv
 .text          0x08007b44       0x40 C:/msys64/mingw64/bin/../lib/gcc/arm-none-eabi/13.3.0/thumb/v7/nofp\libgcc.a(_arm_fixunsdfsi.o)
                0x08007b44                __aeabi_d2uiz
                0x08007b44                __fixunsdfsi
 .text          0x08007b84       0xa0 C:/msys64/mingw64/bin/../lib/gcc/arm-none-eabi/13.3.0/thumb/v7/nofp\libgcc.a(_arm_truncdfsf2.o)
                0x08007b84                __truncdfsf2
                0x08007b84                __aeabi_d2f
 .text          0x08007c24      0x21c C:/msys64/mingw64/bin/../lib/gcc/arm-none-eabi/13.3.0/thumb/v7/nofp\libgcc.a(_arm_addsubsf3.o)
                0x08007c24                __aeabi_frsub
                0x08007c2c                __subsf3
                0x08007c2c                __aeabi_fsub
                0x08007c30                __aeabi_fadd
                0x08007c30                __addsf3
                0x08007d90                __aeabi_ui2f
                0x08007d90                __floatunsisf
                0x08007d98                __aeabi_i2f
                0x08007d98                __floatsisf
                0x08007db4                __aeabi_ul2f
                0x08007db4                __floatundisf
                0x08007dc4                __aeabi_l2f
                0x08007dc4                __floatdisf
 .text          0x08007e40      0x2a0 C:/msys64/mingw64/bin/../lib/gcc/arm-none-eabi/13.3.0/thumb/v7/nofp\libgcc.a(_arm_muldivsf3.o)
                0x08007e40                __mulsf3
                0x08007e40                __aeabi_fmul
                0x08007fa8                __aeabi_fdiv
                0x08007fa8                __divsf3
 .text          0x080080e0       0xec C:/msys64/mingw64/bin/../lib/gcc/arm-none-eabi/13.3.0/thumb/v7/nofp\libgcc.a(_arm_cmpsf2.o)
                0x080080e0                __gesf2
                0x080080e0                __gtsf2
                0x080080e8                __lesf2
                0x080080e8                __ltsf2
                0x080080f0                __nesf2
                0x080080f0                __eqsf2
                0x080080f0                __cmpsf2
                0x08008150                __aeabi_cfrcmple
                0x08008158                __aeabi_cfcmpeq
                0x08008158                __aeabi_cfcmple
                0x08008168                __aeabi_fcmpeq
                0x0800817c                __aeabi_fcmplt
                0x08008190                __aeabi_fcmple
                0x080081a4                __aeabi_fcmpge
                0x080081b8                __aeabi_fcmpgt
 .text          0x080081cc       0x4c C:/msys64/mingw64/bin/../lib/gcc/arm-none-eabi/13.3.0/thumb/v7/nofp\libgcc.a(_arm_fixsfsi.o)
                0x080081cc                __aeabi_f2iz
                0x080081cc                __fixsfsi
 .text          0x08008218       0x40 C:/msys64/mingw64/bin/../lib/gcc/arm-none-eabi/13.3.0/thumb/v7/nofp\libgcc.a(_arm_fixunssfsi.o)
                0x08008218                __fixunssfsi
                0x08008218                __aeabi_f2uiz
 .text          0x08008258       0xa8 C:/msys64/mingw64/bin/../lib/gcc/arm-none-eabi/13.3.0/../../../../arm-none-eabi/lib/thumb/v7/nofp\libc.a(libc_a-memset.o)
                0x08008258                memset
                0x08008300                        . = ALIGN (0x4)
 *(.rodata*)
 .rodata._ZTV11CanCallback
                0x08008300       0x10 obj/main.o
                0x08008300                vtable for CanCallback
 .rodata._ZTV23FunctionPointerCallback
                0x08008310       0x10 obj/main.o
                0x08008310                vtable for FunctionPointerCallback
 .rodata._ZN14Stm32Scheduler5ocMapE
                0x08008320        0x4 obj/stm32scheduler.o
                0x08008320                Stm32Scheduler::ocMap
 .rodata.str1.4
                0x08008324      0xe81 obj/params.o
                                0x917 (size before relaxing)
 *fill*         0x080091a5        0x3 
 .rodata._ZN5ParamL7attribsE
                0x080091a8     0x1c00 obj/params.o
 .rodata._ZN8Terminal10EnableUartEPc.str1.4
                0x0800ada8        0x0 obj/terminal.o
                                  0x5 (size before relaxing)
 .rodata._ZN8Terminal8FastUartEPc.str1.4
                0x0800ada8        0x0 obj/terminal.o
                                 0x1b (size before relaxing)
 .rodata._ZN8Terminal4EchoEPc.str1.4
                0x0800ada8        0x0 obj/terminal.o
                                 0x17 (size before relaxing)
 .rodata._ZN8Terminal3RunEv.str1.4
                0x0800ada8        0x0 obj/terminal.o
                                 0x57 (size before relaxing)
 .rodata._ZTV8IPutChar
                0x0800ada8        0xc obj/terminal.o
                0x0800ada8                vtable for IPutChar
 .rodata._ZTV8Terminal
                0x0800adb4        0xc obj/terminal.o
                0x0800adb4                vtable for Terminal
 .rodata._ZN8Terminal6hwInfoE
                0x0800adc0       0x70 obj/terminal.o
                0x0800adc0                Terminal::hwInfo
 .rodata._ZL11PrintSerialP8TerminalPc.str1.4
                0x0800ae30        0x0 obj/terminal_prj.o
                                 0x11 (size before relaxing)
 .rodata._ZL12LoadDefaultsP8TerminalPc.str1.4
                0x0800ae30        0x0 obj/terminal_prj.o
                                 0x12 (size before relaxing)
 .rodata.str1.4
                0x0800ae30        0x0 obj/terminal_prj.o
                                 0x5f (size before relaxing)
 .rodata.termCmds
                0x0800ae30       0x70 obj/terminal_prj.o
                0x0800ae30                termCmds
 .rodata._ZL5printP8IPutCharPKcSt9__va_list.str1.4
                0x0800aea0        0x0 obj/printf.o
                                  0x7 (size before relaxing)
 .rodata._ZTV13ExternPutChar
                0x0800aea0        0xc obj/printf.o
                0x0800aea0                vtable for ExternPutChar
 .rodata        0x0800aeac        0x8 obj/anain.o
 .rodata._ZN12ErrorMessage10PrintErrorEm17ERROR_MESSAGE_NUM.str1.4
                0x0800aeb4        0x0 obj/errormessage.o
                                 0x10 (size before relaxing)
 .rodata._ZN12ErrorMessage14PrintAllErrorsEv.str1.4
                0x0800aeb4        0x0 obj/errormessage.o
                                  0xc (size before relaxing)
 .rodata.str1.4
                0x0800aeb4        0x0 obj/errormessage.o
                                 0x57 (size before relaxing)
 .rodata._ZL5types
                0x0800aeb4        0xc obj/errormessage.o
 .rodata._ZL16errorDescriptors
                0x0800aec0       0x18 obj/errormessage.o
 .rodata._ZTV8Stm32Can
                0x0800aed8       0x14 obj/stm32_can.o
                0x0800aed8                vtable for Stm32Can
 .rodata._ZL8canSpeed
                0x0800aeec       0x3c obj/stm32_can.o
 .rodata        0x0800af28        0x8 obj/stm32_can.o
 .rodata._ZTV11CanHardware
                0x0800af30       0x14 obj/canhardware.o
                0x0800af30                vtable for CanHardware
 .rodata._ZTV12NullCallback
                0x0800af44       0x10 obj/canhardware.o
                0x0800af44                vtable for NullCallback
 .rodata._ZTV6CanMap
                0x0800af54       0x10 obj/canmap.o
                0x0800af54                vtable for CanMap
 .rodata._ZN16TerminalCommands11PrintCanMapEN5Param9PARAM_NUMEmhafab.str1.4
                0x0800af64        0x0 obj/terminalcommands.o
                                 0x24 (size before relaxing)
 .rodata._ZN16TerminalCommands8ParamSetEP8TerminalPc.str1.4
                0x0800af64        0x0 obj/terminalcommands.o
                                 0x57 (size before relaxing)
 .rodata._ZN16TerminalCommands8ParamGetEP8TerminalPc.str1.4
                0x0800af64        0x0 obj/terminalcommands.o
                                 0x22 (size before relaxing)
 .rodata._ZN16TerminalCommands9ParamFlagEP8TerminalPc.str1.4
                0x0800af64        0x0 obj/terminalcommands.o
                                 0x39 (size before relaxing)
 .rodata._ZN16TerminalCommands15PrintParamsJsonEP8IPutCharPc.str1.4
                0x0800af64        0x0 obj/terminalcommands.o
                                0x13a (size before relaxing)
 .rodata._ZN16TerminalCommands6MapCanEP8TerminalPc.str1.4
                0x0800af64        0x0 obj/terminalcommands.o
                                0x116 (size before relaxing)
 .rodata._ZN16TerminalCommands14SaveParametersEP8TerminalPc.str1.4
                0x0800af64        0x0 obj/terminalcommands.o
                                 0x6f (size before relaxing)
 .rodata._ZN16TerminalCommands14LoadParametersEP8TerminalPc.str1.4
                0x0800af64        0x0 obj/terminalcommands.o
                                 0x2a (size before relaxing)
 .rodata._ZN16TerminalCommands11ParamStreamEP8TerminalPc.str1.4
                0x0800af64        0x0 obj/terminalcommands.o
                                 0x2f (size before relaxing)
 .rodata._ZL8utilTopN
                0x0800af64        0x9 obj/BatMan.o
 *fill*         0x0800af6d        0x3 
 .rodata._ZL10crc14table
                0x0800af70      0x200 obj/BatMan.o
 .rodata._ZTV6CanSdo
                0x0800b170       0x20 obj/cansdo.o
                0x0800b170                vtable for CanSdo
 .rodata.rcc_hse_configs
                0x0800b190       0x8c libopencm3/lib\libopencm3_stm32f1.a(rcc.o)
                0x0800b190                rcc_hse_configs
                0x0800b21c                        . = ALIGN (0x4)

.glue_7         0x0800b21c        0x0
 .glue_7        0x0800b21c        0x0 linker stubs

.glue_7t        0x0800b21c        0x0
 .glue_7t       0x0800b21c        0x0 linker stubs

.vfp11_veneer   0x0800b21c        0x0
 .vfp11_veneer  0x0800b21c        0x0 linker stubs

.v4_bx          0x0800b21c        0x0
 .v4_bx         0x0800b21c        0x0 linker stubs

.iplt           0x0800b21c        0x0
 .iplt          0x0800b21c        0x0 obj/main.o

.rel.dyn        0x0800b21c        0x0
 .rel.iplt      0x0800b21c        0x0 obj/main.o

.preinit_array  0x0800b21c        0x0
                0x0800b21c                        . = ALIGN (0x4)
                0x0800b21c                        __preinit_array_start = .
 *(.preinit_array)
                0x0800b21c                        __preinit_array_end = .

.init_array     0x0800b21c        0x8
                0x0800b21c                        . = ALIGN (0x4)
                0x0800b21c                        __init_array_start = .
 *(SORT_BY_NAME(.init_array.*))
 *(.init_array)
 .init_array    0x0800b21c        0x4 obj/sine_core.o
 .init_array    0x0800b220        0x4 obj/anain.o
                0x0800b224                        __init_array_end = .

.fini_array     0x0800b224        0x0
                0x0800b224                        . = ALIGN (0x4)
                0x0800b224                        __fini_array_start = .
 *(.fini_array)
 *(SORT_BY_NAME(.fini_array.*))
                0x0800b224                        __fini_array_end = .

.ARM.extab
 *(.ARM.extab*)

.ARM.exidx      0x0800b224        0x0
                0x0800b224                        __exidx_start = .
 *(.ARM.exidx*)
                0x0800b224                        __exidx_end = .
                0x0800b224                        . = ALIGN (0x4)
                0x0800b224                        _etext = .

.noinit
 *(.noinit*)
                0x0800b224                        . = ALIGN (0x4)

.data           0x20000000      0x680 load address 0x0800b224
                0x20000000                        _data = .
 *(.data*)
 .data.uauxGain
                0x20000000        0x4 obj/main.o
                0x20000000                uauxGain
 .data._ZN5ParamL6valuesE
                0x20000004      0x400 obj/params.o
 .data.firstframe
                0x20000404        0x1 obj/isa_shunt.o
                0x20000404                firstframe
 *fill*         0x20000405        0x3 
 .data.errorBuffer
                0x20000408       0x20 obj/errormessage.o
                0x20000408                errorBuffer
 .data._ZL12nullCallback
                0x20000428        0x4 obj/canhardware.o
 .data._ZN16TerminalCommands11saveEnabledE
                0x2000042c        0x1 obj/terminalcommands.o
                0x2000042c                TerminalCommands::saveEnabled
 *fill*         0x2000042d        0x1 
 .data.SendDelay
                0x2000042e        0x2 obj/BatMan.o
                0x2000042e                SendDelay
 .data.TempMin  0x20000430        0x4 obj/BatMan.o
                0x20000430                TempMin
 .data.CellVMin
                0x20000434        0x4 obj/BatMan.o
                0x20000434                CellVMin
 .data.BmbTimeout
                0x20000438        0x1 obj/BatMan.o
                0x20000438                BmbTimeout
 *fill*         0x20000439        0x3 
 .data.crcTable2f
                0x2000043c      0x200 obj/BatMan.o
                0x2000043c                crcTable2f
 .data.reqTemp  0x2000063c        0x2 obj/BatMan.o
                0x2000063c                reqTemp
 *fill*         0x2000063e        0x2 
 .data.Snap     0x20000640        0x4 obj/BatMan.o
                0x20000640                Snap
 .data.Unmute   0x20000644        0x4 obj/BatMan.o
                0x20000644                Unmute
 .data.Mute     0x20000648        0x4 obj/BatMan.o
                0x20000648                Mute
 .data.WakeUp   0x2000064c        0x4 obj/BatMan.o
                0x2000064c                WakeUp
 .data.BalHys   0x20000650        0x4 obj/BatMan.o
                0x20000650                BalHys
 .data.NoCurLim
                0x20000654        0x4 obj/BMSUtil.o
                0x20000654                NoCurLim
 .data.NoCurRun
                0x20000658        0x4 obj/BMSUtil.o
                0x20000658                NoCurRun
 .data.voltageToSoc
                0x2000065c       0x16 obj/BMSUtil.o
                0x2000065c                voltageToSoc
 *fill*         0x20000672        0x2 
 .data.rcc_ahb_frequency
                0x20000674        0x4 libopencm3/lib\libopencm3_stm32f1.a(rcc.o)
                0x20000674                rcc_ahb_frequency
 .data.rcc_apb2_frequency
                0x20000678        0x4 libopencm3/lib\libopencm3_stm32f1.a(rcc.o)
                0x20000678                rcc_apb2_frequency
 .data.rcc_apb1_frequency
                0x2000067c        0x4 libopencm3/lib\libopencm3_stm32f1.a(rcc.o)
                0x2000067c                rcc_apb1_frequency
 *(.ramtext*)
                0x20000680                        . = ALIGN (0x4)
                0x20000680                        _edata = .
                0x0800b224                        _data_loadaddr = LOADADDR (.data)

.igot.plt       0x20000680        0x0 load address 0x0800b8a4
 .igot.plt      0x20000680        0x0 obj/main.o

.bss            0x20000680      0x404 load address 0x0800b8a4
 *(.bss*)
 .bss.Gcount    0x20000680        0x1 obj/main.o
                0x20000680                Gcount
 *fill*         0x20000681        0x3 
 .bss._ZL6canSdo
                0x20000684        0x4 obj/main.o
 .bss._ZL6canMap
                0x20000688        0x4 obj/main.o
 .bss._ZL3can   0x2000068c        0x4 obj/main.o
 .bss._ZL9scheduler
                0x20000690        0x4 obj/main.o
 .bss._ZL8counter2
                0x20000694        0x4 obj/hwinit.o
 .bss._ZL8counter1
                0x20000698        0x4 obj/hwinit.o
 .bss.Tim3_4_OC
                0x2000069c        0x4 obj/hwinit.o
                0x2000069c                Tim3_4_OC
 .bss.Tim3_3_OC
                0x200006a0        0x4 obj/hwinit.o
                0x200006a0                Tim3_3_OC
 .bss.Tim3_Period
                0x200006a4        0x2 obj/hwinit.o
                0x200006a4                Tim3_Period
 .bss.Tim3_Presc
                0x200006a6        0x2 obj/hwinit.o
                0x200006a6                Tim3_Presc
 .bss._ZN5ParamL5flagsE
                0x200006a8      0x100 obj/params.o
 .bss._ZN8Terminal15defaultTerminalE
                0x200007a8        0x4 obj/terminal.o
                0x200007a8                Terminal::defaultTerminal
 .bss._ZN5DigIo4DIN2E
                0x200007ac        0x8 obj/digio.o
                0x200007ac                DigIo::DIN2
 .bss._ZN5DigIo4DIN1E
                0x200007b4        0x8 obj/digio.o
                0x200007b4                DigIo::DIN1
 .bss._ZN5DigIo3CHGE
                0x200007bc        0x8 obj/digio.o
                0x200007bc                DigIo::CHG
 .bss._ZN5DigIo3IGNE
                0x200007c4        0x8 obj/digio.o
                0x200007c4                DigIo::IGN
 .bss._ZN5DigIo7TIM3CH4E
                0x200007cc        0x8 obj/digio.o
                0x200007cc                DigIo::TIM3CH4
 .bss._ZN5DigIo7TIM3CH3E
                0x200007d4        0x8 obj/digio.o
                0x200007d4                DigIo::TIM3CH3
 .bss._ZN5DigIo4LOW2E
                0x200007dc        0x8 obj/digio.o
                0x200007dc                DigIo::LOW2
 .bss._ZN5DigIo4LOW1E
                0x200007e4        0x8 obj/digio.o
                0x200007e4                DigIo::LOW1
 .bss._ZN5DigIo3FANE
                0x200007ec        0x8 obj/digio.o
                0x200007ec                DigIo::FAN
 .bss._ZN5DigIo4PUMPE
                0x200007f4        0x8 obj/digio.o
                0x200007f4                DigIo::PUMP
 .bss._ZN5DigIo3POSE
                0x200007fc        0x8 obj/digio.o
                0x200007fc                DigIo::POS
 .bss._ZN5DigIo3NEGE
                0x20000804        0x8 obj/digio.o
                0x20000804                DigIo::NEG
 .bss._ZN5DigIo7BMAN_CSE
                0x2000080c        0x8 obj/digio.o
                0x2000080c                DigIo::BMAN_CS
 .bss._ZN5DigIo7BMAN_ENE
                0x20000814        0x8 obj/digio.o
                0x20000814                DigIo::BMAN_EN
 .bss._ZN5DigIo7LED_ACTE
                0x2000081c        0x8 obj/digio.o
                0x2000081c                DigIo::LED_ACT
 .bss._ZN8SineCore11ZERO_OFFSETE
                0x20000824        0x2 obj/sine_core.o
                0x20000824                SineCore::ZERO_OFFSET
 *fill*         0x20000826        0x2 
 .bss._ZN5AnaIn3AinE
                0x20000828        0x4 obj/anain.o
                0x20000828                AnaIn::Ain
 .bss._ZN5AnaIn6VsenseE
                0x2000082c        0x4 obj/anain.o
                0x2000082c                AnaIn::Vsense
 .bss._ZN5AnaIn6valuesE
                0x20000830       0x30 obj/anain.o
                0x20000830                AnaIn::values
 .bss._ZN5AnaIn13channel_arrayE
                0x20000860        0x2 obj/anain.o
                0x20000860                AnaIn::channel_array
 *fill*         0x20000862        0x2 
 .bss._ZN4SBOX8Voltage2E
                0x20000864        0x4 obj/bmw_sbox.o
                0x20000864                SBOX::Voltage2
 .bss._ZN4SBOX7VoltageE
                0x20000868        0x4 obj/bmw_sbox.o
                0x20000868                SBOX::Voltage
 .bss._ZN4SBOX7AmperesE
                0x2000086c        0x4 obj/bmw_sbox.o
                0x2000086c                SBOX::Amperes
 .bss._ZN3ISA11TemperatureE
                0x20000870        0x4 obj/isa_shunt.o
                0x20000870                ISA::Temperature
 .bss._ZN12ErrorMessage8timeTickE
                0x20000874        0x4 obj/errormessage.o
                0x20000874                ErrorMessage::timeTick
 .bss._ZN8Stm32Can10interfacesE
                0x20000878        0x8 obj/stm32_can.o
                0x20000878                Stm32Can::interfaces
 .bss._ZN6CanMap8isSavingE
                0x20000880        0x1 obj/canmap.o
                0x20000880                CanMap::isSaving
 *fill*         0x20000881        0x3 
 .bss._ZN16TerminalCommands6canMapE
                0x20000884        0x4 obj/terminalcommands.o
                0x20000884                TerminalCommands::canMap
 .bss._ZL7curTerm
                0x20000888        0x4 obj/terminalcommands.o
 .bss.Cell2start
                0x2000088c        0x4 obj/BatMan.o
                0x2000088c                Cell2start
 .bss.Cell1start
                0x20000890        0x4 obj/BatMan.o
                0x20000890                Cell1start
 .bss.BalEven   0x20000894        0x1 obj/BatMan.o
                0x20000894                BalEven
 *fill*         0x20000895        0x3 
 .bss.TempMax   0x20000898        0x4 obj/BatMan.o
                0x20000898                TempMax
 .bss.CellVMax  0x2000089c        0x4 obj/BatMan.o
                0x2000089c                CellVMax
 .bss.ChipNum   0x200008a0        0x1 obj/BatMan.o
                0x200008a0                ChipNum
 *fill*         0x200008a1        0x1 
 .bss.IdleCnt   0x200008a2        0x2 obj/BatMan.o
                0x200008a2                IdleCnt
 .bss.LoopRanCnt
                0x200008a4        0x2 obj/BatMan.o
                0x200008a4                LoopRanCnt
 .bss.LoopState
                0x200008a6        0x2 obj/BatMan.o
                0x200008a6                LoopState
 .bss.BalanceFlag
                0x200008a8        0x1 obj/BatMan.o
                0x200008a8                BalanceFlag
 *fill*         0x200008a9        0x3 
 .bss.Cfg       0x200008ac       0x20 obj/BatMan.o
                0x200008ac                Cfg
 .bss.ChipV     0x200008cc       0x10 obj/BatMan.o
                0x200008cc                ChipV
 .bss.Volts5v   0x200008dc       0x10 obj/BatMan.o
                0x200008dc                Volts5v
 .bss.Temp2     0x200008ec       0x10 obj/BatMan.o
                0x200008ec                Temp2
 .bss.Temp1     0x200008fc       0x10 obj/BatMan.o
                0x200008fc                Temp1
 .bss.Temps     0x2000090c       0x10 obj/BatMan.o
                0x2000090c                Temps
 .bss.CellBalCmd
                0x2000091c       0x10 obj/BatMan.o
                0x2000091c                CellBalCmd
 .bss.Voltage   0x2000092c       0xf0 obj/BatMan.o
                0x2000092c                Voltage
 .bss.count3    0x20000a1c        0x1 obj/BatMan.o
                0x20000a1c                count3
 .bss.count2    0x20000a1d        0x1 obj/BatMan.o
                0x20000a1d                count2
 .bss.count1    0x20000a1e        0x1 obj/BatMan.o
                0x20000a1e                count1
 *fill*         0x20000a1f        0x1 
 .bss.Fluffer   0x20000a20       0x48 obj/BatMan.o
                0x20000a20                Fluffer
 .bss.tempval2  0x20000a68        0x4 obj/BatMan.o
                0x20000a68                tempval2
 .bss.tempval1  0x20000a6c        0x4 obj/BatMan.o
                0x20000a6c                tempval1
 .bss.receive2  0x20000a70        0x2 obj/BatMan.o
                0x20000a70                receive2
 .bss.receive1  0x20000a72        0x2 obj/BatMan.o
                0x20000a72                receive1
 .bss.padding   0x20000a74        0x2 obj/BatMan.o
                0x20000a74                padding
 *fill*         0x20000a76        0x2 
 .bss.asDiff    0x20000a78        0x4 obj/BMSUtil.o
                0x20000a78                asDiff
 .bss.NoCurCounter
                0x20000a7c        0x4 obj/BMSUtil.o
                0x20000a7c                NoCurCounter
 .bss.TempSOC   0x20000a80        0x2 obj/BMSUtil.o
                0x20000a80                TempSOC
 *(COMMON)
                0x20000a84                        . = ALIGN (0x4)
 *fill*         0x20000a82        0x2 
                0x20000a84                        _ebss = .

/DISCARD/
 *(.eh_frame)
                0x20000a84                        . = ALIGN (0x4)
                0x20000a84                        end = .
                0x20005000                        PROVIDE (_stack = (ORIGIN (ram) + LENGTH (ram)))
OUTPUT(RaVus-BMS elf32-littlearm)
LOAD linker stubs

.debug_info     0x00000000    0x1f35d
 .debug_info    0x00000000     0x2a91 obj/main.o
 .debug_info    0x00002a91     0x1da2 obj/hwinit.o
 .debug_info    0x00004833      0x641 obj/stm32scheduler.o
 .debug_info    0x00004e74      0xe5f obj/params.o
 .debug_info    0x00005cd3     0x1764 obj/terminal.o
 .debug_info    0x00007437      0xbf0 obj/terminal_prj.o
 .debug_info    0x00008027      0x463 obj/digio.o
 .debug_info    0x0000848a      0x752 obj/sine_core.o
 .debug_info    0x00008bdc      0xb4a obj/printf.o
 .debug_info    0x00009726      0x948 obj/anain.o
 .debug_info    0x0000a06e      0x5c3 obj/bmw_sbox.o
 .debug_info    0x0000a631      0xab6 obj/isa_shunt.o
 .debug_info    0x0000b0e7      0xcab obj/param_save.o
 .debug_info    0x0000bd92      0x51d obj/errormessage.o
 .debug_info    0x0000c2af     0x14ff obj/stm32_can.o
 .debug_info    0x0000d7ae      0x7dd obj/canhardware.o
 .debug_info    0x0000df8b     0x2a69 obj/canmap.o
 .debug_info    0x000109f4     0x202a obj/terminalcommands.o
 .debug_info    0x00012a1e     0x246e obj/BatMan.o
 .debug_info    0x00014e8c     0x1c62 obj/cansdo.o
 .debug_info    0x00016aee      0x9f3 obj/BMSUtil.o
 .debug_info    0x000174e1      0x397 libopencm3/lib\libopencm3_stm32f1.a(adc.o)
 .debug_info    0x00017878      0x888 libopencm3/lib\libopencm3_stm32f1.a(adc_common_v1.o)
 .debug_info    0x00018100      0xbaf libopencm3/lib\libopencm3_stm32f1.a(can.o)
 .debug_info    0x00018caf      0x119 libopencm3/lib\libopencm3_stm32f1.a(crc_common_all.o)
 .debug_info    0x00018dc8       0xe8 libopencm3/lib\libopencm3_stm32f1.a(desig_common_v1.o)
 .debug_info    0x00018eb0      0x781 libopencm3/lib\libopencm3_stm32f1.a(dma_common_l1f013.o)
 .debug_info    0x00019631      0x35e libopencm3/lib\libopencm3_stm32f1.a(flash.o)
 .debug_info    0x0001998f       0xf1 libopencm3/lib\libopencm3_stm32f1.a(flash_common_all.o)
 .debug_info    0x00019a80       0xb9 libopencm3/lib\libopencm3_stm32f1.a(flash_common_f.o)
 .debug_info    0x00019b39      0x20d libopencm3/lib\libopencm3_stm32f1.a(flash_common_f01.o)
 .debug_info    0x00019d46      0x1f8 libopencm3/lib\libopencm3_stm32f1.a(gpio.o)
 .debug_info    0x00019f3e      0x256 libopencm3/lib\libopencm3_stm32f1.a(gpio_common_all.o)
 .debug_info    0x0001a194      0x177 libopencm3/lib\libopencm3_stm32f1.a(iwdg_common_all.o)
 .debug_info    0x0001a30b     0x14d0 libopencm3/lib\libopencm3_stm32f1.a(rcc.o)
 .debug_info    0x0001b7db      0x60d libopencm3/lib\libopencm3_stm32f1.a(rcc_common_all.o)
 .debug_info    0x0001bde8      0x6e9 libopencm3/lib\libopencm3_stm32f1.a(rtc.o)
 .debug_info    0x0001c4d1      0x96c libopencm3/lib\libopencm3_stm32f1.a(spi_common_all.o)
 .debug_info    0x0001ce3d      0x155 libopencm3/lib\libopencm3_stm32f1.a(spi_common_v1.o)
 .debug_info    0x0001cf92      0xff0 libopencm3/lib\libopencm3_stm32f1.a(timer_common_all.o)
 .debug_info    0x0001df82      0x582 libopencm3/lib\libopencm3_stm32f1.a(usart_common_all.o)
 .debug_info    0x0001e504      0x192 libopencm3/lib\libopencm3_stm32f1.a(usart_common_f124.o)
 .debug_info    0x0001e696      0x2c4 libopencm3/lib\libopencm3_stm32f1.a(vector.o)
 .debug_info    0x0001e95a       0xdb libopencm3/lib\libopencm3_stm32f1.a(scb.o)
 .debug_info    0x0001ea35      0x239 libopencm3/lib\libopencm3_stm32f1.a(nvic.o)
 .debug_info    0x0001ec6e      0x1a1 libopencm3/lib\libopencm3_stm32f1.a(pwr_common_v1.o)
 .debug_info    0x0001ee0f       0xd3 C:/msys64/mingw64/bin/../lib/gcc/arm-none-eabi/13.3.0/thumb/v7/nofp\libgcc.a(_arm_addsubdf3.o)
 .debug_info    0x0001eee2       0x57 C:/msys64/mingw64/bin/../lib/gcc/arm-none-eabi/13.3.0/thumb/v7/nofp\libgcc.a(_arm_muldivdf3.o)
 .debug_info    0x0001ef39       0x3c C:/msys64/mingw64/bin/../lib/gcc/arm-none-eabi/13.3.0/thumb/v7/nofp\libgcc.a(_arm_fixunsdfsi.o)
 .debug_info    0x0001ef75       0x3f C:/msys64/mingw64/bin/../lib/gcc/arm-none-eabi/13.3.0/thumb/v7/nofp\libgcc.a(_arm_truncdfsf2.o)
 .debug_info    0x0001efb4       0xca C:/msys64/mingw64/bin/../lib/gcc/arm-none-eabi/13.3.0/thumb/v7/nofp\libgcc.a(_arm_addsubsf3.o)
 .debug_info    0x0001f07e       0x57 C:/msys64/mingw64/bin/../lib/gcc/arm-none-eabi/13.3.0/thumb/v7/nofp\libgcc.a(_arm_muldivsf3.o)
 .debug_info    0x0001f0d5       0xdb C:/msys64/mingw64/bin/../lib/gcc/arm-none-eabi/13.3.0/thumb/v7/nofp\libgcc.a(_arm_cmpsf2.o)
 .debug_info    0x0001f1b0       0x3c C:/msys64/mingw64/bin/../lib/gcc/arm-none-eabi/13.3.0/thumb/v7/nofp\libgcc.a(_arm_fixsfsi.o)
 .debug_info    0x0001f1ec       0x3c C:/msys64/mingw64/bin/../lib/gcc/arm-none-eabi/13.3.0/thumb/v7/nofp\libgcc.a(_arm_fixunssfsi.o)
 .debug_info    0x0001f228      0x135 C:/msys64/mingw64/bin/../lib/gcc/arm-none-eabi/13.3.0/../../../../arm-none-eabi/lib/thumb/v7/nofp\libc.a(libc_a-memset.o)

.debug_abbrev   0x00000000     0x6bca
 .debug_abbrev  0x00000000      0x794 obj/main.o
 .debug_abbrev  0x00000794      0x380 obj/hwinit.o
 .debug_abbrev  0x00000b14      0x27a obj/stm32scheduler.o
 .debug_abbrev  0x00000d8e      0x26e obj/params.o
 .debug_abbrev  0x00000ffc      0x4da obj/terminal.o
 .debug_abbrev  0x000014d6      0x269 obj/terminal_prj.o
 .debug_abbrev  0x0000173f      0x1fe obj/digio.o
 .debug_abbrev  0x0000193d      0x274 obj/sine_core.o
 .debug_abbrev  0x00001bb1      0x384 obj/printf.o
 .debug_abbrev  0x00001f35      0x345 obj/anain.o
 .debug_abbrev  0x0000227a      0x261 obj/bmw_sbox.o
 .debug_abbrev  0x000024db      0x2af obj/isa_shunt.o
 .debug_abbrev  0x0000278a      0x266 obj/param_save.o
 .debug_abbrev  0x000029f0      0x291 obj/errormessage.o
 .debug_abbrev  0x00002c81      0x49a obj/stm32_can.o
 .debug_abbrev  0x0000311b      0x342 obj/canhardware.o
 .debug_abbrev  0x0000345d      0x6a5 obj/canmap.o
 .debug_abbrev  0x00003b02      0x40b obj/terminalcommands.o
 .debug_abbrev  0x00003f0d      0x3e0 obj/BatMan.o
 .debug_abbrev  0x000042ed      0x5e5 obj/cansdo.o
 .debug_abbrev  0x000048d2      0x1bf obj/BMSUtil.o
 .debug_abbrev  0x00004a91      0x195 libopencm3/lib\libopencm3_stm32f1.a(adc.o)
 .debug_abbrev  0x00004c26      0x1ab libopencm3/lib\libopencm3_stm32f1.a(adc_common_v1.o)
 .debug_abbrev  0x00004dd1      0x2bd libopencm3/lib\libopencm3_stm32f1.a(can.o)
 .debug_abbrev  0x0000508e       0xb6 libopencm3/lib\libopencm3_stm32f1.a(crc_common_all.o)
 .debug_abbrev  0x00005144       0x8e libopencm3/lib\libopencm3_stm32f1.a(desig_common_v1.o)
 .debug_abbrev  0x000051d2      0x168 libopencm3/lib\libopencm3_stm32f1.a(dma_common_l1f013.o)
 .debug_abbrev  0x0000533a      0x1a2 libopencm3/lib\libopencm3_stm32f1.a(flash.o)
 .debug_abbrev  0x000054dc       0x96 libopencm3/lib\libopencm3_stm32f1.a(flash_common_all.o)
 .debug_abbrev  0x00005572       0x56 libopencm3/lib\libopencm3_stm32f1.a(flash_common_f.o)
 .debug_abbrev  0x000055c8       0xf5 libopencm3/lib\libopencm3_stm32f1.a(flash_common_f01.o)
 .debug_abbrev  0x000056bd       0xd2 libopencm3/lib\libopencm3_stm32f1.a(gpio.o)
 .debug_abbrev  0x0000578f      0x115 libopencm3/lib\libopencm3_stm32f1.a(gpio_common_all.o)
 .debug_abbrev  0x000058a4      0x10e libopencm3/lib\libopencm3_stm32f1.a(iwdg_common_all.o)
 .debug_abbrev  0x000059b2      0x2be libopencm3/lib\libopencm3_stm32f1.a(rcc.o)
 .debug_abbrev  0x00005c70      0x185 libopencm3/lib\libopencm3_stm32f1.a(rcc_common_all.o)
 .debug_abbrev  0x00005df5      0x20e libopencm3/lib\libopencm3_stm32f1.a(rtc.o)
 .debug_abbrev  0x00006003      0x1e7 libopencm3/lib\libopencm3_stm32f1.a(spi_common_all.o)
 .debug_abbrev  0x000061ea       0xd3 libopencm3/lib\libopencm3_stm32f1.a(spi_common_v1.o)
 .debug_abbrev  0x000062bd      0x1ae libopencm3/lib\libopencm3_stm32f1.a(timer_common_all.o)
 .debug_abbrev  0x0000646b      0x164 libopencm3/lib\libopencm3_stm32f1.a(usart_common_all.o)